Archive member included to satisfy reference by file (symbol)

.\CortexM0\ARM_GCC_541\Debug\CYBLE-224110-00 Clock firmware.a(CyFlash.o)
                              .\CortexM0\ARM_GCC_541\Debug\ota_mandatory.o (CySysFlashWriteRow)
.\CortexM0\ARM_GCC_541\Debug\CYBLE-224110-00 Clock firmware.a(CyLib.o)
                              .\CortexM0\ARM_GCC_541\Debug\cyfitter_cfg.o (CyIntEnable)
.\CortexM0\ARM_GCC_541\Debug\CYBLE-224110-00 Clock firmware.a(CyLFClk.o)
                              .\CortexM0\ARM_GCC_541\Debug\cyfitter_cfg.o (CySysClkWcoStart)
.\CortexM0\ARM_GCC_541\Debug\CYBLE-224110-00 Clock firmware.a(I2C.o)
                              .\CortexM0\ARM_GCC_541\Debug\main.o (I2C_Start)
.\CortexM0\ARM_GCC_541\Debug\CYBLE-224110-00 Clock firmware.a(I2C_I2C.o)
                              .\CortexM0\ARM_GCC_541\Debug\CYBLE-224110-00 Clock firmware.a(I2C.o) (I2C_I2CInit)
.\CortexM0\ARM_GCC_541\Debug\CYBLE-224110-00 Clock firmware.a(I2C_I2C_MASTER.o)
                              .\CortexM0\ARM_GCC_541\Debug\main.o (I2C_I2CMasterSendStart)
.\CortexM0\ARM_GCC_541\Debug\CYBLE-224110-00 Clock firmware.a(BLE.o)
                              .\CortexM0\ARM_GCC_541\Debug\main.o (CyBle_Start)
.\CortexM0\ARM_GCC_541\Debug\CYBLE-224110-00 Clock firmware.a(BLE_gatt.o)
                              .\CortexM0\ARM_GCC_541\Debug\CYBLE-224110-00 Clock firmware.a(BLE.o) (cyBle_state)
.\CortexM0\ARM_GCC_541\Debug\CYBLE-224110-00 Clock firmware.a(BLE_eventHandler.o)
                              .\CortexM0\ARM_GCC_541\Debug\main.o (cyBle_connHandle)
.\CortexM0\ARM_GCC_541\Debug\CYBLE-224110-00 Clock firmware.a(BLE_custom.o)
                              .\CortexM0\ARM_GCC_541\Debug\CYBLE-224110-00 Clock firmware.a(BLE.o) (CyBle_CustomInit)
.\CortexM0\ARM_GCC_541\Debug\CYBLE-224110-00 Clock firmware.a(ADC.o)
                              .\CortexM0\ARM_GCC_541\Debug\main.o (ADC_Start)
.\CortexM0\ARM_GCC_541\Debug\CYBLE-224110-00 Clock firmware.a(ADC_INT.o)
                              .\CortexM0\ARM_GCC_541\Debug\CYBLE-224110-00 Clock firmware.a(ADC.o) (ADC_ISR)
.\CortexM0\ARM_GCC_541\Debug\CYBLE-224110-00 Clock firmware.a(pirPin.o)
                              .\CortexM0\ARM_GCC_541\Debug\main.o (pirPin_Read)
.\CortexM0\ARM_GCC_541\Debug\CYBLE-224110-00 Clock firmware.a(sqwPin.o)
                              .\CortexM0\ARM_GCC_541\Debug\main.o (sqwPin_ClearInterrupt)
.\CortexM0\ARM_GCC_541\Debug\CYBLE-224110-00 Clock firmware.a(sqwPin_isr.o)
                              .\CortexM0\ARM_GCC_541\Debug\main.o (sqwPin_isr_StartEx)
.\CortexM0\ARM_GCC_541\Debug\CYBLE-224110-00 Clock firmware.a(ledStrip.o)
                              .\CortexM0\ARM_GCC_541\Debug\main.o (ledStrip_Trigger)
.\CortexM0\ARM_GCC_541\Debug\CYBLE-224110-00 Clock firmware.a(ledStrip_fonts.o)
                              .\CortexM0\ARM_GCC_541\Debug\CYBLE-224110-00 Clock firmware.a(ledStrip.o) (ledStrip_SetFont)
.\CortexM0\ARM_GCC_541\Debug\CYBLE-224110-00 Clock firmware.a(I2C_sda.o)
                              .\CortexM0\ARM_GCC_541\Debug\main.o (I2C_sda_SetDriveMode)
.\CortexM0\ARM_GCC_541\Debug\CYBLE-224110-00 Clock firmware.a(I2C_scl.o)
                              .\CortexM0\ARM_GCC_541\Debug\main.o (I2C_scl_SetDriveMode)
.\CortexM0\ARM_GCC_541\Debug\CYBLE-224110-00 Clock firmware.a(ledStrip_cisr.o)
                              .\CortexM0\ARM_GCC_541\Debug\CYBLE-224110-00 Clock firmware.a(ledStrip.o) (ledStrip_cisr_StartEx)
.\CortexM0\ARM_GCC_541\Debug\CYBLE-224110-00 Clock firmware.a(ledStrip_fisr.o)
                              .\CortexM0\ARM_GCC_541\Debug\CYBLE-224110-00 Clock firmware.a(ledStrip.o) (ledStrip_fisr_StartEx)
.\CortexM0\ARM_GCC_541\Debug\CYBLE-224110-00 Clock firmware.a(CPS.o)
                              .\CortexM0\ARM_GCC_541\Debug\main.o (CPS_Write)
.\CortexM0\ARM_GCC_541\Debug\CYBLE-224110-00 Clock firmware.a(CSD.o)
                              .\CortexM0\ARM_GCC_541\Debug\main.o (CSD_Write)
.\CortexM0\ARM_GCC_541\Debug\CYBLE-224110-00 Clock firmware.a(Bootloadable.o)
                              .\CortexM0\ARM_GCC_541\Debug\main.o (Bootloadable_Load)
.\CortexM0\ARM_GCC_541\Debug\CYBLE-224110-00 Clock firmware.a(CyBootAsmGnu.o)
                              .\CortexM0\ARM_GCC_541\Debug\cyfitter_cfg.o (CyDelayCycles)
.\CortexM0\ARM_GCC_541\Debug\CYBLE-224110-00 Clock firmware.a(I2C_I2C_INT.o)
                              .\CortexM0\ARM_GCC_541\Debug\CYBLE-224110-00 Clock firmware.a(I2C_I2C.o) (I2C_I2C_ISR)
d:/apps/cypress psoc creator/psoc creator/4.1/psoc creator/import/gnu/arm/5.4.1/bin/../lib/gcc/arm-none-eabi/5.4.1/armv6-m\libgcc.a(_udivsi3.o)
                              .\CortexM0\ARM_GCC_541\Debug\main.o (__aeabi_uidiv)
d:/apps/cypress psoc creator/psoc creator/4.1/psoc creator/import/gnu/arm/5.4.1/bin/../lib/gcc/arm-none-eabi/5.4.1/armv6-m\libgcc.a(_divsi3.o)
                              .\CortexM0\ARM_GCC_541\Debug\CYBLE-224110-00 Clock firmware.a(CyLFClk.o) (__aeabi_idiv)
[...]
Memory Configuration

Name             Origin             Length             Attributes
rom              0x00000000         0x00040000         xr
ram              0x20000000         0x00008000         xrw
*default*        0x00000000         0xffffffff

Linker script and memory map

LOAD d:/apps/cypress psoc creator/psoc creator/4.1/psoc creator/import/gnu/arm/5.4.1/bin/../lib/gcc/arm-none-eabi/5.4.1/armv6-m/crti.o
LOAD d:/apps/cypress psoc creator/psoc creator/4.1/psoc creator/import/gnu/arm/5.4.1/bin/../lib/gcc/arm-none-eabi/5.4.1/armv6-m/crtbegin.o
LOAD d:/apps/cypress psoc creator/psoc creator/4.1/psoc creator/import/gnu/arm/5.4.1/bin/../lib/gcc/arm-none-eabi/5.4.1/../../../../arm-none-eabi/lib/armv6-m/crt0.o
START GROUP
LOAD .\CortexM0\ARM_GCC_541\Debug\main.o
LOAD .\CortexM0\ARM_GCC_541\Debug\ota_mandatory.o
LOAD .\CortexM0\ARM_GCC_541\Debug\debug.o
LOAD .\CortexM0\ARM_GCC_541\Debug\cyfitter_cfg.o
LOAD .\CortexM0\ARM_GCC_541\Debug\cymetadata.o
LOAD .\CortexM0\ARM_GCC_541\Debug\Cm0Start.o
LOAD .\CortexM0\ARM_GCC_541\Debug\cybootloader.o
LOAD .\CortexM0\ARM_GCC_541\Debug\CYBLE-224110-00 Clock firmware.a
LOAD D:\Apps\Cypress PSoc Creator\PSoC Creator\4.1\PSoC Creator\psoc\content\cycomponentlibrary\CyComponentLibrary.cylib\CortexM0\ARM_GCC_541\Debug\CyComponentLibrary.a
END GROUP
START GROUP
LOAD d:/apps/cypress psoc creator/psoc creator/4.1/psoc creator/import/gnu/arm/5.4.1/bin/../lib/gcc/arm-none-eabi/5.4.1/armv6-m\libgcc.a
LOAD d:/apps/cypress psoc creator/psoc creator/4.1/psoc creator/import/gnu/arm/5.4.1/bin/../lib/gcc/arm-none-eabi/5.4.1/../../../../arm-none-eabi/lib/armv6-m\libg_nano.a
LOAD d:/apps/cypress psoc creator/psoc creator/4.1/psoc creator/import/gnu/arm/5.4.1/bin/../lib/gcc/arm-none-eabi/5.4.1/../../../../arm-none-eabi/lib/armv6-m\libc_nano.a
END GROUP
START GROUP
LOAD d:/apps/cypress psoc creator/psoc creator/4.1/psoc creator/import/gnu/arm/5.4.1/bin/../lib/gcc/arm-none-eabi/5.4.1/armv6-m\libgcc.a
LOAD d:/apps/cypress psoc creator/psoc creator/4.1/psoc creator/import/gnu/arm/5.4.1/bin/../lib/gcc/arm-none-eabi/5.4.1/../../../../arm-none-eabi/lib/armv6-m\libc_nano.a
END GROUP
LOAD d:/apps/cypress psoc creator/psoc creator/4.1/psoc creator/import/gnu/arm/5.4.1/bin/../lib/gcc/arm-none-eabi/5.4.1/armv6-m/crtend.o
LOAD d:/apps/cypress psoc creator/psoc creator/4.1/psoc creator/import/gnu/arm/5.4.1/bin/../lib/gcc/arm-none-eabi/5.4.1/armv6-m/crtn.o
START GROUP
LOAD d:/apps/cypress psoc creator/psoc creator/4.1/psoc creator/import/gnu/arm/5.4.1/bin/../lib/gcc/arm-none-eabi/5.4.1/armv6-m\libgcc.a
LOAD d:/apps/cypress psoc creator/psoc creator/4.1/psoc creator/import/gnu/arm/5.4.1/bin/../lib/gcc/arm-none-eabi/5.4.1/../../../../arm-none-eabi/lib/armv6-m\libc.a
LOAD d:/apps/cypress psoc creator/psoc creator/4.1/psoc creator/import/gnu/arm/5.4.1/bin/../lib/gcc/arm-none-eabi/5.4.1/../../../../arm-none-eabi/lib/armv6-m\libnosys.a
END GROUP
                [!provide]                PROVIDE (CyBle_AesCcmInit, 0x4d85)
                0x00014143                PROVIDE (CyBle_GapGetBondedDevicesList, 0x14143)
                [!provide]                PROVIDE (CyBle_GapGenerateOobData, 0x140c1)
                0x00014911                PROVIDE (CyBle_GapSetLeEventMask, 0x14911)
                [!provide]                PROVIDE (CyBle_SetRxGainMode, 0x4ff9)
                [!provide]                PROVIDE (CyBle_GapcStartDiscovery, 0x14eb1)
                [!provide]                PROVIDE (CyBle_StackGetFeatureConfig, 0x3ab9)
                [!provide]                PROVIDE (CyBle_GapSetSecurityKeys, 0x14aa7)
                [!provide]                PROVIDE (CyBle_GapSetAddressResolutionEnable, 0x1485d)
                [!provide]                PROVIDE (CyBle_GapGetDataLength, 0x14225)
                [!provide]                PROVIDE (CyBle_GattcDiscoverAllPrimaryServices, 0x15da5)
                0x00000001                PROVIDE (Bootloader___cy_region_num, 0x1)
                [!provide]                PROVIDE (CyBle_GapSetIdAddress, 0x148ad)
                [!provide]                PROVIDE (CyBle_GattsIndication, 0x16899)
                [!provide]                PROVIDE (CyBle_GattcStopCmd, 0x161b9)
                [!provide]                PROVIDE (CyBle_GapDisconnectWithReason, 0x13e9f)
                [!provide]                PROVIDE (CyBle_GattcWriteWithoutResponse, 0x16285)
                [!provide]                PROVIDE (CyBle_L2capCbfcSendFlowControlCredit, 0x116a5)
                [!provide]                PROVIDE (CyBle_GattcFindIncludedServices, 0x15ecd)
                [!provide]                PROVIDE (CyBle_L2capLeConnectionParamUpdateResponse, 0x11a91)
                [!provide]                PROVIDE (CyBle_L2capDisconnectReq, 0x11877)
                [!provide]                PROVIDE (CyBle_L2capChannelDataWrite, 0x116d1)
                [!provide]                PROVIDE (CyBle_StartTimer, 0x10555)
                [!provide]                PROVIDE (CyBle_GapcInitConnection, 0x14d39)
                0x00003af1                PROVIDE (CyBle_StackInit, 0x3af1)
                [!provide]                PROVIDE (CyBle_GapRemoveDeviceFromResolvingList, 0x14747)
                [!provide]                PROVIDE (CyBle_GattcWriteLongCharacteristicValues, 0x16239)
                [!provide]                PROVIDE (CyBle_GetDeviceAddress, 0x39c1)
                [!provide]                PROVIDE (CyBle_GattsPrepWriteReqSupport, 0x168d1)
                [!provide]                PROVIDE (CyBle_GetRssi, 0x60cd)
                [!provide]                PROVIDE (CyBle_GattGetMtuSize, 0x15ba5)
                [!provide]                PROVIDE (CyBle_GattcWriteLongCharacteristicDescriptors, 0x161ed)
                0x00003c45                PROVIDE (CyBle_StackSetFeatureConfig, 0x3c45)
                0x000148d5                PROVIDE (CyBle_GapSetIoCap, 0x148d5)
                [!provide]                PROVIDE (CyBle_GenerateRandomNumber, 0x6095)
                [!provide]                PROVIDE (CyBle_SetBleClockCfgParam, 0x4f0d)
                [!provide]                PROVIDE (CyBle_GapGenerateDeviceAddress, 0x13f5f)
                [!provide]                PROVIDE (CyBle_GapUpdateAdvData, 0x6009)
                [!provide]                PROVIDE (CyBle_GattcReadCharacteristicValue, 0x15f63)
                [!provide]                PROVIDE (CyBle_GattcReadByTypeReq, 0x15f09)
                [!provide]                PROVIDE (CyBle_GattDbCheckPermission, 0x1708d)
                [!provide]                PROVIDE (CyBle_GapcSetRemoteAddr, 0x14e6d)
                [!provide]                PROVIDE (CyBle_ReadAuthPayloadTimeout, 0x6169)
                [!provide]                PROVIDE (CyBle_IsStackIdle, 0x39e5)
                [!provide]                PROVIDE (CyBle_GattcWriteCharacteristicDescriptors, 0x161c5)
                [!provide]                PROVIDE (CyBle_GapSetPrivacyMode, 0x149df)
                [!provide]                PROVIDE (CyBle_GapGetBondedDevicesByRank, 0x1412f)
                [!provide]                PROVIDE (CyBle_GattcDiscoverPrimaryServiceByUuid, 0x15e3d)
                [!provide]                PROVIDE (CyBle_GapcResolveDevice, 0x14ded)
                [!provide]                PROVIDE (CyBle_GapConvertOctetToTime, 0x13e65)
                [!provide]                PROVIDE (CyBle_GattcReadCharacteristicDescriptors, 0x15f55)
                [!provide]                PROVIDE (Bootloader___libc_init_array, 0x3705)
                [!provide]                PROVIDE (CyBle_SetCeLengthParam, 0x6229)
                0x000142b5                PROVIDE (CyBle_GapGetPeerBdHandle, 0x142b5)
                [!provide]                PROVIDE (CyBle_GapSetOobData, 0x1498f)
                [!provide]                PROVIDE (CyBle_GapGenerateLocalP256Keys, 0x1409f)
                0x0001e8dc                PROVIDE (Bootloader___cy_regions, 0x1e8dc)
                0x0000633d                PROVIDE (CyBle_SetTxPowerLevel, 0x633d)
                [!provide]                PROVIDE (CyBle_SetAppEventMask, 0x6211)
                [!provide]                PROVIDE (CyBle_GetBleSsState, 0x60b1)
                [!provide]                PROVIDE (CyBle_WriteAuthPayloadTimeout, 0x63c5)
                0x000105e1                PROVIDE (CyBle_StoreStackData, 0x105e1)
                [!provide]                PROVIDE (CyBle_GetStackLibraryVersion, 0x39c9)
                [!provide]                PROVIDE (CyBle_GattsDisableAttribute, 0x17dd9)
                0x00014f2d                PROVIDE (CyBle_GappAuthReqReply, 0x14f2d)
                [!provide]                PROVIDE (CyBle_IsLLControlProcPending, 0x6145)
                [!provide]                PROVIDE (CyBle_GattsEnableAttribute, 0x17e45)
                [!provide]                PROVIDE (CyBle_GattcSignedWriteWithoutRsp, 0x1612d)
                [!provide]                PROVIDE (CyBle_SetSlaveLatencyMode, 0x62f1)
                0x00003a4d                PROVIDE (CyBle_Shutdown, 0x3a4d)
                [!provide]                PROVIDE (CyBle_GapGetPeerDevSecurityKeyInfo, 0x1432f)
                [!provide]                PROVIDE (CyBle_GattcDiscoverAllCharacteristicDescriptors, 0x15d41)
                0x00003a21                PROVIDE (CyBle_SetDeviceAddress, 0x3a21)
                [!provide]                PROVIDE (CyBle_SetSeedForRandomGenerator, 0x3a45)
                0x00014fb1                PROVIDE (CyBle_GappEnterDiscoveryMode, 0x14fb1)
                [!provide]                PROVIDE (CyBle_GapAddDeviceToWhiteList, 0x13c41)
                [!provide]                PROVIDE (CyBle_GapDisconnect, 0x13e95)
                [!provide]                PROVIDE (CyBle_GapClearResolvingList, 0x13e51)
                0x00017da9                PROVIDE (CyBle_GattsDbRegister, 0x17da9)
                [!provide]                PROVIDE (CyBle_GapSetSuggestedDataLength, 0x14aed)
                [!provide]                PROVIDE (CyBle_GapSetResolvablePvtAddressTimeOut, 0x14a17)
                [!provide]                PROVIDE (CyBle_SetTxGainMode, 0x5019)
                [!provide]                PROVIDE (CyBle_GetTxPowerLevel, 0x60f1)
                0x20001968                PROVIDE (Bootloader___bss_end__, 0x20001968)
                [!provide]                PROVIDE (CyBle_RegisterBlessInterruptCallback, 0x3a19)
                [!provide]                PROVIDE (CyBle_GapcStopDiscovery, 0x14f09)
                0x00016955                PROVIDE (CyBle_GattsWriteRsp, 0x16955)
                [!provide]                PROVIDE (CyBle_GetBleClockCfgParam, 0x4e71)
                0x0001681d                PROVIDE (CyBle_GattsErrorRsp, 0x1681d)
                [!provide]                PROVIDE (CyBle_GattcSendExecuteWriteReq, 0x160d9)
                [!provide]                PROVIDE (CyBle_GattsReadAttributeValue, 0x17ea1)
                0x00003991                PROVIDE (CyBle_EnableDefaultDevicePrivacy, 0x3991)
                [!provide]                PROVIDE (CyBle_StopTimer, 0x10589)
                [!provide]                PROVIDE (CyBle_EnableDleFeature, 0x3999)
                [!provide]                PROVIDE (CyBle_GapSetLocalP256Keys, 0x14927)
                0x00003a11                PROVIDE (CyBle_ProcessEvents, 0x3a11)
                0x00017f15                PROVIDE (CyBle_GattsWriteAttributeValue, 0x17f15)
                [!provide]                PROVIDE (CyBle_GapcConnectionParamUpdateRequest, 0x14ce5)
                [!provide]                PROVIDE (CyBle_GattcDiscoverPrimaryServices, 0x15e75)
                [!provide]                PROVIDE (CyBle_L2capCbfcUnregisterPsm, 0x116bb)
                [!provide]                PROVIDE (CyBle_GapGenerateAndSetIrk, 0x13f23)
                [!provide]                PROVIDE (CyBle_EnablePrivacyFeature, 0x39a5)
                0x000105ad                PROVIDE (CyBle_StoreAppData, 0x105ad)
                [!provide]                PROVIDE (CyBle_GattcReadLongCharacteristicDescriptors, 0x15f71)
                [!provide]                PROVIDE (CyBle_GapFixAuthPassKey, 0x13f11)
                [!provide]                PROVIDE (CyBle_GapGetDevSecurityKeyInfo, 0x14275)
                [!provide]                PROVIDE (CyBle_GapGetPeerBdAddr, 0x14293)
                [!provide]                PROVIDE (CyBle_GapAddDeviceToResolvingList, 0x13bf9)
                [!provide]                PROVIDE (CyBle_GattsDbAuthorize, 0x17831)
                [!provide]                PROVIDE (CyBle_GapSetSecurityRequirements, 0x14ac9)
                [!provide]                PROVIDE (CyBle_GapcCancelConnection, 0x14cc9)
                [!provide]                PROVIDE (CyBle_GapRemoveOldestDeviceFromBondedList, 0x14801)
                [!provide]                PROVIDE (CyBle_EnterLPM, 0x39b1)
                0x000150ed                PROVIDE (CyBle_GappExitDiscoveryMode, 0x150ed)
                [!provide]                PROVIDE (CyBle_GenerateAesCmac, 0x15139)
                [!provide]                PROVIDE (CyBle_GapReadPeerResolvableAddress, 0x146b1)
                [!provide]                PROVIDE (CyBle_AesCcmDecrypt, 0x5f0f)
                0x0001477d                PROVIDE (CyBle_GapRemoveDeviceFromWhiteList, 0x1477d)
                [!provide]                PROVIDE (CyBle_GattcReadLongCharacteristicValues, 0x15f9d)
                [!provide]                PROVIDE (CyBle_GattcExchangeMtuReq, 0x15ead)
                [!provide]                PROVIDE (CyBle_L2capCbfcRegisterPsm, 0x11639)
                [!provide]                PROVIDE (CyBle_GapReadResolvingList, 0x146ed)
                [!provide]                PROVIDE (CyBle_GattsNotification, 0x168ad)
                [!provide]                PROVIDE (CyBle_GapReadLocalResolvableAddress, 0x14675)
                [!provide]                PROVIDE (CyBle_ExitLPM, 0x39b9)
                [!provide]                PROVIDE (CyBle_GattcReadMultipleCharacteristicValues, 0x15fc9)
                [!provide]                PROVIDE (CyBle_GapSetSecureConnectionsOnlyMode, 0x14a95)
                [!provide]                PROVIDE (CyBle_GapAuthReq, 0x13cc7)
                [!provide]                PROVIDE (CyBle_SoftReset, 0x3a81)
                [!provide]                PROVIDE (CyBle_GattcReadUsingCharacteristicUuid, 0x15fe5)
                [!provide]                PROVIDE (CyBle_GapSetDataLength, 0x14875)
                [!provide]                PROVIDE (CyBle_GattcDiscoverCharacteristicByUuid, 0x15dd5)
                [!provide]                PROVIDE (CyBle_GapGetChannelMap, 0x141d3)
                [!provide]                PROVIDE (CyBle_L2capCbfcConnectReq, 0x115f9)
                [!provide]                PROVIDE (CyBle_L2capLeConnectionParamUpdateRequest, 0x11a61)
                [!provide]                PROVIDE (CyBle_GattcWriteCharacteristicValue, 0x161d9)
                [!provide]                PROVIDE (CyBle_AesCcmEncrypt, 0x5f53)
                [!provide]                PROVIDE (CyBle_GapAuthPassKeyReply, 0x13c99)
                [!provide]                PROVIDE (CyBle_GappSetNumOfAdvPkts, 0x15115)
                [!provide]                PROVIDE (CyBle_GattcDiscoverAllCharacteristics, 0x15d6d)
                [!provide]                PROVIDE (CyBle_GapGenerateKeys, 0x1401b)
                [!provide]                PROVIDE (CyBle_GapSetRxDataLength, 0x14a2f)
                0x00016831                PROVIDE (CyBle_GattsExchangeMtuRsp, 0x16831)
                [!provide]                PROVIDE (CyBle_GapGetDevicesFromWhiteList, 0x1428b)
                [!provide]                PROVIDE (CyBle_GapAuthSendKeyPress, 0x13d47)
                [!provide]                PROVIDE (CyBle_AesEncrypt, 0x5f8d)
                [!provide]                PROVIDE (CyBle_L2capCbfcConnectRsp, 0x1161b)
                [!provide]                PROVIDE (CyBle_GapcSetHostChannelClassification, 0x14e4d)
                [!provide]                PROVIDE (CyBle_GapGetPeerDevSecurity, 0x1430b)
                [!provide]                PROVIDE (CyBle_GattcConfirmation, 0x15d31)
                [!provide]                PROVIDE (CyBle_GattcReliableWrites, 0x16025)
                0x00000000                CY_APPL_ORIGIN = 0x0
                0x00000100                CY_FLASH_ROW_SIZE = 0x100
                0x00000001                CY_APPL_NUM = 0x1
                0x00000001                CY_APPL_MAX = 0x1
                0x00000040                CY_METADATA_SIZE = 0x40
                0x00000001                CY_APPL_LOADABLE = 0x1
                0x00000300                CY_CHECKSUM_EXCLUDE_SIZE = ALIGN (0x2ad, CY_FLASH_ROW_SIZE)
                0x00000001                CY_APP_FOR_STACK_AND_COPIER = 0x1
                [!provide]                PROVIDE (__cy_heap_start, _end)
                0x00000001                PROVIDE (__cy_region_num, ((__cy_regions_end - __cy_regions) / 0x10))
                0x20008000                PROVIDE (__cy_stack, (ORIGIN (ram) + LENGTH (ram)))
                [!provide]                PROVIDE (__cy_heap_end, (__cy_stack - 0x800))

.cybootloader   0x00000000    0x1fd00
 *(.cybootloader)
 .cybootloader  0x00000000    0x1fd00 .\CortexM0\ARM_GCC_541\Debug\cybootloader.o
                0x00000000                cy_bootloader
                0x0001fd00                appl1_start = CY_APPL_ORIGIN?CY_APPL_ORIGIN:ALIGN (CY_FLASH_ROW_SIZE)
                0x0002fe00                appl2_start = (appl1_start + ALIGN ((((LENGTH (rom) - appl1_start) - (0x2 * CY_FLASH_ROW_SIZE)) / 0x2), CY_FLASH_ROW_SIZE))
                0x0001fd00                appl_start = (CY_APPL_NUM == 0x1)?appl1_start:appl2_start
                0x00000000                cy_project_type_bootloader = (appl_start == 0x0)?0x1:0x0
                0x00000001                cy_project_type_app_for_stack_and_copier = (CY_APP_FOR_STACK_AND_COPIER == 0x1)?0x1:0x0

.text           0x0001fd00     0x28ca
 CREATE_OBJECT_SYMBOLS
                0x0001fd00                PROVIDE (__cy_interrupt_vector, RomVectors)
 *(.romvectors)
 .romvectors    0x0001fd00       0x10 .\CortexM0\ARM_GCC_541\Debug\Cm0Start.o
                0x0001fd00                RomVectors
                0x00000001                ASSERT ((. != __cy_interrupt_vector), No interrupt vector)
                0x00000001                ASSERT (CY_APPL_ORIGIN?(SIZEOF (.cybootloader) <= CY_APPL_ORIGIN):0x1, Wrong image location)
                0x0001fd10                PROVIDE (__cy_reset, Reset)
 *(.text.Reset)
 .text.Reset    0x0001fd10       0x10 .\CortexM0\ARM_GCC_541\Debug\Cm0Start.o
                0x0001fd10                Reset
                0x00000001                ASSERT ((. != __cy_reset), No reset code)
 *(.psocinit)
 .psocinit      0x0001fd20      0x278 .\CortexM0\ARM_GCC_541\Debug\cyfitter_cfg.o
                0x0001fe38                cyfitter_cfg
                0x0001ff98                . = MAX (., 0x100)
 *(.text .text.* .gnu.linkonce.t.*)
 .text          0x0001ff98       0x60 d:/apps/cypress psoc creator/psoc creator/4.1/psoc creator/import/gnu/arm/5.4.1/bin/../lib/gcc/arm-none-eabi/5.4.1/armv6-m/crtbegin.o
 .text.sqwPin_isr_Handler
                0x0001fff8       0x14 .\CortexM0\ARM_GCC_541\Debug\main.o
                0x0001fff8                sqwPin_isr_Handler
 .text.updateCharacteristics
                0x0002000c       0x20 .\CortexM0\ARM_GCC_541\Debug\main.o
                0x0002000c                updateCharacteristics
 .text.setTime  0x0002002c       0x7c .\CortexM0\ARM_GCC_541\Debug\main.o
                0x0002002c                setTime
 .text.bleEventHandler
                0x000200a8       0xec .\CortexM0\ARM_GCC_541\Debug\main.o
                0x000200a8                bleEventHandler
 .text.readTime
                0x00020194       0x84 .\CortexM0\ARM_GCC_541\Debug\main.o
                0x00020194                readTime
 .text.initRTC  0x00020218       0x20 .\CortexM0\ARM_GCC_541\Debug\main.o
                0x00020218                initRTC
 .text.startTemp
                0x00020238       0x50 .\CortexM0\ARM_GCC_541\Debug\main.o
                0x00020238                startTemp
 .text.readTemp
                0x00020288       0x38 .\CortexM0\ARM_GCC_541\Debug\main.o
                0x00020288                readTemp
 .text.setDimLevel
                0x000202c0       0x64 .\CortexM0\ARM_GCC_541\Debug\main.o
                0x000202c0                setDimLevel
 .text.updateClockFull
                0x00020324       0xf4 .\CortexM0\ARM_GCC_541\Debug\main.o
                0x00020324                updateClockFull
 .text.updateClockEco
                0x00020418       0x88 .\CortexM0\ARM_GCC_541\Debug\main.o
                0x00020418                updateClockEco
 .text.updateClock
                0x000204a0       0x38 .\CortexM0\ARM_GCC_541\Debug\main.o
                0x000204a0                updateClock
 .text.initialization
                0x000204d8       0x68 .\CortexM0\ARM_GCC_541\Debug\main.o
                0x000204d8                initialization
 .text.main     0x00020540       0xd8 .\CortexM0\ARM_GCC_541\Debug\main.o
                0x00020540                main
 .text.Bootloader_Start_c
                0x00020618       0x40 .\CortexM0\ARM_GCC_541\Debug\ota_mandatory.o
                0x00020618                Bootloader_Start_c
 .text.InitializeBootloaderSRAM
                0x00020658        0x8 .\CortexM0\ARM_GCC_541\Debug\ota_mandatory.o
                0x00020658                InitializeBootloaderSRAM
 .text.Bootloadable_WriteFlashByte
                0x00020660       0x38 .\CortexM0\ARM_GCC_541\Debug\ota_mandatory.o
                0x00020660                Bootloadable_WriteFlashByte
 .text.Bootloadable_SetActiveApplication
                0x00020698       0x54 .\CortexM0\ARM_GCC_541\Debug\ota_mandatory.o
                0x00020698                Bootloadable_SetActiveApplication
 .text.Clear_ROM_Array
                0x000206ec       0x74 .\CortexM0\ARM_GCC_541\Debug\ota_mandatory.o
                0x000206ec                Clear_ROM_Array
 .text.AfterImageUpdate
                0x00020760       0x48 .\CortexM0\ARM_GCC_541\Debug\ota_mandatory.o
                0x00020760                AfterImageUpdate
 .text.cfg_write_bytes32
                0x000207a8       0x34 .\CortexM0\ARM_GCC_541\Debug\cyfitter_cfg.o
 .text.CYMEMZERO
                0x000207dc        0xc .\CortexM0\ARM_GCC_541\Debug\cyfitter_cfg.o
 .text.SetAnalogRoutingPumps
                0x000207e8       0x20 .\CortexM0\ARM_GCC_541\Debug\cyfitter_cfg.o
                0x000207e8                SetAnalogRoutingPumps
 .text.AnalogSetDefault
                0x00020808       0x3c .\CortexM0\ARM_GCC_541\Debug\cyfitter_cfg.o
 .text.IntDefaultHandler
                0x00020844       0x10 .\CortexM0\ARM_GCC_541\Debug\Cm0Start.o
                0x00020844                IntDefaultHandler
 .text.Start_c  0x00020854       0x48 .\CortexM0\ARM_GCC_541\Debug\Cm0Start.o
                0x00020854                Start_c
 .text.initialize_psoc
                0x0002089c       0x5c .\CortexM0\ARM_GCC_541\Debug\Cm0Start.o
                0x0002089c                initialize_psoc
 .text.CySysFlashClockBackup
                0x000208f8        0x4 .\CortexM0\ARM_GCC_541\Debug\CYBLE-224110-00 Clock firmware.a(CyFlash.o)
 .text.CySysFlashClockRestore
                0x000208fc        0x4 .\CortexM0\ARM_GCC_541\Debug\CYBLE-224110-00 Clock firmware.a(CyFlash.o)
 .text.CySysFlashWriteRow
                0x00020900      0x128 .\CortexM0\ARM_GCC_541\Debug\CYBLE-224110-00 Clock firmware.a(CyFlash.o)
                0x00020900                CySysFlashWriteRow
 .text.CySysClkEcoReadStatus
                0x00020a28       0x10 .\CortexM0\ARM_GCC_541\Debug\CYBLE-224110-00 Clock firmware.a(CyLib.o)
                0x00020a28                CySysClkEcoReadStatus
 .text.CyIntEnable
                0x00020a38       0x14 .\CortexM0\ARM_GCC_541\Debug\CYBLE-224110-00 Clock firmware.a(CyLib.o)
                0x00020a38                CyIntEnable
 .text.CyIntDisable
                0x00020a4c       0x14 .\CortexM0\ARM_GCC_541\Debug\CYBLE-224110-00 Clock firmware.a(CyLib.o)
                0x00020a4c                CyIntDisable
 .text.CyHalt   0x00020a60        0x4 .\CortexM0\ARM_GCC_541\Debug\CYBLE-224110-00 Clock firmware.a(CyLib.o)
                0x00020a60                CyHalt
 .text.CyIntSetVector
                0x00020a64       0x24 .\CortexM0\ARM_GCC_541\Debug\CYBLE-224110-00 Clock firmware.a(CyLib.o)
                0x00020a64                CyIntSetVector
 .text.CyIntSetPriority
                0x00020a88       0x4c .\CortexM0\ARM_GCC_541\Debug\CYBLE-224110-00 Clock firmware.a(CyLib.o)
                0x00020a88                CyIntSetPriority
 .text.CySoftwareReset
                0x00020ad4       0x18 .\CortexM0\ARM_GCC_541\Debug\CYBLE-224110-00 Clock firmware.a(CyLib.o)
                0x00020ad4                CySoftwareReset
 .text.CyDelayUs
                0x00020aec       0x14 .\CortexM0\ARM_GCC_541\Debug\CYBLE-224110-00 Clock firmware.a(CyLib.o)
                0x00020aec                CyDelayUs
 .text.CySysClkWriteImoFreq
                0x00020b00      0x164 .\CortexM0\ARM_GCC_541\Debug\CYBLE-224110-00 Clock firmware.a(CyLib.o)
                0x00020b00                CySysClkWriteImoFreq
 .text.CySysClkEcoStart
                0x00020c64       0x54 .\CortexM0\ARM_GCC_541\Debug\CYBLE-224110-00 Clock firmware.a(CyLib.o)
                0x00020c64                CySysClkEcoStart
 .text.CySysWdtLocked
                0x00020cb8       0x14 .\CortexM0\ARM_GCC_541\Debug\CYBLE-224110-00 Clock firmware.a(CyLFClk.o)
 .text.CySysClkWcoStart
                0x00020ccc       0x40 .\CortexM0\ARM_GCC_541\Debug\CYBLE-224110-00 Clock firmware.a(CyLFClk.o)
                0x00020ccc                CySysClkWcoStart
 .text.CySysClkWcoSetPowerMode
                0x00020d0c       0x80 .\CortexM0\ARM_GCC_541\Debug\CYBLE-224110-00 Clock firmware.a(CyLFClk.o)
                0x00020d0c                CySysClkWcoSetPowerMode
 .text.CySysWdtLock
                0x00020d8c       0x1c .\CortexM0\ARM_GCC_541\Debug\CYBLE-224110-00 Clock firmware.a(CyLFClk.o)
                0x00020d8c                CySysWdtLock
 .text.CySysWdtUnlock
                0x00020da8       0x30 .\CortexM0\ARM_GCC_541\Debug\CYBLE-224110-00 Clock firmware.a(CyLFClk.o)
                0x00020da8                CySysWdtUnlock
 .text.CySysWdtClearInterrupt
                0x00020dd8       0x4c .\CortexM0\ARM_GCC_541\Debug\CYBLE-224110-00 Clock firmware.a(CyLFClk.o)
                0x00020dd8                CySysWdtClearInterrupt
 .text.CySysWdtIsr
                0x00020e24       0xa4 .\CortexM0\ARM_GCC_541\Debug\CYBLE-224110-00 Clock firmware.a(CyLFClk.o)
                0x00020e24                CySysWdtIsr
 .text.I2C_ScbEnableIntr
                0x00020ec8        0xc .\CortexM0\ARM_GCC_541\Debug\CYBLE-224110-00 Clock firmware.a(I2C.o)
 .text.I2C_Init
                0x00020ed4        0x8 .\CortexM0\ARM_GCC_541\Debug\CYBLE-224110-00 Clock firmware.a(I2C.o)
                0x00020ed4                I2C_Init
 .text.I2C_Enable
                0x00020edc       0x18 .\CortexM0\ARM_GCC_541\Debug\CYBLE-224110-00 Clock firmware.a(I2C.o)
                0x00020edc                I2C_Enable
 .text.I2C_Start
                0x00020ef4       0x20 .\CortexM0\ARM_GCC_541\Debug\CYBLE-224110-00 Clock firmware.a(I2C.o)
                0x00020ef4                I2C_Start
 .text.I2C_I2CInit
                0x00020f14       0xbc .\CortexM0\ARM_GCC_541\Debug\CYBLE-224110-00 Clock firmware.a(I2C_I2C.o)
                0x00020f14                I2C_I2CInit
 .text.I2C_I2CMasterSendStart
                0x00020fd0       0xd8 .\CortexM0\ARM_GCC_541\Debug\CYBLE-224110-00 Clock firmware.a(I2C_I2C_MASTER.o)
                0x00020fd0                I2C_I2CMasterSendStart
 .text.I2C_I2CMasterSendStop
                0x000210a8       0x8c .\CortexM0\ARM_GCC_541\Debug\CYBLE-224110-00 Clock firmware.a(I2C_I2C_MASTER.o)
                0x000210a8                I2C_I2CMasterSendStop
 .text.I2C_I2CMasterWriteByte
                0x00021134       0x98 .\CortexM0\ARM_GCC_541\Debug\CYBLE-224110-00 Clock firmware.a(I2C_I2C_MASTER.o)
                0x00021134                I2C_I2CMasterWriteByte
 .text.I2C_I2CMasterReadByte
                0x000211cc       0x84 .\CortexM0\ARM_GCC_541\Debug\CYBLE-224110-00 Clock firmware.a(I2C_I2C_MASTER.o)
                0x000211cc                I2C_I2CMasterReadByte
 .text.I2C_I2CReStartGeneration
                0x00021250       0x20 .\CortexM0\ARM_GCC_541\Debug\CYBLE-224110-00 Clock firmware.a(I2C_I2C_MASTER.o)
                0x00021250                I2C_I2CReStartGeneration
 .text.I2C_I2CMasterSendRestart
                0x00021270       0xc4 .\CortexM0\ARM_GCC_541\Debug\CYBLE-224110-00 Clock firmware.a(I2C_I2C_MASTER.o)
                0x00021270                I2C_I2CMasterSendRestart
 .text.CyBle_ServiceInit
                0x00021334        0x8 .\CortexM0\ARM_GCC_541\Debug\CYBLE-224110-00 Clock firmware.a(BLE.o)
                0x00021334                CyBle_ServiceInit
 .text.CyBle_Init
                0x0002133c       0x34 .\CortexM0\ARM_GCC_541\Debug\CYBLE-224110-00 Clock firmware.a(BLE.o)
                0x0002133c                CyBle_Init
 .text.CyBle_Start
                0x00021370       0xb0 .\CortexM0\ARM_GCC_541\Debug\CYBLE-224110-00 Clock firmware.a(BLE.o)
                0x00021370                CyBle_Start
 .text.CyBle_GappStartAdvertisement
                0x00021420       0x88 .\CortexM0\ARM_GCC_541\Debug\CYBLE-224110-00 Clock firmware.a(BLE.o)
                0x00021420                CyBle_GappStartAdvertisement
 .text.CyBle_ChangeAdDeviceAddress
                0x000214a8        0x4 .\CortexM0\ARM_GCC_541\Debug\CYBLE-224110-00 Clock firmware.a(BLE.o)
                0x000214a8                CyBle_ChangeAdDeviceAddress
 .text.CyBle_Get16ByPtr
                0x000214ac        0xc .\CortexM0\ARM_GCC_541\Debug\CYBLE-224110-00 Clock firmware.a(BLE.o)
                0x000214ac                CyBle_Get16ByPtr
 .text.CyBle_GattsWriteEventHandler
                0x000214b8       0x58 .\CortexM0\ARM_GCC_541\Debug\CYBLE-224110-00 Clock firmware.a(BLE_gatt.o)
                0x000214b8                CyBle_GattsWriteEventHandler
 .text.CyBle_GattDisconnectEventHandler
                0x00021510       0x10 .\CortexM0\ARM_GCC_541\Debug\CYBLE-224110-00 Clock firmware.a(BLE_eventHandler.o)
 .text.CyBle_WriteReqHandler
                0x00021520       0x38 .\CortexM0\ARM_GCC_541\Debug\CYBLE-224110-00 Clock firmware.a(BLE_eventHandler.o)
 .text.CyBle_IsDeviceAddressValid
                0x00021558       0x24 .\CortexM0\ARM_GCC_541\Debug\CYBLE-224110-00 Clock firmware.a(BLE_eventHandler.o)
                0x00021558                CyBle_IsDeviceAddressValid
 .text.CyBle_EventHandler
                0x0002157c      0x2bc .\CortexM0\ARM_GCC_541\Debug\CYBLE-224110-00 Clock firmware.a(BLE_eventHandler.o)
                0x0002157c                CyBle_EventHandler
 .text.CyBle_CustomInit
                0x00021838        0x4 .\CortexM0\ARM_GCC_541\Debug\CYBLE-224110-00 Clock firmware.a(BLE_custom.o)
                0x00021838                CyBle_CustomInit
 .text.ADC_Init
                0x0002183c      0x108 .\CortexM0\ARM_GCC_541\Debug\CYBLE-224110-00 Clock firmware.a(ADC.o)
                0x0002183c                ADC_Init
 .text.ADC_Enable
                0x00021944       0x30 .\CortexM0\ARM_GCC_541\Debug\CYBLE-224110-00 Clock firmware.a(ADC.o)
                0x00021944                ADC_Enable
 .text.ADC_Start
                0x00021974       0x20 .\CortexM0\ARM_GCC_541\Debug\CYBLE-224110-00 Clock firmware.a(ADC.o)
                0x00021974                ADC_Start
 .text.ADC_StartConvert
                0x00021994        0xc .\CortexM0\ARM_GCC_541\Debug\CYBLE-224110-00 Clock firmware.a(ADC.o)
                0x00021994                ADC_StartConvert
 .text.ADC_IsEndConversion
                0x000219a0       0x28 .\CortexM0\ARM_GCC_541\Debug\CYBLE-224110-00 Clock firmware.a(ADC.o)
                0x000219a0                ADC_IsEndConversion
 .text.ADC_GetResult16
                0x000219c8       0x2c .\CortexM0\ARM_GCC_541\Debug\CYBLE-224110-00 Clock firmware.a(ADC.o)
                0x000219c8                ADC_GetResult16
 .text.ADC_ISR  0x000219f4        0xc .\CortexM0\ARM_GCC_541\Debug\CYBLE-224110-00 Clock firmware.a(ADC_INT.o)
                0x000219f4                ADC_ISR
 .text.pirPin_Read
                0x00021a00       0x10 .\CortexM0\ARM_GCC_541\Debug\CYBLE-224110-00 Clock firmware.a(pirPin.o)
                0x00021a00                pirPin_Read
 .text.sqwPin_ClearInterrupt
                0x00021a10       0x14 .\CortexM0\ARM_GCC_541\Debug\CYBLE-224110-00 Clock firmware.a(sqwPin.o)
                0x00021a10                sqwPin_ClearInterrupt
 .text.sqwPin_isr_SetVector
                0x00021a24        0xc .\CortexM0\ARM_GCC_541\Debug\CYBLE-224110-00 Clock firmware.a(sqwPin_isr.o)
                0x00021a24                sqwPin_isr_SetVector
 .text.sqwPin_isr_SetPriority
                0x00021a30       0x24 .\CortexM0\ARM_GCC_541\Debug\CYBLE-224110-00 Clock firmware.a(sqwPin_isr.o)
                0x00021a30                sqwPin_isr_SetPriority
 .text.sqwPin_isr_Enable
                0x00021a54        0xc .\CortexM0\ARM_GCC_541\Debug\CYBLE-224110-00 Clock firmware.a(sqwPin_isr.o)
                0x00021a54                sqwPin_isr_Enable
 .text.sqwPin_isr_Disable
                0x00021a60        0xc .\CortexM0\ARM_GCC_541\Debug\CYBLE-224110-00 Clock firmware.a(sqwPin_isr.o)
                0x00021a60                sqwPin_isr_Disable
 .text.sqwPin_isr_StartEx
                0x00021a6c       0x1c .\CortexM0\ARM_GCC_541\Debug\CYBLE-224110-00 Clock firmware.a(sqwPin_isr.o)
                0x00021a6c                sqwPin_isr_StartEx
 .text.ledStrip_FISR
                0x00021a88       0x60 .\CortexM0\ARM_GCC_541\Debug\CYBLE-224110-00 Clock firmware.a(ledStrip.o)
                0x00021a88                ledStrip_FISR
 .text.ledStrip_CISR
                0x00021ae8       0x7c .\CortexM0\ARM_GCC_541\Debug\CYBLE-224110-00 Clock firmware.a(ledStrip.o)
                0x00021ae8                ledStrip_CISR
 .text.ledStrip_Trigger
                0x00021b64       0x6c .\CortexM0\ARM_GCC_541\Debug\CYBLE-224110-00 Clock firmware.a(ledStrip.o)
                0x00021b64                ledStrip_Trigger
 .text.ledStrip_MemClear
                0x00021bd0       0x2c .\CortexM0\ARM_GCC_541\Debug\CYBLE-224110-00 Clock firmware.a(ledStrip.o)
                0x00021bd0                ledStrip_MemClear
 .text.ledStrip_Pixel
                0x00021bfc       0x24 .\CortexM0\ARM_GCC_541\Debug\CYBLE-224110-00 Clock firmware.a(ledStrip.o)
                0x00021bfc                ledStrip_Pixel
 .text.ledStrip_Dim
                0x00021c20       0x78 .\CortexM0\ARM_GCC_541\Debug\CYBLE-224110-00 Clock firmware.a(ledStrip.o)
                0x00021c20                ledStrip_Dim
 .text.ledStrip_Start
                0x00021c98       0x7c .\CortexM0\ARM_GCC_541\Debug\CYBLE-224110-00 Clock firmware.a(ledStrip.o)
                0x00021c98                ledStrip_Start
 .text.ledStrip_SetFont
                0x00021d14       0x4c .\CortexM0\ARM_GCC_541\Debug\CYBLE-224110-00 Clock firmware.a(ledStrip_fonts.o)
                0x00021d14                ledStrip_SetFont
 .text.I2C_sda_SetDriveMode
                0x00021d60       0x18 .\CortexM0\ARM_GCC_541\Debug\CYBLE-224110-00 Clock firmware.a(I2C_sda.o)
                0x00021d60                I2C_sda_SetDriveMode
 .text.I2C_scl_SetDriveMode
                0x00021d78       0x18 .\CortexM0\ARM_GCC_541\Debug\CYBLE-224110-00 Clock firmware.a(I2C_scl.o)
                0x00021d78                I2C_scl_SetDriveMode
 .text.ledStrip_cisr_SetVector
                0x00021d90        0xc .\CortexM0\ARM_GCC_541\Debug\CYBLE-224110-00 Clock firmware.a(ledStrip_cisr.o)
                0x00021d90                ledStrip_cisr_SetVector
 .text.ledStrip_cisr_SetPriority
                0x00021d9c       0x24 .\CortexM0\ARM_GCC_541\Debug\CYBLE-224110-00 Clock firmware.a(ledStrip_cisr.o)
                0x00021d9c                ledStrip_cisr_SetPriority
 .text.ledStrip_cisr_Enable
                0x00021dc0        0xc .\CortexM0\ARM_GCC_541\Debug\CYBLE-224110-00 Clock firmware.a(ledStrip_cisr.o)
                0x00021dc0                ledStrip_cisr_Enable
 .text.ledStrip_cisr_Disable
                0x00021dcc        0xc .\CortexM0\ARM_GCC_541\Debug\CYBLE-224110-00 Clock firmware.a(ledStrip_cisr.o)
                0x00021dcc                ledStrip_cisr_Disable
 .text.ledStrip_cisr_StartEx
                0x00021dd8       0x1c .\CortexM0\ARM_GCC_541\Debug\CYBLE-224110-00 Clock firmware.a(ledStrip_cisr.o)
                0x00021dd8                ledStrip_cisr_StartEx
 .text.ledStrip_fisr_SetVector
                0x00021df4        0xc .\CortexM0\ARM_GCC_541\Debug\CYBLE-224110-00 Clock firmware.a(ledStrip_fisr.o)
                0x00021df4                ledStrip_fisr_SetVector
 .text.ledStrip_fisr_SetPriority
                0x00021e00       0x20 .\CortexM0\ARM_GCC_541\Debug\CYBLE-224110-00 Clock firmware.a(ledStrip_fisr.o)
                0x00021e00                ledStrip_fisr_SetPriority
 .text.ledStrip_fisr_Enable
                0x00021e20        0xc .\CortexM0\ARM_GCC_541\Debug\CYBLE-224110-00 Clock firmware.a(ledStrip_fisr.o)
                0x00021e20                ledStrip_fisr_Enable
 .text.ledStrip_fisr_Disable
                0x00021e2c        0xc .\CortexM0\ARM_GCC_541\Debug\CYBLE-224110-00 Clock firmware.a(ledStrip_fisr.o)
                0x00021e2c                ledStrip_fisr_Disable
 .text.ledStrip_fisr_StartEx
                0x00021e38       0x1c .\CortexM0\ARM_GCC_541\Debug\CYBLE-224110-00 Clock firmware.a(ledStrip_fisr.o)
                0x00021e38                ledStrip_fisr_StartEx
 .text.CPS_Write
                0x00021e54       0x18 .\CortexM0\ARM_GCC_541\Debug\CYBLE-224110-00 Clock firmware.a(CPS.o)
                0x00021e54                CPS_Write
 .text.CSD_Write
                0x00021e6c       0x18 .\CortexM0\ARM_GCC_541\Debug\CYBLE-224110-00 Clock firmware.a(CSD.o)
                0x00021e6c                CSD_Write
 .text.Bootloadable_Load
                0x00021e84       0x14 .\CortexM0\ARM_GCC_541\Debug\CYBLE-224110-00 Clock firmware.a(Bootloadable.o)
                0x00021e84                Bootloadable_Load
 .text.Bootloadable_SetFlashByte
                0x00021e98       0x38 .\CortexM0\ARM_GCC_541\Debug\CYBLE-224110-00 Clock firmware.a(Bootloadable.o)
                0x00021e98                Bootloadable_SetFlashByte
 .text          0x00021ed0       0x20 .\CortexM0\ARM_GCC_541\Debug\CYBLE-224110-00 Clock firmware.a(CyBootAsmGnu.o)
                0x00021ed0                CyDelayCycles
                0x00021ee2                CyEnterCriticalSection
                0x00021eea                CyExitCriticalSection
 .text.I2C_I2C_ISR
                0x00021ef0      0x374 .\CortexM0\ARM_GCC_541\Debug\CYBLE-224110-00 Clock firmware.a(I2C_I2C_INT.o)
                0x00021ef0                I2C_I2C_ISR
 .text          0x00022264      0x114 d:/apps/cypress psoc creator/psoc creator/4.1/psoc creator/import/gnu/arm/5.4.1/bin/../lib/gcc/arm-none-eabi/5.4.1/armv6-m\libgcc.a(_udivsi3.o)
                0x00022264                __aeabi_uidiv
                0x00022264                __udivsi3
                0x00022370                __aeabi_uidivmod
 .text          0x00022378      0x1d4 d:/apps/cypress psoc creator/psoc creator/4.1/psoc creator/import/gnu/arm/5.4.1/bin/../lib/gcc/arm-none-eabi/5.4.1/armv6-m\libgcc.a(_divsi3.o)
                0x00022378                __divsi3
                0x00022378                __aeabi_idiv
                0x00022544                __aeabi_idivmod
 .text          0x0002254c        0x4 d:/apps/cypress psoc creator/psoc creator/4.1/psoc creator/import/gnu/arm/5.4.1/bin/../lib/gcc/arm-none-eabi/5.4.1/armv6-m\libgcc.a(_dvmd_tls.o)
                0x0002254c                __aeabi_idiv0
                0x0002254c                __aeabi_ldiv0
 .text.__errno  0x00022550        0xc d:/apps/cypress psoc creator/psoc creator/4.1/psoc creator/import/gnu/arm/5.4.1/bin/../lib/gcc/arm-none-eabi/5.4.1/../../../../arm-none-eabi/lib/armv6-m\libg_nano.a(lib_a-errno.o)
                0x00022550                __errno
 .text.__libc_init_array
                0x0002255c       0x4c d:/apps/cypress psoc creator/psoc creator/4.1/psoc creator/import/gnu/arm/5.4.1/bin/../lib/gcc/arm-none-eabi/5.4.1/../../../../arm-none-eabi/lib/armv6-m\libg_nano.a(lib_a-init.o)
                0x0002255c                __libc_init_array
 .text.memcpy   0x000225a8       0x12 d:/apps/cypress psoc creator/psoc creator/4.1/psoc creator/import/gnu/arm/5.4.1/bin/../lib/gcc/arm-none-eabi/5.4.1/../../../../arm-none-eabi/lib/armv6-m\libg_nano.a(lib_a-memcpy-stub.o)
                0x000225a8                memcpy
 .text.memset   0x000225ba       0x10 d:/apps/cypress psoc creator/psoc creator/4.1/psoc creator/import/gnu/arm/5.4.1/bin/../lib/gcc/arm-none-eabi/5.4.1/../../../../arm-none-eabi/lib/armv6-m\libg_nano.a(lib_a-memset.o)
                0x000225ba                memset
 *(.plt)
 *(.gnu.warning)
 *(.glue_7t)
 .glue_7t       0x000225ca        0x0 linker stubs
 *(.glue_7)
 .glue_7        0x000225ca        0x0 linker stubs
 *(.vfp11_veneer)
 .vfp11_veneer  0x000225ca        0x0 linker stubs
 *(.bootloader)
 *(.ARM.extab* .gnu.linkonce.armextab.*)
 *(.gcc_except_table)

.v4_bx          0x000225cc        0x0
 .v4_bx         0x000225cc        0x0 linker stubs

.iplt           0x000225cc        0x0
 .iplt          0x000225cc        0x0 d:/apps/cypress psoc creator/psoc creator/4.1/psoc creator/import/gnu/arm/5.4.1/bin/../lib/gcc/arm-none-eabi/5.4.1/armv6-m/crtbegin.o

.eh_frame_hdr
 *(.eh_frame_hdr)

.eh_frame       0x000225cc        0x4
 *(.eh_frame)
 .eh_frame      0x000225cc        0x0 d:/apps/cypress psoc creator/psoc creator/4.1/psoc creator/import/gnu/arm/5.4.1/bin/../lib/gcc/arm-none-eabi/5.4.1/armv6-m/crtbegin.o
 .eh_frame      0x000225cc        0x4 d:/apps/cypress psoc creator/psoc creator/4.1/psoc creator/import/gnu/arm/5.4.1/bin/../lib/gcc/arm-none-eabi/5.4.1/armv6-m/crtend.o
                [!provide]                PROVIDE (__exidx_start, .)

.ARM.exidx
 *(.ARM.exidx* .gnu.linkonce.armexidx.*)
                0x000225d0                __exidx_end = .

.rodata         0x000225d0      0x628
 *(.rodata .rodata.* .gnu.linkonce.r.*)
 .rodata        0x000225d0      0x1b8 .\CortexM0\ARM_GCC_541\Debug\cyfitter_cfg.o
 .rodata        0x00022788       0x2e .\CortexM0\ARM_GCC_541\Debug\CYBLE-224110-00 Clock firmware.a(CyLib.o)
                0x00022788                cyImoFreqMhz2Reg
 *fill*         0x000227b6        0x2 
 .rodata        0x000227b8       0x14 .\CortexM0\ARM_GCC_541\Debug\CYBLE-224110-00 Clock firmware.a(BLE.o)
 .rodata        0x000227cc      0x212 .\CortexM0\ARM_GCC_541\Debug\CYBLE-224110-00 Clock firmware.a(BLE_gatt.o)
                0x000227cc                cyBle_gattDB
                0x00022998                cyBle_attUuid128
                0x000229d8                cyBle_gatts
 *fill*         0x000229de        0x2 
 .rodata        0x000229e0      0x1e0 .\CortexM0\ARM_GCC_541\Debug\CYBLE-224110-00 Clock firmware.a(ledStrip_fonts.o)
                0x000229e0                ledStrip_Font5x7
 .rodata.str1.1
                0x00022bc0        0x2 d:/apps/cypress psoc creator/psoc creator/4.1/psoc creator/import/gnu/arm/5.4.1/bin/../lib/gcc/arm-none-eabi/5.4.1/../../../../arm-none-eabi/lib/armv6-m\libg_nano.a(lib_a-impure.o)
                0x00022bc4                . = ALIGN (0x4)
 *fill*         0x00022bc2        0x2 
 *(.init)
 .init          0x00022bc4        0x4 d:/apps/cypress psoc creator/psoc creator/4.1/psoc creator/import/gnu/arm/5.4.1/bin/../lib/gcc/arm-none-eabi/5.4.1/armv6-m/crti.o
                0x00022bc4                _init
 .init          0x00022bc8        0x8 d:/apps/cypress psoc creator/psoc creator/4.1/psoc creator/import/gnu/arm/5.4.1/bin/../lib/gcc/arm-none-eabi/5.4.1/armv6-m/crtn.o
                0x00022bd0                . = ALIGN (0x4)
                0x00022bd0                __preinit_array_start = .
 *(.preinit_array)
                0x00022bd0                __preinit_array_end = .
                0x00022bd0                . = ALIGN (0x4)
                0x00022bd0                __init_array_start = .
 *(SORT(.init_array.*))
 *(.init_array)
 .init_array    0x00022bd0        0x4 d:/apps/cypress psoc creator/psoc creator/4.1/psoc creator/import/gnu/arm/5.4.1/bin/../lib/gcc/arm-none-eabi/5.4.1/armv6-m/crtbegin.o
 .init_array    0x00022bd4        0x4 .\CortexM0\ARM_GCC_541\Debug\Cm0Start.o
                0x00022bd8                __init_array_end = .
                0x00022bd8                . = ALIGN (0x4)
 *(.fini)
 .fini          0x00022bd8        0x4 d:/apps/cypress psoc creator/psoc creator/4.1/psoc creator/import/gnu/arm/5.4.1/bin/../lib/gcc/arm-none-eabi/5.4.1/armv6-m/crti.o
                0x00022bd8                _fini
 .fini          0x00022bdc        0x8 d:/apps/cypress psoc creator/psoc creator/4.1/psoc creator/import/gnu/arm/5.4.1/bin/../lib/gcc/arm-none-eabi/5.4.1/armv6-m/crtn.o
                0x00022be4                . = ALIGN (0x4)
                0x00022be4                __fini_array_start = .
 *(.fini_array)
 .fini_array    0x00022be4        0x4 d:/apps/cypress psoc creator/psoc creator/4.1/psoc creator/import/gnu/arm/5.4.1/bin/../lib/gcc/arm-none-eabi/5.4.1/armv6-m/crtbegin.o
 *(SORT(.fini_array.*))
                0x00022be8                __fini_array_end = .
                0x00022be8                . = ALIGN (0x4)
 *crtbegin.o(.ctors)
 *(EXCLUDE_FILE(*crtend.o) .ctors)
 *(SORT(.ctors.*))
 *crtend.o(.ctors)
                0x00022be8                . = ALIGN (0x4)
 *crtbegin.o(.dtors)
 *(EXCLUDE_FILE(*crtend.o) .dtors)
 *(SORT(.dtors.*))
 *crtend.o(.dtors)
                0x00022be8                . = ALIGN (0x4)
                0x00022be8                __cy_regions = .
                0x00022be8        0x4 LONG 0x22bf8 __cy_region_init_ram
                0x00022bec        0x4 LONG 0x20002510 __cy_region_start_data
                0x00022bf0        0x4 LONG 0x180 __cy_region_init_size_ram
                0x00022bf4        0x4 LONG 0x2f0 __cy_region_zero_size_ram
                0x00022bf8                __cy_regions_end = .
                0x00022bf8                . = ALIGN (0x8)
                0x00022bf8                _etext = .

.ramvectors     0x20000000       0xc0
                0x20000000                __cy_region_start_ram = .
 *(.ramvectors)
 .ramvectors    0x20000000       0xc0 .\CortexM0\ARM_GCC_541\Debug\Cm0Start.o
                0x20000000                CyRamVectors

.btldr_run      0x200000c0        0x4
 *(.bootloaderruntype)
 .bootloaderruntype
                0x200000c0        0x4 .\CortexM0\ARM_GCC_541\Debug\Cm0Start.o
                0x200000c0                cyBtldrRunType
                0x00001968                BOOTLOADER_RAM_SIZE = (Bootloader___bss_end__ - 0x20000000)

.bootloader_data
                0x200000c8     0x1968
                0x20001a30                . = (. + BOOTLOADER_RAM_SIZE)
 *fill*         0x200000c8     0x1968 

.noinit         0x20001a30      0xae0
 *(.noinit)
 .noinit        0x20001a30      0xae0 .\CortexM0\ARM_GCC_541\Debug\CYBLE-224110-00 Clock firmware.a(BLE.o)
                0x20001a30                cyBle_stackMemoryRam

.data           0x20002510      0x180 load address 0x00022bf8
                0x20002510                __cy_region_start_data = .
 *(.jcr)
 .jcr           0x20002510        0x0 d:/apps/cypress psoc creator/psoc creator/4.1/psoc creator/import/gnu/arm/5.4.1/bin/../lib/gcc/arm-none-eabi/5.4.1/armv6-m/crtbegin.o
 .jcr           0x20002510        0x4 d:/apps/cypress psoc creator/psoc creator/4.1/psoc creator/import/gnu/arm/5.4.1/bin/../lib/gcc/arm-none-eabi/5.4.1/armv6-m/crtend.o
 *(.got.plt)
 *(.got)
 *(.shdata)
 *(.data .data.* .gnu.linkonce.d.*)
 .data          0x20002514        0x4 .\CortexM0\ARM_GCC_541\Debug\main.o
                0x20002514                setColorFull
 .data          0x20002518       0x14 .\CortexM0\ARM_GCC_541\Debug\CYBLE-224110-00 Clock firmware.a(CyLib.o)
                0x20002518                CySysClkPumpConfig
                0x2000251c                cydelay32kMs
                0x20002520                cydelayFreqKhz
                0x20002524                cydelayFreqMhz
                0x20002528                cydelayFreqHz
 .data          0x2000252c        0x8 .\CortexM0\ARM_GCC_541\Debug\CYBLE-224110-00 Clock firmware.a(CyLFClk.o)
 .data          0x20002534       0x50 .\CortexM0\ARM_GCC_541\Debug\CYBLE-224110-00 Clock firmware.a(BLE.o)
                0x20002534                cyBle_discoveryData
                0x20002554                cyBle_discoveryModeInfo
                0x20002568                cyBle_sflashDeviceAddress
                0x2000256c                cyBle_deviceAddress
                0x20002574                cyBle_discoveryParam
 .data          0x20002584       0x9e .\CortexM0\ARM_GCC_541\Debug\CYBLE-224110-00 Clock firmware.a(BLE_gatt.o)
                0x20002584                cyBle_attValuesLen
 *fill*         0x20002622        0x2 
 .data          0x20002624        0x5 .\CortexM0\ARM_GCC_541\Debug\CYBLE-224110-00 Clock firmware.a(BLE_eventHandler.o)
                0x20002624                cyBle_authInfo
 *fill*         0x20002629        0x3 
 .data.impure_data
                0x2000262c       0x60 d:/apps/cypress psoc creator/psoc creator/4.1/psoc creator/import/gnu/arm/5.4.1/bin/../lib/gcc/arm-none-eabi/5.4.1/../../../../arm-none-eabi/lib/armv6-m\libg_nano.a(lib_a-impure.o)
 .data._impure_ptr
                0x2000268c        0x4 d:/apps/cypress psoc creator/psoc creator/4.1/psoc creator/import/gnu/arm/5.4.1/bin/../lib/gcc/arm-none-eabi/5.4.1/../../../../arm-none-eabi/lib/armv6-m\libg_nano.a(lib_a-impure.o)
                0x2000268c                _impure_ptr
                0x20002690                . = ALIGN (0x8)
 *(.ram)
                0x20002690                _edata = .

.igot.plt       0x20002690        0x0 load address 0x00022d78
 .igot.plt      0x20002690        0x0 d:/apps/cypress psoc creator/psoc creator/4.1/psoc creator/import/gnu/arm/5.4.1/bin/../lib/gcc/arm-none-eabi/5.4.1/armv6-m/crtbegin.o

.bss            0x20002690      0x2f0 load address 0x00022d78
                0x20002690                PROVIDE (__bss_start__, .)
 *(.shbss)
 *(.bss .bss.* .gnu.linkonce.b.*)
 .bss           0x20002690       0x1c d:/apps/cypress psoc creator/psoc creator/4.1/psoc creator/import/gnu/arm/5.4.1/bin/../lib/gcc/arm-none-eabi/5.4.1/armv6-m/crtbegin.o
 .bss           0x200026ac        0x5 .\CortexM0\ARM_GCC_541\Debug\main.o
                0x200026ac                sqwFired
                0x200026ad                lampState
                0x200026ae                brightness
                0x200026af                colorUpdated
                0x200026b0                itsDark
 *fill*         0x200026b1        0x3 
 .bss           0x200026b4       0x28 .\CortexM0\ARM_GCC_541\Debug\CYBLE-224110-00 Clock firmware.a(CyLFClk.o)
 .bss           0x200026dc        0x8 .\CortexM0\ARM_GCC_541\Debug\CYBLE-224110-00 Clock firmware.a(I2C.o)
                0x200026dc                I2C_initVar
                0x200026e0                I2C_customIntrHandler
 .bss           0x200026e4       0x22 .\CortexM0\ARM_GCC_541\Debug\CYBLE-224110-00 Clock firmware.a(BLE.o)
                0x200026e4                cyBle_scanRspData
                0x20002704                cyBle_initVar
 *fill*         0x20002706        0x2 
 .bss           0x20002708        0x8 .\CortexM0\ARM_GCC_541\Debug\CYBLE-224110-00 Clock firmware.a(BLE_eventHandler.o)
 .bss           0x20002710        0x1 .\CortexM0\ARM_GCC_541\Debug\CYBLE-224110-00 Clock firmware.a(ADC.o)
                0x20002710                ADC_initVar
 *fill*         0x20002711        0x3 
 .bss           0x20002714       0x15 .\CortexM0\ARM_GCC_541\Debug\CYBLE-224110-00 Clock firmware.a(ledStrip.o)
                0x20002714                ledStrip_ledIndex
                0x20002718                ledStrip_row
                0x20002728                ledStrip_initvar
 *(COMMON)
 *fill*         0x20002729        0x3 
 COMMON         0x2000272c        0xf .\CortexM0\ARM_GCC_541\Debug\main.o
                0x2000272c                setColor
                0x20002730                states
                0x20002738                time
 COMMON         0x2000273b        0x1 .\CortexM0\ARM_GCC_541\Debug\CYBLE-224110-00 Clock firmware.a(I2C_I2C.o)
                0x2000273b                I2C_state
 COMMON         0x2000273c       0x24 .\CortexM0\ARM_GCC_541\Debug\CYBLE-224110-00 Clock firmware.a(I2C_I2C_MASTER.o)
                0x2000273c                I2C_mstrWrBufIndexTmp
                0x20002740                I2C_mstrWrBufIndex
                0x20002744                I2C_mstrWrBufSize
                0x20002748                I2C_mstrStatus
                0x2000274c                I2C_mstrRdBufPtr
                0x20002750                I2C_mstrControl
                0x20002754                I2C_mstrRdBufSize
                0x20002758                I2C_mstrRdBufIndex
                0x2000275c                I2C_mstrWrBufPtr
 COMMON         0x20002760        0x9 .\CortexM0\ARM_GCC_541\Debug\CYBLE-224110-00 Clock firmware.a(BLE.o)
                0x20002760                cyBle_pendingFlashWrite
                0x20002764                CyBle_ApplCallback
                0x20002768                cyBle_peerBonding
 *fill*         0x20002769        0x3 
 COMMON         0x2000276c        0x3 .\CortexM0\ARM_GCC_541\Debug\CYBLE-224110-00 Clock firmware.a(BLE_gatt.o)
                0x2000276c                cyBle_attValuesCCCD
                0x2000276e                cyBle_state
 *fill*         0x2000276f        0x1 
 COMMON         0x20002770        0x8 .\CortexM0\ARM_GCC_541\Debug\CYBLE-224110-00 Clock firmware.a(BLE_eventHandler.o)
                0x20002770                cyBle_busyStatus
                0x20002774                cyBle_connHandle
                0x20002776                cyBle_advertisingIntervalType
                0x20002777                cyBle_eventHandlerFlag
 COMMON         0x20002778        0x6 .\CortexM0\ARM_GCC_541\Debug\CYBLE-224110-00 Clock firmware.a(ADC.o)
                0x20002778                ADC_countsPer10Volt
                0x2000277c                ADC_offset
 *fill*         0x2000277e        0x2 
 COMMON         0x20002780      0x1ec .\CortexM0\ARM_GCC_541\Debug\CYBLE-224110-00 Clock firmware.a(ledStrip.o)
                0x20002780                ledStrip_ledArray
                0x20002960                ledStrip_DimShift
                0x20002964                ledStrip_refreshComplete
                0x20002968                ledStrip_DimMask
 COMMON         0x2000296c       0x10 .\CortexM0\ARM_GCC_541\Debug\CYBLE-224110-00 Clock firmware.a(ledStrip_fonts.o)
                0x2000296c                ledStrip_fontPtr
                0x20002970                ledStrip_fontY
                0x20002974                ledStrip_fontOffset
                0x20002978                ledStrip_fontX
                0x20002980                . = ALIGN (0x8)
 *fill*         0x2000297c        0x4 
 *(.ram.b)
                0x20002980                _end = .
                0x20002980                __end = .
                0x20002980                PROVIDE (end, .)
                0x20002980                PROVIDE (__bss_end__, .)
                0x00022bf8                __cy_region_init_ram = LOADADDR (.data)
                0x00000180                __cy_region_init_size_ram = (_edata - ADDR (.data))
                0x000002f0                __cy_region_zero_size_ram = (_end - _edata)

.heap           0x20002980      0x400 load address 0x00022d78
                0x20002980                . = _end
                0x20002d80                . = (. + 0x400)
 *fill*         0x20002980      0x400 
                0x20002d80                __cy_heap_limit = .

.stack          0x20007800      0x800
                0x20007800                __cy_stack_limit = .
                0x20008000                . = (. + 0x800)
 *fill*         0x20007800      0x800 
                0x00000001                ASSERT ((__cy_stack_limit >= __cy_heap_limit), region RAM overflowed with stack)

.cy_checksum_exclude
                0x0003fb00      0x285
 *(.cy_checksum_exclude)
 .cy_checksum_exclude
                0x0003fb00      0x285 .\CortexM0\ARM_GCC_541\Debug\CYBLE-224110-00 Clock firmware.a(BLE_gatt.o)
                0x0003fb00                cyBle_flashStorage
                0x00000285                cy_checksum_exclude_size = (CY_APPL_LOADABLE == 0x1)?SIZEOF (.cy_checksum_exclude):0x0
                0x00000001                ASSERT ((cy_checksum_exclude_size <= CY_CHECKSUM_EXCLUDE_SIZE), CY_BOOT: Section .cy_checksum_exclude size exceedes specified limit.)
                0x0003ffc0                cyloadermeta_start = (cy_project_type_bootloader || cy_project_type_app_for_stack_and_copier)?(LENGTH (rom) - CY_METADATA_SIZE):0xf0000000

.cyloadermeta   0x0003ffc0       0x40
 *(.cyloadermeta)
 .cyloadermeta  0x0003ffc0       0x40 .\CortexM0\ARM_GCC_541\Debug\cybootloader.o
                0x0003ffc0                cy_meta_loader
                0x0003fec0                cyloadablemeta_start = cy_project_type_app_for_stack_and_copier?((LENGTH (rom) - CY_FLASH_ROW_SIZE) - CY_METADATA_SIZE):((LENGTH (rom) - (CY_FLASH_ROW_SIZE * (CY_APPL_NUM - 0x1))) - CY_METADATA_SIZE)

.cyloadablemeta
                0x0003fec0       0x40
 *(.cyloadablemeta)
 .cyloadablemeta
                0x0003fec0       0x40 .\CortexM0\ARM_GCC_541\Debug\cymetadata.o
                0x0003fec0                cy_meta_loadable

.cyflashprotect
                0x90400000       0x80
 *(.cyflashprotect)
 .cyflashprotect
                0x90400000       0x80 .\CortexM0\ARM_GCC_541\Debug\cybootloader.o
                0x90400000                cy_meta_flashprotect

.cymeta         0x90500000        0xc
 *(.cymeta)
 .cymeta        0x90500000        0xc .\CortexM0\ARM_GCC_541\Debug\cybootloader.o
                0x90500000                cy_metadata

.cychipprotect  0x90600000        0x1
 *(.cychipprotect)
 .cychipprotect
                0x90600000        0x1 .\CortexM0\ARM_GCC_541\Debug\cybootloader.o
                0x90600000                cy_meta_chipprotect

.rel.dyn        0x0003ff00        0x0 load address 0x90600004
 .rel.iplt      0x0003ff00        0x0 d:/apps/cypress psoc creator/psoc creator/4.1/psoc creator/import/gnu/arm/5.4.1/bin/../lib/gcc/arm-none-eabi/5.4.1/armv6-m/crtbegin.o

.stab
 *(.stab)

.stabstr
 *(.stabstr)

.debug
 *(.debug)

.line
 *(.line)

.debug_srcinfo
 *(.debug_srcinfo)

.debug_sfnames
 *(.debug_sfnames)

.debug_aranges  0x00000000      0xc68
 *(.debug_aranges)
 .debug_aranges
                0x00000000       0x88 .\CortexM0\ARM_GCC_541\Debug\main.o
 .debug_aranges
                0x00000088       0x48 .\CortexM0\ARM_GCC_541\Debug\ota_mandatory.o
 .debug_aranges
                0x000000d0       0x18 .\CortexM0\ARM_GCC_541\Debug\debug.o
 .debug_aranges
                0x000000e8       0x48 .\CortexM0\ARM_GCC_541\Debug\cyfitter_cfg.o
 .debug_aranges
                0x00000130       0x18 .\CortexM0\ARM_GCC_541\Debug\cymetadata.o
 .debug_aranges
                0x00000148       0x48 .\CortexM0\ARM_GCC_541\Debug\Cm0Start.o
 .debug_aranges
                0x00000190       0x18 .\CortexM0\ARM_GCC_541\Debug\cybootloader.o
 .debug_aranges
                0x000001a8       0x40 .\CortexM0\ARM_GCC_541\Debug\CYBLE-224110-00 Clock firmware.a(CyFlash.o)
 .debug_aranges
                0x000001e8      0x1b0 .\CortexM0\ARM_GCC_541\Debug\CYBLE-224110-00 Clock firmware.a(CyLib.o)
 .debug_aranges
                0x00000398      0x188 .\CortexM0\ARM_GCC_541\Debug\CYBLE-224110-00 Clock firmware.a(CyLFClk.o)
 .debug_aranges
                0x00000520       0x60 .\CortexM0\ARM_GCC_541\Debug\CYBLE-224110-00 Clock firmware.a(I2C.o)
 .debug_aranges
                0x00000580       0x28 .\CortexM0\ARM_GCC_541\Debug\CYBLE-224110-00 Clock firmware.a(I2C_I2C.o)
 .debug_aranges
                0x000005a8       0x88 .\CortexM0\ARM_GCC_541\Debug\CYBLE-224110-00 Clock firmware.a(I2C_I2C_MASTER.o)
 .debug_aranges
                0x00000630       0x88 .\CortexM0\ARM_GCC_541\Debug\CYBLE-224110-00 Clock firmware.a(BLE.o)
 .debug_aranges
                0x000006b8       0x28 .\CortexM0\ARM_GCC_541\Debug\CYBLE-224110-00 Clock firmware.a(BLE_gatt.o)
 .debug_aranges
                0x000006e0       0x38 .\CortexM0\ARM_GCC_541\Debug\CYBLE-224110-00 Clock firmware.a(BLE_eventHandler.o)
 .debug_aranges
                0x00000718       0x20 .\CortexM0\ARM_GCC_541\Debug\CYBLE-224110-00 Clock firmware.a(BLE_custom.o)
 .debug_aranges
                0x00000738       0xa8 .\CortexM0\ARM_GCC_541\Debug\CYBLE-224110-00 Clock firmware.a(ADC.o)
 .debug_aranges
                0x000007e0       0x20 .\CortexM0\ARM_GCC_541\Debug\CYBLE-224110-00 Clock firmware.a(ADC_INT.o)
 .debug_aranges
                0x00000800       0x48 .\CortexM0\ARM_GCC_541\Debug\CYBLE-224110-00 Clock firmware.a(pirPin.o)
 .debug_aranges
                0x00000848       0x48 .\CortexM0\ARM_GCC_541\Debug\CYBLE-224110-00 Clock firmware.a(sqwPin.o)
 .debug_aranges
                0x00000890       0x80 .\CortexM0\ARM_GCC_541\Debug\CYBLE-224110-00 Clock firmware.a(sqwPin_isr.o)
 .debug_aranges
                0x00000910       0xa0 .\CortexM0\ARM_GCC_541\Debug\CYBLE-224110-00 Clock firmware.a(ledStrip.o)
 .debug_aranges
                0x000009b0       0x30 .\CortexM0\ARM_GCC_541\Debug\CYBLE-224110-00 Clock firmware.a(ledStrip_fonts.o)
 .debug_aranges
                0x000009e0       0x48 .\CortexM0\ARM_GCC_541\Debug\CYBLE-224110-00 Clock firmware.a(I2C_sda.o)
 .debug_aranges
                0x00000a28       0x48 .\CortexM0\ARM_GCC_541\Debug\CYBLE-224110-00 Clock firmware.a(I2C_scl.o)
 .debug_aranges
                0x00000a70       0x80 .\CortexM0\ARM_GCC_541\Debug\CYBLE-224110-00 Clock firmware.a(ledStrip_cisr.o)
 .debug_aranges
                0x00000af0       0x80 .\CortexM0\ARM_GCC_541\Debug\CYBLE-224110-00 Clock firmware.a(ledStrip_fisr.o)
 .debug_aranges
                0x00000b70       0x48 .\CortexM0\ARM_GCC_541\Debug\CYBLE-224110-00 Clock firmware.a(CPS.o)
 .debug_aranges
                0x00000bb8       0x48 .\CortexM0\ARM_GCC_541\Debug\CYBLE-224110-00 Clock firmware.a(CSD.o)
 .debug_aranges
                0x00000c00       0x28 .\CortexM0\ARM_GCC_541\Debug\CYBLE-224110-00 Clock firmware.a(Bootloadable.o)
 .debug_aranges
                0x00000c28       0x20 .\CortexM0\ARM_GCC_541\Debug\CYBLE-224110-00 Clock firmware.a(CyBootAsmGnu.o)
 .debug_aranges
                0x00000c48       0x20 .\CortexM0\ARM_GCC_541\Debug\CYBLE-224110-00 Clock firmware.a(I2C_I2C_INT.o)

.debug_pubnames
 *(.debug_pubnames)

.debug_info     0x00000000     0xaeb8
 *(.debug_info .gnu.linkonce.wi.*)
 .debug_info    0x00000000     0x112e .\CortexM0\ARM_GCC_541\Debug\main.o
 .debug_info    0x0000112e      0x59e .\CortexM0\ARM_GCC_541\Debug\ota_mandatory.o
 .debug_info    0x000016cc       0x87 .\CortexM0\ARM_GCC_541\Debug\debug.o
 .debug_info    0x00001753      0x499 .\CortexM0\ARM_GCC_541\Debug\cyfitter_cfg.o
 .debug_info    0x00001bec       0xac .\CortexM0\ARM_GCC_541\Debug\cymetadata.o
 .debug_info    0x00001c98      0x3b3 .\CortexM0\ARM_GCC_541\Debug\Cm0Start.o
 .debug_info    0x0000204b      0x155 .\CortexM0\ARM_GCC_541\Debug\cybootloader.o
 .debug_info    0x000021a0      0x352 .\CortexM0\ARM_GCC_541\Debug\CYBLE-224110-00 Clock firmware.a(CyFlash.o)
 .debug_info    0x000024f2      0xc40 .\CortexM0\ARM_GCC_541\Debug\CYBLE-224110-00 Clock firmware.a(CyLib.o)
 .debug_info    0x00003132     0x1071 .\CortexM0\ARM_GCC_541\Debug\CYBLE-224110-00 Clock firmware.a(CyLFClk.o)
 .debug_info    0x000041a3      0x298 .\CortexM0\ARM_GCC_541\Debug\CYBLE-224110-00 Clock firmware.a(I2C.o)
 .debug_info    0x0000443b      0x183 .\CortexM0\ARM_GCC_541\Debug\CYBLE-224110-00 Clock firmware.a(I2C_I2C.o)
 .debug_info    0x000045be      0x5a2 .\CortexM0\ARM_GCC_541\Debug\CYBLE-224110-00 Clock firmware.a(I2C_I2C_MASTER.o)
 .debug_info    0x00004b60     0x1098 .\CortexM0\ARM_GCC_541\Debug\CYBLE-224110-00 Clock firmware.a(BLE.o)
 .debug_info    0x00005bf8     0x1147 .\CortexM0\ARM_GCC_541\Debug\CYBLE-224110-00 Clock firmware.a(BLE_gatt.o)
 .debug_info    0x00006d3f      0xfc8 .\CortexM0\ARM_GCC_541\Debug\CYBLE-224110-00 Clock firmware.a(BLE_eventHandler.o)
 .debug_info    0x00007d07      0x319 .\CortexM0\ARM_GCC_541\Debug\CYBLE-224110-00 Clock firmware.a(BLE_custom.o)
 .debug_info    0x00008020      0x579 .\CortexM0\ARM_GCC_541\Debug\CYBLE-224110-00 Clock firmware.a(ADC.o)
 .debug_info    0x00008599       0xcb .\CortexM0\ARM_GCC_541\Debug\CYBLE-224110-00 Clock firmware.a(ADC_INT.o)
 .debug_info    0x00008664      0x19d .\CortexM0\ARM_GCC_541\Debug\CYBLE-224110-00 Clock firmware.a(pirPin.o)
 .debug_info    0x00008801      0x19d .\CortexM0\ARM_GCC_541\Debug\CYBLE-224110-00 Clock firmware.a(sqwPin.o)
 .debug_info    0x0000899e      0x305 .\CortexM0\ARM_GCC_541\Debug\CYBLE-224110-00 Clock firmware.a(sqwPin_isr.o)
 .debug_info    0x00008ca3      0xc43 .\CortexM0\ARM_GCC_541\Debug\CYBLE-224110-00 Clock firmware.a(ledStrip.o)
 .debug_info    0x000098e6      0x552 .\CortexM0\ARM_GCC_541\Debug\CYBLE-224110-00 Clock firmware.a(ledStrip_fonts.o)
 .debug_info    0x00009e38      0x19d .\CortexM0\ARM_GCC_541\Debug\CYBLE-224110-00 Clock firmware.a(I2C_sda.o)
 .debug_info    0x00009fd5      0x19d .\CortexM0\ARM_GCC_541\Debug\CYBLE-224110-00 Clock firmware.a(I2C_scl.o)
 .debug_info    0x0000a172      0x305 .\CortexM0\ARM_GCC_541\Debug\CYBLE-224110-00 Clock firmware.a(ledStrip_cisr.o)
 .debug_info    0x0000a477      0x305 .\CortexM0\ARM_GCC_541\Debug\CYBLE-224110-00 Clock firmware.a(ledStrip_fisr.o)
 .debug_info    0x0000a77c      0x19d .\CortexM0\ARM_GCC_541\Debug\CYBLE-224110-00 Clock firmware.a(CPS.o)
 .debug_info    0x0000a919      0x19d .\CortexM0\ARM_GCC_541\Debug\CYBLE-224110-00 Clock firmware.a(CSD.o)
 .debug_info    0x0000aab6      0x1a4 .\CortexM0\ARM_GCC_541\Debug\CYBLE-224110-00 Clock firmware.a(Bootloadable.o)
 .debug_info    0x0000ac5a       0xca .\CortexM0\ARM_GCC_541\Debug\CYBLE-224110-00 Clock firmware.a(CyBootAsmGnu.o)
 .debug_info    0x0000ad24      0x194 .\CortexM0\ARM_GCC_541\Debug\CYBLE-224110-00 Clock firmware.a(I2C_I2C_INT.o)

.debug_abbrev   0x00000000     0x2aba
 *(.debug_abbrev)
 .debug_abbrev  0x00000000      0x297 .\CortexM0\ARM_GCC_541\Debug\main.o
 .debug_abbrev  0x00000297      0x238 .\CortexM0\ARM_GCC_541\Debug\ota_mandatory.o
 .debug_abbrev  0x000004cf       0x26 .\CortexM0\ARM_GCC_541\Debug\debug.o
 .debug_abbrev  0x000004f5      0x1cf .\CortexM0\ARM_GCC_541\Debug\cyfitter_cfg.o
 .debug_abbrev  0x000006c4       0x5d .\CortexM0\ARM_GCC_541\Debug\cymetadata.o
 .debug_abbrev  0x00000721      0x1e8 .\CortexM0\ARM_GCC_541\Debug\Cm0Start.o
 .debug_abbrev  0x00000909       0x77 .\CortexM0\ARM_GCC_541\Debug\cybootloader.o
 .debug_abbrev  0x00000980      0x182 .\CortexM0\ARM_GCC_541\Debug\CYBLE-224110-00 Clock firmware.a(CyFlash.o)
 .debug_abbrev  0x00000b02      0x1e0 .\CortexM0\ARM_GCC_541\Debug\CYBLE-224110-00 Clock firmware.a(CyLib.o)
 .debug_abbrev  0x00000ce2      0x248 .\CortexM0\ARM_GCC_541\Debug\CYBLE-224110-00 Clock firmware.a(CyLFClk.o)
 .debug_abbrev  0x00000f2a      0x118 .\CortexM0\ARM_GCC_541\Debug\CYBLE-224110-00 Clock firmware.a(I2C.o)
 .debug_abbrev  0x00001042       0xc7 .\CortexM0\ARM_GCC_541\Debug\CYBLE-224110-00 Clock firmware.a(I2C_I2C.o)
 .debug_abbrev  0x00001109      0x16f .\CortexM0\ARM_GCC_541\Debug\CYBLE-224110-00 Clock firmware.a(I2C_I2C_MASTER.o)
 .debug_abbrev  0x00001278      0x2cc .\CortexM0\ARM_GCC_541\Debug\CYBLE-224110-00 Clock firmware.a(BLE.o)
 .debug_abbrev  0x00001544      0x224 .\CortexM0\ARM_GCC_541\Debug\CYBLE-224110-00 Clock firmware.a(BLE_gatt.o)
 .debug_abbrev  0x00001768      0x28c .\CortexM0\ARM_GCC_541\Debug\CYBLE-224110-00 Clock firmware.a(BLE_eventHandler.o)
 .debug_abbrev  0x000019f4       0xba .\CortexM0\ARM_GCC_541\Debug\CYBLE-224110-00 Clock firmware.a(BLE_custom.o)
 .debug_abbrev  0x00001aae      0x184 .\CortexM0\ARM_GCC_541\Debug\CYBLE-224110-00 Clock firmware.a(ADC.o)
 .debug_abbrev  0x00001c32       0x65 .\CortexM0\ARM_GCC_541\Debug\CYBLE-224110-00 Clock firmware.a(ADC_INT.o)
 .debug_abbrev  0x00001c97       0xc8 .\CortexM0\ARM_GCC_541\Debug\CYBLE-224110-00 Clock firmware.a(pirPin.o)
 .debug_abbrev  0x00001d5f       0xc8 .\CortexM0\ARM_GCC_541\Debug\CYBLE-224110-00 Clock firmware.a(sqwPin.o)
 .debug_abbrev  0x00001e27      0x19a .\CortexM0\ARM_GCC_541\Debug\CYBLE-224110-00 Clock firmware.a(sqwPin_isr.o)
 .debug_abbrev  0x00001fc1      0x1f4 .\CortexM0\ARM_GCC_541\Debug\CYBLE-224110-00 Clock firmware.a(ledStrip.o)
 .debug_abbrev  0x000021b5      0x12b .\CortexM0\ARM_GCC_541\Debug\CYBLE-224110-00 Clock firmware.a(ledStrip_fonts.o)
 .debug_abbrev  0x000022e0       0xc8 .\CortexM0\ARM_GCC_541\Debug\CYBLE-224110-00 Clock firmware.a(I2C_sda.o)
 .debug_abbrev  0x000023a8       0xc8 .\CortexM0\ARM_GCC_541\Debug\CYBLE-224110-00 Clock firmware.a(I2C_scl.o)
 .debug_abbrev  0x00002470      0x19a .\CortexM0\ARM_GCC_541\Debug\CYBLE-224110-00 Clock firmware.a(ledStrip_cisr.o)
 .debug_abbrev  0x0000260a      0x19a .\CortexM0\ARM_GCC_541\Debug\CYBLE-224110-00 Clock firmware.a(ledStrip_fisr.o)
 .debug_abbrev  0x000027a4       0xc8 .\CortexM0\ARM_GCC_541\Debug\CYBLE-224110-00 Clock firmware.a(CPS.o)
 .debug_abbrev  0x0000286c       0xc8 .\CortexM0\ARM_GCC_541\Debug\CYBLE-224110-00 Clock firmware.a(CSD.o)
 .debug_abbrev  0x00002934       0xea .\CortexM0\ARM_GCC_541\Debug\CYBLE-224110-00 Clock firmware.a(Bootloadable.o)
 .debug_abbrev  0x00002a1e       0x14 .\CortexM0\ARM_GCC_541\Debug\CYBLE-224110-00 Clock firmware.a(CyBootAsmGnu.o)
 .debug_abbrev  0x00002a32       0x88 .\CortexM0\ARM_GCC_541\Debug\CYBLE-224110-00 Clock firmware.a(I2C_I2C_INT.o)

.debug_line     0x00000000     0x345f
 *(.debug_line)
 .debug_line    0x00000000      0x382 .\CortexM0\ARM_GCC_541\Debug\main.o
 .debug_line    0x00000382      0x240 .\CortexM0\ARM_GCC_541\Debug\ota_mandatory.o
 .debug_line    0x000005c2       0x1d .\CortexM0\ARM_GCC_541\Debug\debug.o
 .debug_line    0x000005df      0x1b8 .\CortexM0\ARM_GCC_541\Debug\cyfitter_cfg.o
 .debug_line    0x00000797      0x13d .\CortexM0\ARM_GCC_541\Debug\cymetadata.o
 .debug_line    0x000008d4      0x235 .\CortexM0\ARM_GCC_541\Debug\Cm0Start.o
 .debug_line    0x00000b09       0x53 .\CortexM0\ARM_GCC_541\Debug\cybootloader.o
 .debug_line    0x00000b5c      0x173 .\CortexM0\ARM_GCC_541\Debug\CYBLE-224110-00 Clock firmware.a(CyFlash.o)
 .debug_line    0x00000ccf      0x4f4 .\CortexM0\ARM_GCC_541\Debug\CYBLE-224110-00 Clock firmware.a(CyLib.o)
 .debug_line    0x000011c3      0x5db .\CortexM0\ARM_GCC_541\Debug\CYBLE-224110-00 Clock firmware.a(CyLFClk.o)
 .debug_line    0x0000179e      0x124 .\CortexM0\ARM_GCC_541\Debug\CYBLE-224110-00 Clock firmware.a(I2C.o)
 .debug_line    0x000018c2       0xa5 .\CortexM0\ARM_GCC_541\Debug\CYBLE-224110-00 Clock firmware.a(I2C_I2C.o)
 .debug_line    0x00001967      0x2a1 .\CortexM0\ARM_GCC_541\Debug\CYBLE-224110-00 Clock firmware.a(I2C_I2C_MASTER.o)
 .debug_line    0x00001c08      0x359 .\CortexM0\ARM_GCC_541\Debug\CYBLE-224110-00 Clock firmware.a(BLE.o)
 .debug_line    0x00001f61       0xfd .\CortexM0\ARM_GCC_541\Debug\CYBLE-224110-00 Clock firmware.a(BLE_gatt.o)
 .debug_line    0x0000205e      0x1bf .\CortexM0\ARM_GCC_541\Debug\CYBLE-224110-00 Clock firmware.a(BLE_eventHandler.o)
 .debug_line    0x0000221d       0x96 .\CortexM0\ARM_GCC_541\Debug\CYBLE-224110-00 Clock firmware.a(BLE_custom.o)
 .debug_line    0x000022b3      0x274 .\CortexM0\ARM_GCC_541\Debug\CYBLE-224110-00 Clock firmware.a(ADC.o)
 .debug_line    0x00002527       0x62 .\CortexM0\ARM_GCC_541\Debug\CYBLE-224110-00 Clock firmware.a(ADC_INT.o)
 .debug_line    0x00002589       0xbe .\CortexM0\ARM_GCC_541\Debug\CYBLE-224110-00 Clock firmware.a(pirPin.o)
 .debug_line    0x00002647       0xbe .\CortexM0\ARM_GCC_541\Debug\CYBLE-224110-00 Clock firmware.a(sqwPin.o)
 .debug_line    0x00002705      0x156 .\CortexM0\ARM_GCC_541\Debug\CYBLE-224110-00 Clock firmware.a(sqwPin_isr.o)
 .debug_line    0x0000285b      0x2de .\CortexM0\ARM_GCC_541\Debug\CYBLE-224110-00 Clock firmware.a(ledStrip.o)
 .debug_line    0x00002b39       0xfe .\CortexM0\ARM_GCC_541\Debug\CYBLE-224110-00 Clock firmware.a(ledStrip_fonts.o)
 .debug_line    0x00002c37       0xbf .\CortexM0\ARM_GCC_541\Debug\CYBLE-224110-00 Clock firmware.a(I2C_sda.o)
 .debug_line    0x00002cf6       0xbf .\CortexM0\ARM_GCC_541\Debug\CYBLE-224110-00 Clock firmware.a(I2C_scl.o)
 .debug_line    0x00002db5      0x159 .\CortexM0\ARM_GCC_541\Debug\CYBLE-224110-00 Clock firmware.a(ledStrip_cisr.o)
 .debug_line    0x00002f0e      0x159 .\CortexM0\ARM_GCC_541\Debug\CYBLE-224110-00 Clock firmware.a(ledStrip_fisr.o)
 .debug_line    0x00003067       0xbb .\CortexM0\ARM_GCC_541\Debug\CYBLE-224110-00 Clock firmware.a(CPS.o)
 .debug_line    0x00003122       0xbb .\CortexM0\ARM_GCC_541\Debug\CYBLE-224110-00 Clock firmware.a(CSD.o)
 .debug_line    0x000031dd       0xba .\CortexM0\ARM_GCC_541\Debug\CYBLE-224110-00 Clock firmware.a(Bootloadable.o)
 .debug_line    0x00003297       0x68 .\CortexM0\ARM_GCC_541\Debug\CYBLE-224110-00 Clock firmware.a(CyBootAsmGnu.o)
 .debug_line    0x000032ff      0x160 .\CortexM0\ARM_GCC_541\Debug\CYBLE-224110-00 Clock firmware.a(I2C_I2C_INT.o)

.debug_frame    0x00000000     0x1f60
 *(.debug_frame)
 .debug_frame   0x00000000      0x1bc .\CortexM0\ARM_GCC_541\Debug\main.o
 .debug_frame   0x000001bc       0xd8 .\CortexM0\ARM_GCC_541\Debug\ota_mandatory.o
 .debug_frame   0x00000294       0xb8 .\CortexM0\ARM_GCC_541\Debug\cyfitter_cfg.o
 .debug_frame   0x0000034c       0xbc .\CortexM0\ARM_GCC_541\Debug\Cm0Start.o
 .debug_frame   0x00000408       0x90 .\CortexM0\ARM_GCC_541\Debug\CYBLE-224110-00 Clock firmware.a(CyFlash.o)
 .debug_frame   0x00000498      0x458 .\CortexM0\ARM_GCC_541\Debug\CYBLE-224110-00 Clock firmware.a(CyLib.o)
 .debug_frame   0x000008f0      0x4a8 .\CortexM0\ARM_GCC_541\Debug\CYBLE-224110-00 Clock firmware.a(CyLFClk.o)
 .debug_frame   0x00000d98       0xe8 .\CortexM0\ARM_GCC_541\Debug\CYBLE-224110-00 Clock firmware.a(I2C.o)
 .debug_frame   0x00000e80       0x3c .\CortexM0\ARM_GCC_541\Debug\CYBLE-224110-00 Clock firmware.a(I2C_I2C.o)
 .debug_frame   0x00000ebc      0x16c .\CortexM0\ARM_GCC_541\Debug\CYBLE-224110-00 Clock firmware.a(I2C_I2C_MASTER.o)
 .debug_frame   0x00001028      0x180 .\CortexM0\ARM_GCC_541\Debug\CYBLE-224110-00 Clock firmware.a(BLE.o)
 .debug_frame   0x000011a8       0x4c .\CortexM0\ARM_GCC_541\Debug\CYBLE-224110-00 Clock firmware.a(BLE_gatt.o)
 .debug_frame   0x000011f4       0x74 .\CortexM0\ARM_GCC_541\Debug\CYBLE-224110-00 Clock firmware.a(BLE_eventHandler.o)
 .debug_frame   0x00001268       0x20 .\CortexM0\ARM_GCC_541\Debug\CYBLE-224110-00 Clock firmware.a(BLE_custom.o)
 .debug_frame   0x00001288      0x1b0 .\CortexM0\ARM_GCC_541\Debug\CYBLE-224110-00 Clock firmware.a(ADC.o)
 .debug_frame   0x00001438       0x20 .\CortexM0\ARM_GCC_541\Debug\CYBLE-224110-00 Clock firmware.a(ADC_INT.o)
 .debug_frame   0x00001458       0x70 .\CortexM0\ARM_GCC_541\Debug\CYBLE-224110-00 Clock firmware.a(pirPin.o)
 .debug_frame   0x000014c8       0x70 .\CortexM0\ARM_GCC_541\Debug\CYBLE-224110-00 Clock firmware.a(sqwPin.o)
 .debug_frame   0x00001538      0x110 .\CortexM0\ARM_GCC_541\Debug\CYBLE-224110-00 Clock firmware.a(sqwPin_isr.o)
 .debug_frame   0x00001648      0x1d0 .\CortexM0\ARM_GCC_541\Debug\CYBLE-224110-00 Clock firmware.a(ledStrip.o)
 .debug_frame   0x00001818       0x84 .\CortexM0\ARM_GCC_541\Debug\CYBLE-224110-00 Clock firmware.a(ledStrip_fonts.o)
 .debug_frame   0x0000189c       0x70 .\CortexM0\ARM_GCC_541\Debug\CYBLE-224110-00 Clock firmware.a(I2C_sda.o)
 .debug_frame   0x0000190c       0x70 .\CortexM0\ARM_GCC_541\Debug\CYBLE-224110-00 Clock firmware.a(I2C_scl.o)
 .debug_frame   0x0000197c      0x110 .\CortexM0\ARM_GCC_541\Debug\CYBLE-224110-00 Clock firmware.a(ledStrip_cisr.o)
 .debug_frame   0x00001a8c      0x110 .\CortexM0\ARM_GCC_541\Debug\CYBLE-224110-00 Clock firmware.a(ledStrip_fisr.o)
 .debug_frame   0x00001b9c       0x70 .\CortexM0\ARM_GCC_541\Debug\CYBLE-224110-00 Clock firmware.a(CPS.o)
 .debug_frame   0x00001c0c       0x70 .\CortexM0\ARM_GCC_541\Debug\CYBLE-224110-00 Clock firmware.a(CSD.o)
 .debug_frame   0x00001c7c       0x50 .\CortexM0\ARM_GCC_541\Debug\CYBLE-224110-00 Clock firmware.a(Bootloadable.o)
 .debug_frame   0x00001ccc       0x2c .\CortexM0\ARM_GCC_541\Debug\CYBLE-224110-00 Clock firmware.a(I2C_I2C_INT.o)
 .debug_frame   0x00001cf8       0x20 d:/apps/cypress psoc creator/psoc creator/4.1/psoc creator/import/gnu/arm/5.4.1/bin/../lib/gcc/arm-none-eabi/5.4.1/armv6-m\libgcc.a(_udivsi3.o)
 .debug_frame   0x00001d18       0x20 d:/apps/cypress psoc creator/psoc creator/4.1/psoc creator/import/gnu/arm/5.4.1/bin/../lib/gcc/arm-none-eabi/5.4.1/armv6-m\libgcc.a(_divsi3.o)
 .debug_frame   0x00001d38       0x34 d:/apps/cypress psoc creator/psoc creator/4.1/psoc creator/import/gnu/arm/5.4.1/bin/../lib/gcc/arm-none-eabi/5.4.1/armv6-m\libgcc.a(_muldi3.o)
 .debug_frame   0x00001d6c       0x30 d:/apps/cypress psoc creator/psoc creator/4.1/psoc creator/import/gnu/arm/5.4.1/bin/../lib/gcc/arm-none-eabi/5.4.1/armv6-m\libgcc.a(bpabi.o)
 .debug_frame   0x00001d9c       0x3c d:/apps/cypress psoc creator/psoc creator/4.1/psoc creator/import/gnu/arm/5.4.1/bin/../lib/gcc/arm-none-eabi/5.4.1/armv6-m\libgcc.a(divsf3.o)
 .debug_frame   0x00001dd8       0x38 d:/apps/cypress psoc creator/psoc creator/4.1/psoc creator/import/gnu/arm/5.4.1/bin/../lib/gcc/arm-none-eabi/5.4.1/armv6-m\libgcc.a(mulsf3.o)
 .debug_frame   0x00001e10       0x2c d:/apps/cypress psoc creator/psoc creator/4.1/psoc creator/import/gnu/arm/5.4.1/bin/../lib/gcc/arm-none-eabi/5.4.1/armv6-m\libgcc.a(floatsisf.o)
 .debug_frame   0x00001e3c       0x3c d:/apps/cypress psoc creator/psoc creator/4.1/psoc creator/import/gnu/arm/5.4.1/bin/../lib/gcc/arm-none-eabi/5.4.1/armv6-m\libgcc.a(_divdi3.o)
 .debug_frame   0x00001e78       0x20 d:/apps/cypress psoc creator/psoc creator/4.1/psoc creator/import/gnu/arm/5.4.1/bin/../lib/gcc/arm-none-eabi/5.4.1/../../../../arm-none-eabi/lib/armv6-m\libg_nano.a(lib_a-errno.o)
 .debug_frame   0x00001e98       0x28 d:/apps/cypress psoc creator/psoc creator/4.1/psoc creator/import/gnu/arm/5.4.1/bin/../lib/gcc/arm-none-eabi/5.4.1/../../../../arm-none-eabi/lib/armv6-m\libg_nano.a(lib_a-exit.o)
 .debug_frame   0x00001ec0       0x2c d:/apps/cypress psoc creator/psoc creator/4.1/psoc creator/import/gnu/arm/5.4.1/bin/../lib/gcc/arm-none-eabi/5.4.1/../../../../arm-none-eabi/lib/armv6-m\libg_nano.a(lib_a-init.o)
 .debug_frame   0x00001eec       0x2c d:/apps/cypress psoc creator/psoc creator/4.1/psoc creator/import/gnu/arm/5.4.1/bin/../lib/gcc/arm-none-eabi/5.4.1/../../../../arm-none-eabi/lib/armv6-m\libg_nano.a(lib_a-memcmp.o)
 .debug_frame   0x00001f18       0x28 d:/apps/cypress psoc creator/psoc creator/4.1/psoc creator/import/gnu/arm/5.4.1/bin/../lib/gcc/arm-none-eabi/5.4.1/../../../../arm-none-eabi/lib/armv6-m\libg_nano.a(lib_a-memcpy-stub.o)
 .debug_frame   0x00001f40       0x20 d:/apps/cypress psoc creator/psoc creator/4.1/psoc creator/import/gnu/arm/5.4.1/bin/../lib/gcc/arm-none-eabi/5.4.1/../../../../arm-none-eabi/lib/armv6-m\libg_nano.a(lib_a-memset.o)

.debug_str      0x00000000     0x78b2
 *(.debug_str)
 .debug_str     0x00000000      0xf3a .\CortexM0\ARM_GCC_541\Debug\main.o
                                0xf90 (size before relaxing)
 .debug_str     0x00000f3a      0x26d .\CortexM0\ARM_GCC_541\Debug\ota_mandatory.o
                                0x49c (size before relaxing)
 .debug_str     0x000011a7        0x8 .\CortexM0\ARM_GCC_541\Debug\debug.o
                                0x1bd (size before relaxing)
 .debug_str     0x000011af      0x16f .\CortexM0\ARM_GCC_541\Debug\cyfitter_cfg.o
                                0x389 (size before relaxing)
 .debug_str     0x0000131e       0x3f .\CortexM0\ARM_GCC_541\Debug\cymetadata.o
                                0x1de (size before relaxing)
 .debug_str     0x0000135d       0xe3 .\CortexM0\ARM_GCC_541\Debug\Cm0Start.o
                                0x34a (size before relaxing)
 .debug_str     0x00001440       0x78 .\CortexM0\ARM_GCC_541\Debug\cybootloader.o
                                0x227 (size before relaxing)
 .debug_str     0x000014b8       0xe9 .\CortexM0\ARM_GCC_541\Debug\CYBLE-224110-00 Clock firmware.a(CyFlash.o)
                                0x2ea (size before relaxing)
 .debug_str     0x000015a1      0x4ea .\CortexM0\ARM_GCC_541\Debug\CYBLE-224110-00 Clock firmware.a(CyLib.o)
                                0x7a4 (size before relaxing)
 .debug_str     0x00001a8b      0x6ea .\CortexM0\ARM_GCC_541\Debug\CYBLE-224110-00 Clock firmware.a(CyLFClk.o)
                                0x972 (size before relaxing)
 .debug_str     0x00002175       0xfb .\CortexM0\ARM_GCC_541\Debug\CYBLE-224110-00 Clock firmware.a(I2C.o)
                                0x2f8 (size before relaxing)
 .debug_str     0x00002270       0x60 .\CortexM0\ARM_GCC_541\Debug\CYBLE-224110-00 Clock firmware.a(I2C_I2C.o)
                                0x274 (size before relaxing)
 .debug_str     0x000022d0      0x1b7 .\CortexM0\ARM_GCC_541\Debug\CYBLE-224110-00 Clock firmware.a(I2C_I2C_MASTER.o)
                                0x45d (size before relaxing)
 .debug_str     0x00002487      0xda4 .\CortexM0\ARM_GCC_541\Debug\CYBLE-224110-00 Clock firmware.a(BLE.o)
                               0x197b (size before relaxing)
 .debug_str     0x0000322b     0x2d65 .\CortexM0\ARM_GCC_541\Debug\CYBLE-224110-00 Clock firmware.a(BLE_gatt.o)
                               0x3f98 (size before relaxing)
 .debug_str     0x00005f90      0xca6 .\CortexM0\ARM_GCC_541\Debug\CYBLE-224110-00 Clock firmware.a(BLE_eventHandler.o)
                               0x253b (size before relaxing)
 .debug_str     0x00006c36       0x9f .\CortexM0\ARM_GCC_541\Debug\CYBLE-224110-00 Clock firmware.a(BLE_custom.o)
                                0xb5c (size before relaxing)
 .debug_str     0x00006cd5      0x18b .\CortexM0\ARM_GCC_541\Debug\CYBLE-224110-00 Clock firmware.a(ADC.o)
                                0x3fe (size before relaxing)
 .debug_str     0x00006e60       0x35 .\CortexM0\ARM_GCC_541\Debug\CYBLE-224110-00 Clock firmware.a(ADC_INT.o)
                                0x1f7 (size before relaxing)
 .debug_str     0x00006e95       0xa6 .\CortexM0\ARM_GCC_541\Debug\CYBLE-224110-00 Clock firmware.a(pirPin.o)
                                0x277 (size before relaxing)
 .debug_str     0x00006f3b       0x78 .\CortexM0\ARM_GCC_541\Debug\CYBLE-224110-00 Clock firmware.a(sqwPin.o)
                                0x277 (size before relaxing)
 .debug_str     0x00006fb3      0x128 .\CortexM0\ARM_GCC_541\Debug\CYBLE-224110-00 Clock firmware.a(sqwPin_isr.o)
                                0x36a (size before relaxing)
 .debug_str     0x000070db      0x22e .\CortexM0\ARM_GCC_541\Debug\CYBLE-224110-00 Clock firmware.a(ledStrip.o)
                                0xd1d (size before relaxing)
 .debug_str     0x00007309       0xd6 .\CortexM0\ARM_GCC_541\Debug\CYBLE-224110-00 Clock firmware.a(ledStrip_fonts.o)
                                0xbbb (size before relaxing)
 .debug_str     0x000073df       0x80 .\CortexM0\ARM_GCC_541\Debug\CYBLE-224110-00 Clock firmware.a(I2C_sda.o)
                                0x27e (size before relaxing)
 .debug_str     0x0000745f       0x80 .\CortexM0\ARM_GCC_541\Debug\CYBLE-224110-00 Clock firmware.a(I2C_scl.o)
                                0x27e (size before relaxing)
 .debug_str     0x000074df      0x140 .\CortexM0\ARM_GCC_541\Debug\CYBLE-224110-00 Clock firmware.a(ledStrip_cisr.o)
                                0x394 (size before relaxing)
 .debug_str     0x0000761f      0x140 .\CortexM0\ARM_GCC_541\Debug\CYBLE-224110-00 Clock firmware.a(ledStrip_fisr.o)
                                0x394 (size before relaxing)
 .debug_str     0x0000775f       0x6f .\CortexM0\ARM_GCC_541\Debug\CYBLE-224110-00 Clock firmware.a(CPS.o)
                                0x262 (size before relaxing)
 .debug_str     0x000077ce       0x6f .\CortexM0\ARM_GCC_541\Debug\CYBLE-224110-00 Clock firmware.a(CSD.o)
                                0x262 (size before relaxing)
 .debug_str     0x0000783d       0x2e .\CortexM0\ARM_GCC_541\Debug\CYBLE-224110-00 Clock firmware.a(Bootloadable.o)
                                0x27d (size before relaxing)
 .debug_str     0x0000786b       0x47 .\CortexM0\ARM_GCC_541\Debug\CYBLE-224110-00 Clock firmware.a(I2C_I2C_INT.o)
                                0x2e4 (size before relaxing)

.debug_loc      0x00000000     0x45b6
 *(.debug_loc)
 .debug_loc     0x00000000      0x3bf .\CortexM0\ARM_GCC_541\Debug\main.o
 .debug_loc     0x000003bf      0x3de .\CortexM0\ARM_GCC_541\Debug\ota_mandatory.o
 .debug_loc     0x0000079d      0x136 .\CortexM0\ARM_GCC_541\Debug\cyfitter_cfg.o
 .debug_loc     0x000008d3      0x14f .\CortexM0\ARM_GCC_541\Debug\Cm0Start.o
 .debug_loc     0x00000a22      0x160 .\CortexM0\ARM_GCC_541\Debug\CYBLE-224110-00 Clock firmware.a(CyFlash.o)
 .debug_loc     0x00000b82      0x66b .\CortexM0\ARM_GCC_541\Debug\CYBLE-224110-00 Clock firmware.a(CyLib.o)
 .debug_loc     0x000011ed      0xdaa .\CortexM0\ARM_GCC_541\Debug\CYBLE-224110-00 Clock firmware.a(CyLFClk.o)
 .debug_loc     0x00001f97       0x7e .\CortexM0\ARM_GCC_541\Debug\CYBLE-224110-00 Clock firmware.a(I2C.o)
 .debug_loc     0x00002015      0x8e4 .\CortexM0\ARM_GCC_541\Debug\CYBLE-224110-00 Clock firmware.a(I2C_I2C_MASTER.o)
 .debug_loc     0x000028f9      0x527 .\CortexM0\ARM_GCC_541\Debug\CYBLE-224110-00 Clock firmware.a(BLE.o)
 .debug_loc     0x00002e20       0xa1 .\CortexM0\ARM_GCC_541\Debug\CYBLE-224110-00 Clock firmware.a(BLE_gatt.o)
 .debug_loc     0x00002ec1      0x20d .\CortexM0\ARM_GCC_541\Debug\CYBLE-224110-00 Clock firmware.a(BLE_eventHandler.o)
 .debug_loc     0x000030ce      0x3aa .\CortexM0\ARM_GCC_541\Debug\CYBLE-224110-00 Clock firmware.a(ADC.o)
 .debug_loc     0x00003478       0xa2 .\CortexM0\ARM_GCC_541\Debug\CYBLE-224110-00 Clock firmware.a(pirPin.o)
 .debug_loc     0x0000351a       0xa2 .\CortexM0\ARM_GCC_541\Debug\CYBLE-224110-00 Clock firmware.a(sqwPin.o)
 .debug_loc     0x000035bc       0x82 .\CortexM0\ARM_GCC_541\Debug\CYBLE-224110-00 Clock firmware.a(sqwPin_isr.o)
 .debug_loc     0x0000363e      0x794 .\CortexM0\ARM_GCC_541\Debug\CYBLE-224110-00 Clock firmware.a(ledStrip.o)
 .debug_loc     0x00003dd2      0x252 .\CortexM0\ARM_GCC_541\Debug\CYBLE-224110-00 Clock firmware.a(ledStrip_fonts.o)
 .debug_loc     0x00004024       0xa2 .\CortexM0\ARM_GCC_541\Debug\CYBLE-224110-00 Clock firmware.a(I2C_sda.o)
 .debug_loc     0x000040c6       0xa2 .\CortexM0\ARM_GCC_541\Debug\CYBLE-224110-00 Clock firmware.a(I2C_scl.o)
 .debug_loc     0x00004168       0x82 .\CortexM0\ARM_GCC_541\Debug\CYBLE-224110-00 Clock firmware.a(ledStrip_cisr.o)
 .debug_loc     0x000041ea       0x82 .\CortexM0\ARM_GCC_541\Debug\CYBLE-224110-00 Clock firmware.a(ledStrip_fisr.o)
 .debug_loc     0x0000426c       0xa2 .\CortexM0\ARM_GCC_541\Debug\CYBLE-224110-00 Clock firmware.a(CPS.o)
 .debug_loc     0x0000430e       0xa2 .\CortexM0\ARM_GCC_541\Debug\CYBLE-224110-00 Clock firmware.a(CSD.o)
 .debug_loc     0x000043b0       0xfa .\CortexM0\ARM_GCC_541\Debug\CYBLE-224110-00 Clock firmware.a(Bootloadable.o)
 .debug_loc     0x000044aa      0x10c .\CortexM0\ARM_GCC_541\Debug\CYBLE-224110-00 Clock firmware.a(I2C_I2C_INT.o)

.debug_macinfo
 *(.debug_macinfo)

.debug_ranges   0x00000000      0xa30
 *(.debug_ranges)
 .debug_ranges  0x00000000       0x78 .\CortexM0\ARM_GCC_541\Debug\main.o
 .debug_ranges  0x00000078       0x38 .\CortexM0\ARM_GCC_541\Debug\ota_mandatory.o
 .debug_ranges  0x000000b0       0x38 .\CortexM0\ARM_GCC_541\Debug\cyfitter_cfg.o
 .debug_ranges  0x000000e8       0x38 .\CortexM0\ARM_GCC_541\Debug\Cm0Start.o
 .debug_ranges  0x00000120       0x30 .\CortexM0\ARM_GCC_541\Debug\CYBLE-224110-00 Clock firmware.a(CyFlash.o)
 .debug_ranges  0x00000150      0x1a0 .\CortexM0\ARM_GCC_541\Debug\CYBLE-224110-00 Clock firmware.a(CyLib.o)
 .debug_ranges  0x000002f0      0x178 .\CortexM0\ARM_GCC_541\Debug\CYBLE-224110-00 Clock firmware.a(CyLFClk.o)
 .debug_ranges  0x00000468       0x50 .\CortexM0\ARM_GCC_541\Debug\CYBLE-224110-00 Clock firmware.a(I2C.o)
 .debug_ranges  0x000004b8       0x18 .\CortexM0\ARM_GCC_541\Debug\CYBLE-224110-00 Clock firmware.a(I2C_I2C.o)
 .debug_ranges  0x000004d0       0x78 .\CortexM0\ARM_GCC_541\Debug\CYBLE-224110-00 Clock firmware.a(I2C_I2C_MASTER.o)
 .debug_ranges  0x00000548       0x78 .\CortexM0\ARM_GCC_541\Debug\CYBLE-224110-00 Clock firmware.a(BLE.o)
 .debug_ranges  0x000005c0       0x18 .\CortexM0\ARM_GCC_541\Debug\CYBLE-224110-00 Clock firmware.a(BLE_gatt.o)
 .debug_ranges  0x000005d8       0x28 .\CortexM0\ARM_GCC_541\Debug\CYBLE-224110-00 Clock firmware.a(BLE_eventHandler.o)
 .debug_ranges  0x00000600       0x10 .\CortexM0\ARM_GCC_541\Debug\CYBLE-224110-00 Clock firmware.a(BLE_custom.o)
 .debug_ranges  0x00000610       0x98 .\CortexM0\ARM_GCC_541\Debug\CYBLE-224110-00 Clock firmware.a(ADC.o)
 .debug_ranges  0x000006a8       0x10 .\CortexM0\ARM_GCC_541\Debug\CYBLE-224110-00 Clock firmware.a(ADC_INT.o)
 .debug_ranges  0x000006b8       0x38 .\CortexM0\ARM_GCC_541\Debug\CYBLE-224110-00 Clock firmware.a(pirPin.o)
 .debug_ranges  0x000006f0       0x38 .\CortexM0\ARM_GCC_541\Debug\CYBLE-224110-00 Clock firmware.a(sqwPin.o)
 .debug_ranges  0x00000728       0x70 .\CortexM0\ARM_GCC_541\Debug\CYBLE-224110-00 Clock firmware.a(sqwPin_isr.o)
 .debug_ranges  0x00000798       0x90 .\CortexM0\ARM_GCC_541\Debug\CYBLE-224110-00 Clock firmware.a(ledStrip.o)
 .debug_ranges  0x00000828       0x20 .\CortexM0\ARM_GCC_541\Debug\CYBLE-224110-00 Clock firmware.a(ledStrip_fonts.o)
 .debug_ranges  0x00000848       0x38 .\CortexM0\ARM_GCC_541\Debug\CYBLE-224110-00 Clock firmware.a(I2C_sda.o)
 .debug_ranges  0x00000880       0x38 .\CortexM0\ARM_GCC_541\Debug\CYBLE-224110-00 Clock firmware.a(I2C_scl.o)
 .debug_ranges  0x000008b8       0x70 .\CortexM0\ARM_GCC_541\Debug\CYBLE-224110-00 Clock firmware.a(ledStrip_cisr.o)
 .debug_ranges  0x00000928       0x70 .\CortexM0\ARM_GCC_541\Debug\CYBLE-224110-00 Clock firmware.a(ledStrip_fisr.o)
 .debug_ranges  0x00000998       0x38 .\CortexM0\ARM_GCC_541\Debug\CYBLE-224110-00 Clock firmware.a(CPS.o)
 .debug_ranges  0x000009d0       0x38 .\CortexM0\ARM_GCC_541\Debug\CYBLE-224110-00 Clock firmware.a(CSD.o)
 .debug_ranges  0x00000a08       0x18 .\CortexM0\ARM_GCC_541\Debug\CYBLE-224110-00 Clock firmware.a(Bootloadable.o)
 .debug_ranges  0x00000a20       0x10 .\CortexM0\ARM_GCC_541\Debug\CYBLE-224110-00 Clock firmware.a(I2C_I2C_INT.o)

.comment        0x00000000       0x6e
 .comment       0x00000000       0x6e .\CortexM0\ARM_GCC_541\Debug\main.o
                                 0x6f (size before relaxing)
 .comment       0x0000006e       0x6f .\CortexM0\ARM_GCC_541\Debug\ota_mandatory.o
 .comment       0x0000006e       0x6f .\CortexM0\ARM_GCC_541\Debug\debug.o
 .comment       0x0000006e       0x6f .\CortexM0\ARM_GCC_541\Debug\cyfitter_cfg.o
 .comment       0x0000006e       0x6f .\CortexM0\ARM_GCC_541\Debug\cymetadata.o
 .comment       0x0000006e       0x6f .\CortexM0\ARM_GCC_541\Debug\Cm0Start.o
 .comment       0x0000006e       0x6f .\CortexM0\ARM_GCC_541\Debug\cybootloader.o
 .comment       0x0000006e       0x6f .\CortexM0\ARM_GCC_541\Debug\CYBLE-224110-00 Clock firmware.a(CyFlash.o)
 .comment       0x0000006e       0x6f .\CortexM0\ARM_GCC_541\Debug\CYBLE-224110-00 Clock firmware.a(CyLib.o)
 .comment       0x0000006e       0x6f .\CortexM0\ARM_GCC_541\Debug\CYBLE-224110-00 Clock firmware.a(CyLFClk.o)
 .comment       0x0000006e       0x6f .\CortexM0\ARM_GCC_541\Debug\CYBLE-224110-00 Clock firmware.a(I2C.o)
 .comment       0x0000006e       0x6f .\CortexM0\ARM_GCC_541\Debug\CYBLE-224110-00 Clock firmware.a(I2C_I2C.o)
 .comment       0x0000006e       0x6f .\CortexM0\ARM_GCC_541\Debug\CYBLE-224110-00 Clock firmware.a(I2C_I2C_MASTER.o)
 .comment       0x0000006e       0x6f .\CortexM0\ARM_GCC_541\Debug\CYBLE-224110-00 Clock firmware.a(BLE.o)
 .comment       0x0000006e       0x6f .\CortexM0\ARM_GCC_541\Debug\CYBLE-224110-00 Clock firmware.a(BLE_gatt.o)
 .comment       0x0000006e       0x6f .\CortexM0\ARM_GCC_541\Debug\CYBLE-224110-00 Clock firmware.a(BLE_eventHandler.o)
 .comment       0x0000006e       0x6f .\CortexM0\ARM_GCC_541\Debug\CYBLE-224110-00 Clock firmware.a(BLE_custom.o)
 .comment       0x0000006e       0x6f .\CortexM0\ARM_GCC_541\Debug\CYBLE-224110-00 Clock firmware.a(ADC.o)
 .comment       0x0000006e       0x6f .\CortexM0\ARM_GCC_541\Debug\CYBLE-224110-00 Clock firmware.a(ADC_INT.o)
 .comment       0x0000006e       0x6f .\CortexM0\ARM_GCC_541\Debug\CYBLE-224110-00 Clock firmware.a(pirPin.o)
 .comment       0x0000006e       0x6f .\CortexM0\ARM_GCC_541\Debug\CYBLE-224110-00 Clock firmware.a(sqwPin.o)
 .comment       0x0000006e       0x6f .\CortexM0\ARM_GCC_541\Debug\CYBLE-224110-00 Clock firmware.a(sqwPin_isr.o)
 .comment       0x0000006e       0x6f .\CortexM0\ARM_GCC_541\Debug\CYBLE-224110-00 Clock firmware.a(ledStrip.o)
 .comment       0x0000006e       0x6f .\CortexM0\ARM_GCC_541\Debug\CYBLE-224110-00 Clock firmware.a(ledStrip_fonts.o)
 .comment       0x0000006e       0x6f .\CortexM0\ARM_GCC_541\Debug\CYBLE-224110-00 Clock firmware.a(I2C_sda.o)
 .comment       0x0000006e       0x6f .\CortexM0\ARM_GCC_541\Debug\CYBLE-224110-00 Clock firmware.a(I2C_scl.o)
 .comment       0x0000006e       0x6f .\CortexM0\ARM_GCC_541\Debug\CYBLE-224110-00 Clock firmware.a(ledStrip_cisr.o)
 .comment       0x0000006e       0x6f .\CortexM0\ARM_GCC_541\Debug\CYBLE-224110-00 Clock firmware.a(ledStrip_fisr.o)
 .comment       0x0000006e       0x6f .\CortexM0\ARM_GCC_541\Debug\CYBLE-224110-00 Clock firmware.a(CPS.o)
 .comment       0x0000006e       0x6f .\CortexM0\ARM_GCC_541\Debug\CYBLE-224110-00 Clock firmware.a(CSD.o)
 .comment       0x0000006e       0x6f .\CortexM0\ARM_GCC_541\Debug\CYBLE-224110-00 Clock firmware.a(Bootloadable.o)
 .comment       0x0000006e       0x6f .\CortexM0\ARM_GCC_541\Debug\CYBLE-224110-00 Clock firmware.a(I2C_I2C_INT.o)

.debug_weaknames
 *(.debug_weaknames)

.debug_funcnames
 *(.debug_funcnames)

.debug_typenames
 *(.debug_typenames)

.debug_varnames
 *(.debug_varnames)

.note.gnu.arm.ident