Archive member included to satisfy reference by file (symbol)

.\CortexM0\ARM_GCC_541\Debug\BLE_OTA_UpgradableStackExample_Launcher01.a(Launcher.o)
                              .\CortexM0\ARM_GCC_541\Debug\Cm0Start.o (CyBtldr_CheckLaunch)
.\CortexM0\ARM_GCC_541\Debug\BLE_OTA_UpgradableStackExample_Launcher01.a(L_LED.o)
                              .\CortexM0\ARM_GCC_541\Debug\main.o (L_LED_Write)
.\CortexM0\ARM_GCC_541\Debug\BLE_OTA_UpgradableStackExample_Launcher01.a(UART.o)
                              .\CortexM0\ARM_GCC_541\Debug\main.o (UART_PutString)
.\CortexM0\ARM_GCC_541\Debug\BLE_OTA_UpgradableStackExample_Launcher01.a(CyFlash.o)
                              .\CortexM0\ARM_GCC_541\Debug\BLE_OTA_UpgradableStackExample_Launcher01.a(Launcher.o) (CySysFlashWriteRow)
.\CortexM0\ARM_GCC_541\Debug\BLE_OTA_UpgradableStackExample_Launcher01.a(CyLib.o)
                              .\CortexM0\ARM_GCC_541\Debug\cyfitter_cfg.o (CyIntSetVector)
.\CortexM0\ARM_GCC_541\Debug\BLE_OTA_UpgradableStackExample_Launcher01.a(CyLFClk.o)
                              .\CortexM0\ARM_GCC_541\Debug\cyfitter_cfg.o (CySysWdtIsr)
.\CortexM0\ARM_GCC_541\Debug\BLE_OTA_UpgradableStackExample_Launcher01.a(UART_AsmGnu.o)
                              .\CortexM0\ARM_GCC_541\Debug\main.o (UART_PutChar)
.\CortexM0\ARM_GCC_541\Debug\BLE_OTA_UpgradableStackExample_Launcher01.a(CyBootAsmGnu.o)
                              .\CortexM0\ARM_GCC_541\Debug\BLE_OTA_UpgradableStackExample_Launcher01.a(CyLib.o) (CyDelayCycles)
d:/apps/cypress psoc creator/psoc creator/4.1/psoc creator/import/gnu/arm/5.4.1/bin/../lib/gcc/arm-none-eabi/5.4.1/armv6-m\libgcc.a(_thumb1_case_uqi.o)
                              .\CortexM0\ARM_GCC_541\Debug\BLE_OTA_UpgradableStackExample_Launcher01.a(Launcher.o) (__gnu_thumb1_case_uqi)
d:/apps/cypress psoc creator/psoc creator/4.1/psoc creator/import/gnu/arm/5.4.1/bin/../lib/gcc/arm-none-eabi/5.4.1/armv6-m\libgcc.a(_udivsi3.o)
                              .\CortexM0\ARM_GCC_541\Debug\debug.o (__aeabi_uidiv)
d:/apps/cypress psoc creator/psoc creator/4.1/psoc creator/import/gnu/arm/5.4.1/bin/../lib/gcc/arm-none-eabi/5.4.1/armv6-m\libgcc.a(_divsi3.o)
                              .\CortexM0\ARM_GCC_541\Debug\BLE_OTA_UpgradableStackExample_Launcher01.a(CyLFClk.o) (__aeabi_idiv)
d:/apps/cypress psoc creator/psoc creator/4.1/psoc creator/import/gnu/arm/5.4.1/bin/../lib/gcc/arm-none-eabi/5.4.1/armv6-m\libgcc.a(_dvmd_tls.o)
                              d:/apps/cypress psoc creator/psoc creator/4.1/psoc creator/import/gnu/arm/5.4.1/bin/../lib/gcc/arm-none-eabi/5.4.1/armv6-m\libgcc.a(_udivsi3.o) (__aeabi_idiv0)
d:/apps/cypress psoc creator/psoc creator/4.1/psoc creator/import/gnu/arm/5.4.1/bin/../lib/gcc/arm-none-eabi/5.4.1/../../../../arm-none-eabi/lib/armv6-m\libg_nano.a(lib_a-errno.o)
                              .\CortexM0\ARM_GCC_541\Debug\Cm0Start.o (__errno)
d:/apps/cypress psoc creator/psoc creator/4.1/psoc creator/import/gnu/arm/5.4.1/bin/../lib/gcc/arm-none-eabi/5.4.1/../../../../arm-none-eabi/lib/armv6-m\libg_nano.a(lib_a-exit.o)
                              d:/apps/cypress psoc creator/psoc creator/4.1/psoc creator/import/gnu/arm/5.4.1/bin/../lib/gcc/arm-none-eabi/5.4.1/../../../../arm-none-eabi/lib/armv6-m/crt0.o (exit)
d:/apps/cypress psoc creator/psoc creator/4.1/psoc creator/import/gnu/arm/5.4.1/bin/../lib/gcc/arm-none-eabi/5.4.1/../../../../arm-none-eabi/lib/armv6-m\libg_nano.a(lib_a-impure.o)
                              d:/apps/cypress psoc creator/psoc creator/4.1/psoc creator/import/gnu/arm/5.4.1/bin/../lib/gcc/arm-none-eabi/5.4.1/../../../../arm-none-eabi/lib/armv6-m\libg_nano.a(lib_a-exit.o) (_global_impure_ptr)
d:/apps/cypress psoc creator/psoc creator/4.1/psoc creator/import/gnu/arm/5.4.1/bin/../lib/gcc/arm-none-eabi/5.4.1/../../../../arm-none-eabi/lib/armv6-m\libg_nano.a(lib_a-init.o)
                              d:/apps/cypress psoc creator/psoc creator/4.1/psoc creator/import/gnu/arm/5.4.1/bin/../lib/gcc/arm-none-eabi/5.4.1/../../../../arm-none-eabi/lib/armv6-m/crt0.o (__libc_init_array)
d:/apps/cypress psoc creator/psoc creator/4.1/psoc creator/import/gnu/arm/5.4.1/bin/../lib/gcc/arm-none-eabi/5.4.1/../../../../arm-none-eabi/lib/armv6-m\libg_nano.a(lib_a-memcpy-stub.o)
                              .\CortexM0\ARM_GCC_541\Debug\BLE_OTA_UpgradableStackExample_Launcher01.a(CyFlash.o) (memcpy)
d:/apps/cypress psoc creator/psoc creator/4.1/psoc creator/import/gnu/arm/5.4.1/bin/../lib/gcc/arm-none-eabi/5.4.1/../../../../arm-none-eabi/lib/armv6-m\libg_nano.a(lib_a-memset.o)
                              d:/apps/cypress psoc creator/psoc creator/4.1/psoc creator/import/gnu/arm/5.4.1/bin/../lib/gcc/arm-none-eabi/5.4.1/../../../../arm-none-eabi/lib/armv6-m/crt0.o (memset)

Discarded input sections

 .text          0x00000000        0x0 d:/apps/cypress psoc creator/psoc creator/4.1/psoc creator/import/gnu/arm/5.4.1/bin/../lib/gcc/arm-none-eabi/5.4.1/armv6-m/crti.o
 .data          0x00000000        0x0 d:/apps/cypress psoc creator/psoc creator/4.1/psoc creator/import/gnu/arm/5.4.1/bin/../lib/gcc/arm-none-eabi/5.4.1/armv6-m/crti.o
 .bss           0x00000000        0x0 d:/apps/cypress psoc creator/psoc creator/4.1/psoc creator/import/gnu/arm/5.4.1/bin/../lib/gcc/arm-none-eabi/5.4.1/armv6-m/crti.o
 .data          0x00000000        0x4 d:/apps/cypress psoc creator/psoc creator/4.1/psoc creator/import/gnu/arm/5.4.1/bin/../lib/gcc/arm-none-eabi/5.4.1/armv6-m/crtbegin.o
 .text          0x00000000       0x78 d:/apps/cypress psoc creator/psoc creator/4.1/psoc creator/import/gnu/arm/5.4.1/bin/../lib/gcc/arm-none-eabi/5.4.1/../../../../arm-none-eabi/lib/armv6-m/crt0.o
 .data          0x00000000        0x0 d:/apps/cypress psoc creator/psoc creator/4.1/psoc creator/import/gnu/arm/5.4.1/bin/../lib/gcc/arm-none-eabi/5.4.1/../../../../arm-none-eabi/lib/armv6-m/crt0.o
 .bss           0x00000000        0x0 d:/apps/cypress psoc creator/psoc creator/4.1/psoc creator/import/gnu/arm/5.4.1/bin/../lib/gcc/arm-none-eabi/5.4.1/../../../../arm-none-eabi/lib/armv6-m/crt0.o
 .ARM.extab     0x00000000        0x0 d:/apps/cypress psoc creator/psoc creator/4.1/psoc creator/import/gnu/arm/5.4.1/bin/../lib/gcc/arm-none-eabi/5.4.1/../../../../arm-none-eabi/lib/armv6-m/crt0.o
 .ARM.exidx     0x00000000        0x8 d:/apps/cypress psoc creator/psoc creator/4.1/psoc creator/import/gnu/arm/5.4.1/bin/../lib/gcc/arm-none-eabi/5.4.1/../../../../arm-none-eabi/lib/armv6-m/crt0.o
 .text          0x00000000        0x0 .\CortexM0\ARM_GCC_541\Debug\main.o
 .data          0x00000000        0x0 .\CortexM0\ARM_GCC_541\Debug\main.o
 .bss           0x00000000        0x0 .\CortexM0\ARM_GCC_541\Debug\main.o
 .text          0x00000000        0x0 .\CortexM0\ARM_GCC_541\Debug\debug.o
 .data          0x00000000        0x0 .\CortexM0\ARM_GCC_541\Debug\debug.o
 .bss           0x00000000        0x0 .\CortexM0\ARM_GCC_541\Debug\debug.o
 .text._write   0x00000000       0x1c .\CortexM0\ARM_GCC_541\Debug\debug.o
 .text.DBG_PRINT_DEC
                0x00000000       0x48 .\CortexM0\ARM_GCC_541\Debug\debug.o
 .text.DBG_PRINT_HEX
                0x00000000       0x26 .\CortexM0\ARM_GCC_541\Debug\debug.o
 .text.DBG_PRINT_HEX_TEXT
                0x00000000       0x10 .\CortexM0\ARM_GCC_541\Debug\debug.o
 .text.DBG_PRINT_HEX8_TEXT
                0x00000000       0x12 .\CortexM0\ARM_GCC_541\Debug\debug.o
 .text.DBG_PRINT_DEC_TEXT
                0x00000000       0x10 .\CortexM0\ARM_GCC_541\Debug\debug.o
 .text          0x00000000        0x0 .\CortexM0\ARM_GCC_541\Debug\cyfitter_cfg.o
 .data          0x00000000        0x0 .\CortexM0\ARM_GCC_541\Debug\cyfitter_cfg.o
 .bss           0x00000000        0x0 .\CortexM0\ARM_GCC_541\Debug\cyfitter_cfg.o
 .text          0x00000000        0x0 .\CortexM0\ARM_GCC_541\Debug\cymetadata.o
 .data          0x00000000        0x0 .\CortexM0\ARM_GCC_541\Debug\cymetadata.o
 .bss           0x00000000        0x0 .\CortexM0\ARM_GCC_541\Debug\cymetadata.o
 .text          0x00000000        0x0 .\CortexM0\ARM_GCC_541\Debug\Cm0Start.o
 .data          0x00000000        0x4 .\CortexM0\ARM_GCC_541\Debug\Cm0Start.o
 .bss           0x00000000        0x0 .\CortexM0\ARM_GCC_541\Debug\Cm0Start.o
 .text._exit    0x00000000        0xa .\CortexM0\ARM_GCC_541\Debug\Cm0Start.o
 .text._sbrk    0x00000000       0x30 .\CortexM0\ARM_GCC_541\Debug\Cm0Start.o
 .text          0x00000000        0x0 .\CortexM0\ARM_GCC_541\Debug\BLE_OTA_UpgradableStackExample_Launcher01.a(Launcher.o)
 .bss           0x00000000        0x0 .\CortexM0\ARM_GCC_541\Debug\BLE_OTA_UpgradableStackExample_Launcher01.a(Launcher.o)
 .text.Launcher_Calc8BitSum
                0x00000000       0x26 .\CortexM0\ARM_GCC_541\Debug\BLE_OTA_UpgradableStackExample_Launcher01.a(Launcher.o)
 .text.Launcher_Exit
                0x00000000       0x50 .\CortexM0\ARM_GCC_541\Debug\BLE_OTA_UpgradableStackExample_Launcher01.a(Launcher.o)
 .text          0x00000000        0x0 .\CortexM0\ARM_GCC_541\Debug\BLE_OTA_UpgradableStackExample_Launcher01.a(L_LED.o)
 .data          0x00000000        0x0 .\CortexM0\ARM_GCC_541\Debug\BLE_OTA_UpgradableStackExample_Launcher01.a(L_LED.o)
 .bss           0x00000000        0x0 .\CortexM0\ARM_GCC_541\Debug\BLE_OTA_UpgradableStackExample_Launcher01.a(L_LED.o)
 .text.L_LED_SetDriveMode
                0x00000000       0x18 .\CortexM0\ARM_GCC_541\Debug\BLE_OTA_UpgradableStackExample_Launcher01.a(L_LED.o)
 .text.L_LED_Read
                0x00000000       0x10 .\CortexM0\ARM_GCC_541\Debug\BLE_OTA_UpgradableStackExample_Launcher01.a(L_LED.o)
 .text.L_LED_ReadDataReg
                0x00000000       0x10 .\CortexM0\ARM_GCC_541\Debug\BLE_OTA_UpgradableStackExample_Launcher01.a(L_LED.o)
 .text.L_LED_SetInterruptMode
                0x00000000       0x14 .\CortexM0\ARM_GCC_541\Debug\BLE_OTA_UpgradableStackExample_Launcher01.a(L_LED.o)
 .text.L_LED_ClearInterrupt
                0x00000000       0x14 .\CortexM0\ARM_GCC_541\Debug\BLE_OTA_UpgradableStackExample_Launcher01.a(L_LED.o)
 .text          0x00000000        0x0 .\CortexM0\ARM_GCC_541\Debug\BLE_OTA_UpgradableStackExample_Launcher01.a(UART.o)
 .bss           0x00000000        0x0 .\CortexM0\ARM_GCC_541\Debug\BLE_OTA_UpgradableStackExample_Launcher01.a(UART.o)
 .text.UART_Start
                0x00000000        0x2 .\CortexM0\ARM_GCC_541\Debug\BLE_OTA_UpgradableStackExample_Launcher01.a(UART.o)
 .text.UART_Stop
                0x00000000        0x2 .\CortexM0\ARM_GCC_541\Debug\BLE_OTA_UpgradableStackExample_Launcher01.a(UART.o)
 .text.UART_PutArray
                0x00000000       0x16 .\CortexM0\ARM_GCC_541\Debug\BLE_OTA_UpgradableStackExample_Launcher01.a(UART.o)
 .text.UART_PutHexByte
                0x00000000       0x20 .\CortexM0\ARM_GCC_541\Debug\BLE_OTA_UpgradableStackExample_Launcher01.a(UART.o)
 .text.UART_PutHexInt
                0x00000000       0x12 .\CortexM0\ARM_GCC_541\Debug\BLE_OTA_UpgradableStackExample_Launcher01.a(UART.o)
 .text.UART_PutCRLF
                0x00000000       0x10 .\CortexM0\ARM_GCC_541\Debug\BLE_OTA_UpgradableStackExample_Launcher01.a(UART.o)
 .rodata        0x00000000       0x11 .\CortexM0\ARM_GCC_541\Debug\BLE_OTA_UpgradableStackExample_Launcher01.a(UART.o)
 .text          0x00000000        0x0 .\CortexM0\ARM_GCC_541\Debug\BLE_OTA_UpgradableStackExample_Launcher01.a(CyFlash.o)
 .data          0x00000000        0x0 .\CortexM0\ARM_GCC_541\Debug\BLE_OTA_UpgradableStackExample_Launcher01.a(CyFlash.o)
 .bss           0x00000000        0x0 .\CortexM0\ARM_GCC_541\Debug\BLE_OTA_UpgradableStackExample_Launcher01.a(CyFlash.o)
 .text.CySysFlashSetWaitCycles
                0x00000000       0x50 .\CortexM0\ARM_GCC_541\Debug\BLE_OTA_UpgradableStackExample_Launcher01.a(CyFlash.o)
 .text.CySysSFlashWriteUserRow
                0x00000000       0xb8 .\CortexM0\ARM_GCC_541\Debug\BLE_OTA_UpgradableStackExample_Launcher01.a(CyFlash.o)
 .text          0x00000000        0x0 .\CortexM0\ARM_GCC_541\Debug\BLE_OTA_UpgradableStackExample_Launcher01.a(CyLib.o)
 .bss           0x00000000       0x18 .\CortexM0\ARM_GCC_541\Debug\BLE_OTA_UpgradableStackExample_Launcher01.a(CyLib.o)
 .text.CySysClkImoStart
                0x00000000       0x14 .\CortexM0\ARM_GCC_541\Debug\BLE_OTA_UpgradableStackExample_Launcher01.a(CyLib.o)
 .text.CySysClkImoStop
                0x00000000       0x10 .\CortexM0\ARM_GCC_541\Debug\BLE_OTA_UpgradableStackExample_Launcher01.a(CyLib.o)
 .text.CySysClkWriteHfclkDirect
                0x00000000       0x20 .\CortexM0\ARM_GCC_541\Debug\BLE_OTA_UpgradableStackExample_Launcher01.a(CyLib.o)
 .text.CySysEnablePumpClock
                0x00000000       0x34 .\CortexM0\ARM_GCC_541\Debug\BLE_OTA_UpgradableStackExample_Launcher01.a(CyLib.o)
 .text.CySysClkGetSysclkSource
                0x00000000       0x18 .\CortexM0\ARM_GCC_541\Debug\BLE_OTA_UpgradableStackExample_Launcher01.a(CyLib.o)
 .text.CySysClkWriteSysclkDiv
                0x00000000       0x2c .\CortexM0\ARM_GCC_541\Debug\BLE_OTA_UpgradableStackExample_Launcher01.a(CyLib.o)
 .text.CySysClkEcoStop
                0x00000000       0x24 .\CortexM0\ARM_GCC_541\Debug\BLE_OTA_UpgradableStackExample_Launcher01.a(CyLib.o)
 .text.CySysClkEcoReadStatus
                0x00000000       0x10 .\CortexM0\ARM_GCC_541\Debug\BLE_OTA_UpgradableStackExample_Launcher01.a(CyLib.o)
 .text.CySysClkWriteEcoDiv
                0x00000000       0x34 .\CortexM0\ARM_GCC_541\Debug\BLE_OTA_UpgradableStackExample_Launcher01.a(CyLib.o)
 .text.CySysLvdDisable
                0x00000000       0x20 .\CortexM0\ARM_GCC_541\Debug\BLE_OTA_UpgradableStackExample_Launcher01.a(CyLib.o)
 .text.CySysLvdGetInterruptSource
                0x00000000       0x10 .\CortexM0\ARM_GCC_541\Debug\BLE_OTA_UpgradableStackExample_Launcher01.a(CyLib.o)
 .text.CySysLvdClearInterrupt
                0x00000000        0xc .\CortexM0\ARM_GCC_541\Debug\BLE_OTA_UpgradableStackExample_Launcher01.a(CyLib.o)
 .text.CySysGetResetReason
                0x00000000       0x14 .\CortexM0\ARM_GCC_541\Debug\BLE_OTA_UpgradableStackExample_Launcher01.a(CyLib.o)
 .text.CyDisableInts
                0x00000000       0x10 .\CortexM0\ARM_GCC_541\Debug\BLE_OTA_UpgradableStackExample_Launcher01.a(CyLib.o)
 .text.CyEnableInts
                0x00000000        0xc .\CortexM0\ARM_GCC_541\Debug\BLE_OTA_UpgradableStackExample_Launcher01.a(CyLib.o)
 .text.CyIntSetSysVector
                0x00000000       0x14 .\CortexM0\ARM_GCC_541\Debug\BLE_OTA_UpgradableStackExample_Launcher01.a(CyLib.o)
 .text.CyIntGetSysVector
                0x00000000       0x12 .\CortexM0\ARM_GCC_541\Debug\BLE_OTA_UpgradableStackExample_Launcher01.a(CyLib.o)
 .text.CyIntGetVector
                0x00000000       0x14 .\CortexM0\ARM_GCC_541\Debug\BLE_OTA_UpgradableStackExample_Launcher01.a(CyLib.o)
 .text.CyIntSetPriority
                0x00000000       0x40 .\CortexM0\ARM_GCC_541\Debug\BLE_OTA_UpgradableStackExample_Launcher01.a(CyLib.o)
 .text.CyIntGetPriority
                0x00000000       0x28 .\CortexM0\ARM_GCC_541\Debug\BLE_OTA_UpgradableStackExample_Launcher01.a(CyLib.o)
 .text.CyIntGetState
                0x00000000       0x18 .\CortexM0\ARM_GCC_541\Debug\BLE_OTA_UpgradableStackExample_Launcher01.a(CyLib.o)
 .text.CyIntDisable
                0x00000000       0x14 .\CortexM0\ARM_GCC_541\Debug\BLE_OTA_UpgradableStackExample_Launcher01.a(CyLib.o)
 .text.CyIntSetPending
                0x00000000       0x14 .\CortexM0\ARM_GCC_541\Debug\BLE_OTA_UpgradableStackExample_Launcher01.a(CyLib.o)
 .text.CyIntClearPending
                0x00000000       0x14 .\CortexM0\ARM_GCC_541\Debug\BLE_OTA_UpgradableStackExample_Launcher01.a(CyLib.o)
 .text.CyDelay  0x00000000       0x2c .\CortexM0\ARM_GCC_541\Debug\BLE_OTA_UpgradableStackExample_Launcher01.a(CyLib.o)
 .text.CySysClkEcoStart
                0x00000000       0x58 .\CortexM0\ARM_GCC_541\Debug\BLE_OTA_UpgradableStackExample_Launcher01.a(CyLib.o)
 .text.CySysLvdEnable
                0x00000000       0x44 .\CortexM0\ARM_GCC_541\Debug\BLE_OTA_UpgradableStackExample_Launcher01.a(CyLib.o)
 .text.CyDelayFreq
                0x00000000       0x48 .\CortexM0\ARM_GCC_541\Debug\BLE_OTA_UpgradableStackExample_Launcher01.a(CyLib.o)
 .text.CySysTickInit
                0x00000000       0x54 .\CortexM0\ARM_GCC_541\Debug\BLE_OTA_UpgradableStackExample_Launcher01.a(CyLib.o)
 .text.CySysTickStop
                0x00000000       0x10 .\CortexM0\ARM_GCC_541\Debug\BLE_OTA_UpgradableStackExample_Launcher01.a(CyLib.o)
 .text.CySysTickEnableInterrupt
                0x00000000       0x10 .\CortexM0\ARM_GCC_541\Debug\BLE_OTA_UpgradableStackExample_Launcher01.a(CyLib.o)
 .text.CySysTickEnable
                0x00000000       0x18 .\CortexM0\ARM_GCC_541\Debug\BLE_OTA_UpgradableStackExample_Launcher01.a(CyLib.o)
 .text.CySysTickStart
                0x00000000       0x1c .\CortexM0\ARM_GCC_541\Debug\BLE_OTA_UpgradableStackExample_Launcher01.a(CyLib.o)
 .text.CySysTickDisableInterrupt
                0x00000000       0x10 .\CortexM0\ARM_GCC_541\Debug\BLE_OTA_UpgradableStackExample_Launcher01.a(CyLib.o)
 .text.CySysTickSetReload
                0x00000000       0x10 .\CortexM0\ARM_GCC_541\Debug\BLE_OTA_UpgradableStackExample_Launcher01.a(CyLib.o)
 .text.CySysTickGetReload
                0x00000000       0x10 .\CortexM0\ARM_GCC_541\Debug\BLE_OTA_UpgradableStackExample_Launcher01.a(CyLib.o)
 .text.CySysTickGetValue
                0x00000000       0x10 .\CortexM0\ARM_GCC_541\Debug\BLE_OTA_UpgradableStackExample_Launcher01.a(CyLib.o)
 .text.CySysTickSetClockSource
                0x00000000       0x18 .\CortexM0\ARM_GCC_541\Debug\BLE_OTA_UpgradableStackExample_Launcher01.a(CyLib.o)
 .text.CySysTickGetClockSource
                0x00000000       0x10 .\CortexM0\ARM_GCC_541\Debug\BLE_OTA_UpgradableStackExample_Launcher01.a(CyLib.o)
 .text.CySysTickGetCountFlag
                0x00000000       0x10 .\CortexM0\ARM_GCC_541\Debug\BLE_OTA_UpgradableStackExample_Launcher01.a(CyLib.o)
 .text.CySysTickServiceCallbacks
                0x00000000       0x24 .\CortexM0\ARM_GCC_541\Debug\BLE_OTA_UpgradableStackExample_Launcher01.a(CyLib.o)
 .text.CySysTickClear
                0x00000000        0xc .\CortexM0\ARM_GCC_541\Debug\BLE_OTA_UpgradableStackExample_Launcher01.a(CyLib.o)
 .text.CySysTickSetCallback
                0x00000000       0x10 .\CortexM0\ARM_GCC_541\Debug\BLE_OTA_UpgradableStackExample_Launcher01.a(CyLib.o)
 .text.CySysTickGetCallback
                0x00000000        0xc .\CortexM0\ARM_GCC_541\Debug\BLE_OTA_UpgradableStackExample_Launcher01.a(CyLib.o)
 .text.CyGetUniqueId
                0x00000000       0x74 .\CortexM0\ARM_GCC_541\Debug\BLE_OTA_UpgradableStackExample_Launcher01.a(CyLib.o)
 .text          0x00000000        0x0 .\CortexM0\ARM_GCC_541\Debug\BLE_OTA_UpgradableStackExample_Launcher01.a(CyLFClk.o)
 .text.CySysClkWcoSetHighPowerMode
                0x00000000       0x34 .\CortexM0\ARM_GCC_541\Debug\BLE_OTA_UpgradableStackExample_Launcher01.a(CyLFClk.o)
 .text.CySysClkIloStart
                0x00000000       0x14 .\CortexM0\ARM_GCC_541\Debug\BLE_OTA_UpgradableStackExample_Launcher01.a(CyLFClk.o)
 .text.CySysClkIloStartMeasurement
                0x00000000       0x58 .\CortexM0\ARM_GCC_541\Debug\BLE_OTA_UpgradableStackExample_Launcher01.a(CyLFClk.o)
 .text.CySysClkIloStopMeasurement
                0x00000000       0x14 .\CortexM0\ARM_GCC_541\Debug\BLE_OTA_UpgradableStackExample_Launcher01.a(CyLFClk.o)
 .text.CySysClkIloCompensate
                0x00000000       0xe8 .\CortexM0\ARM_GCC_541\Debug\BLE_OTA_UpgradableStackExample_Launcher01.a(CyLFClk.o)
 .text.CySysClkIloUpdateTrimReg
                0x00000000       0x90 .\CortexM0\ARM_GCC_541\Debug\BLE_OTA_UpgradableStackExample_Launcher01.a(CyLFClk.o)
 .text.CySysClkIloTrim
                0x00000000       0xbc .\CortexM0\ARM_GCC_541\Debug\BLE_OTA_UpgradableStackExample_Launcher01.a(CyLFClk.o)
 .text.CySysClkIloRestoreFactoryTrim
                0x00000000       0x2c .\CortexM0\ARM_GCC_541\Debug\BLE_OTA_UpgradableStackExample_Launcher01.a(CyLFClk.o)
 .text.CySysClkWcoStart
                0x00000000       0x18 .\CortexM0\ARM_GCC_541\Debug\BLE_OTA_UpgradableStackExample_Launcher01.a(CyLFClk.o)
 .text.CySysClkWcoEnabled
                0x00000000        0xc .\CortexM0\ARM_GCC_541\Debug\BLE_OTA_UpgradableStackExample_Launcher01.a(CyLFClk.o)
 .text.CySysClkWcoSetPowerMode
                0x00000000       0x54 .\CortexM0\ARM_GCC_541\Debug\BLE_OTA_UpgradableStackExample_Launcher01.a(CyLFClk.o)
 .text.CySysClkWcoClockOutSelect
                0x00000000       0x2c .\CortexM0\ARM_GCC_541\Debug\BLE_OTA_UpgradableStackExample_Launcher01.a(CyLFClk.o)
 .text.CySysWdtGetEnabledStatus
                0x00000000       0x24 .\CortexM0\ARM_GCC_541\Debug\BLE_OTA_UpgradableStackExample_Launcher01.a(CyLFClk.o)
 .text.CySysWdtSetMode
                0x00000000       0x38 .\CortexM0\ARM_GCC_541\Debug\BLE_OTA_UpgradableStackExample_Launcher01.a(CyLFClk.o)
 .text.CySysClkLfclkPosedgeRestore
                0x00000000       0x2c .\CortexM0\ARM_GCC_541\Debug\BLE_OTA_UpgradableStackExample_Launcher01.a(CyLFClk.o)
 .text.CySysWdtGetMode
                0x00000000       0x14 .\CortexM0\ARM_GCC_541\Debug\BLE_OTA_UpgradableStackExample_Launcher01.a(CyLFClk.o)
 .text.CySysWdtSetClearOnMatch
                0x00000000       0x38 .\CortexM0\ARM_GCC_541\Debug\BLE_OTA_UpgradableStackExample_Launcher01.a(CyLFClk.o)
 .text.CySysWdtGetClearOnMatch
                0x00000000       0x24 .\CortexM0\ARM_GCC_541\Debug\BLE_OTA_UpgradableStackExample_Launcher01.a(CyLFClk.o)
 .text.CySysWdtEnable
                0x00000000       0x38 .\CortexM0\ARM_GCC_541\Debug\BLE_OTA_UpgradableStackExample_Launcher01.a(CyLFClk.o)
 .text.CySysWdtDisable
                0x00000000       0x48 .\CortexM0\ARM_GCC_541\Debug\BLE_OTA_UpgradableStackExample_Launcher01.a(CyLFClk.o)
 .text.CySysWdtSetCascade
                0x00000000       0x34 .\CortexM0\ARM_GCC_541\Debug\BLE_OTA_UpgradableStackExample_Launcher01.a(CyLFClk.o)
 .text.CySysWdtGetCascade
                0x00000000       0x14 .\CortexM0\ARM_GCC_541\Debug\BLE_OTA_UpgradableStackExample_Launcher01.a(CyLFClk.o)
 .text.CySysWdtSetMatch
                0x00000000       0x50 .\CortexM0\ARM_GCC_541\Debug\BLE_OTA_UpgradableStackExample_Launcher01.a(CyLFClk.o)
 .text.CySysWdtSetToggleBit
                0x00000000       0x2c .\CortexM0\ARM_GCC_541\Debug\BLE_OTA_UpgradableStackExample_Launcher01.a(CyLFClk.o)
 .text.CySysWdtGetToggleBit
                0x00000000       0x10 .\CortexM0\ARM_GCC_541\Debug\BLE_OTA_UpgradableStackExample_Launcher01.a(CyLFClk.o)
 .text.CySysWdtGetMatch
                0x00000000       0x20 .\CortexM0\ARM_GCC_541\Debug\BLE_OTA_UpgradableStackExample_Launcher01.a(CyLFClk.o)
 .text.CySysWdtGetCount
                0x00000000       0x38 .\CortexM0\ARM_GCC_541\Debug\BLE_OTA_UpgradableStackExample_Launcher01.a(CyLFClk.o)
 .text.CySysClkLfclkPosedgeCatch
                0x00000000       0x68 .\CortexM0\ARM_GCC_541\Debug\BLE_OTA_UpgradableStackExample_Launcher01.a(CyLFClk.o)
 .text.CySysClkIloStop
                0x00000000       0x54 .\CortexM0\ARM_GCC_541\Debug\BLE_OTA_UpgradableStackExample_Launcher01.a(CyLFClk.o)
 .text.CySysClkSetLfclkSource
                0x00000000       0x38 .\CortexM0\ARM_GCC_541\Debug\BLE_OTA_UpgradableStackExample_Launcher01.a(CyLFClk.o)
 .text.CySysClkWcoStop
                0x00000000       0x48 .\CortexM0\ARM_GCC_541\Debug\BLE_OTA_UpgradableStackExample_Launcher01.a(CyLFClk.o)
 .text.CySysWdtGetInterruptSource
                0x00000000       0x14 .\CortexM0\ARM_GCC_541\Debug\BLE_OTA_UpgradableStackExample_Launcher01.a(CyLFClk.o)
 .text.CySysWdtResetCounters
                0x00000000       0x1c .\CortexM0\ARM_GCC_541\Debug\BLE_OTA_UpgradableStackExample_Launcher01.a(CyLFClk.o)
 .text.CySysWdtSetInterruptCallback
                0x00000000       0x20 .\CortexM0\ARM_GCC_541\Debug\BLE_OTA_UpgradableStackExample_Launcher01.a(CyLFClk.o)
 .text.CySysWdtGetInterruptCallback
                0x00000000       0x20 .\CortexM0\ARM_GCC_541\Debug\BLE_OTA_UpgradableStackExample_Launcher01.a(CyLFClk.o)
 .text.CySysWdtEnableCounterIsr
                0x00000000       0x34 .\CortexM0\ARM_GCC_541\Debug\BLE_OTA_UpgradableStackExample_Launcher01.a(CyLFClk.o)
 .text.CySysWdtDisableCounterIsr
                0x00000000       0x28 .\CortexM0\ARM_GCC_541\Debug\BLE_OTA_UpgradableStackExample_Launcher01.a(CyLFClk.o)
 .text.CySysWatchdogFeed
                0x00000000       0x4e .\CortexM0\ARM_GCC_541\Debug\BLE_OTA_UpgradableStackExample_Launcher01.a(CyLFClk.o)
 .text.CySysTimerDelayUntilMatch
                0x00000000       0x6c .\CortexM0\ARM_GCC_541\Debug\BLE_OTA_UpgradableStackExample_Launcher01.a(CyLFClk.o)
 .text.CySysTimerDelay
                0x00000000       0x3c .\CortexM0\ARM_GCC_541\Debug\BLE_OTA_UpgradableStackExample_Launcher01.a(CyLFClk.o)
 .rodata        0x00000000        0xc .\CortexM0\ARM_GCC_541\Debug\BLE_OTA_UpgradableStackExample_Launcher01.a(CyLFClk.o)
 .data          0x00000000        0x0 .\CortexM0\ARM_GCC_541\Debug\BLE_OTA_UpgradableStackExample_Launcher01.a(UART_AsmGnu.o)
 .bss           0x00000000        0x0 .\CortexM0\ARM_GCC_541\Debug\BLE_OTA_UpgradableStackExample_Launcher01.a(UART_AsmGnu.o)
 .data          0x00000000        0x0 .\CortexM0\ARM_GCC_541\Debug\BLE_OTA_UpgradableStackExample_Launcher01.a(CyBootAsmGnu.o)
 .bss           0x00000000        0x0 .\CortexM0\ARM_GCC_541\Debug\BLE_OTA_UpgradableStackExample_Launcher01.a(CyBootAsmGnu.o)
 .data          0x00000000        0x0 d:/apps/cypress psoc creator/psoc creator/4.1/psoc creator/import/gnu/arm/5.4.1/bin/../lib/gcc/arm-none-eabi/5.4.1/armv6-m\libgcc.a(_thumb1_case_uqi.o)
 .bss           0x00000000        0x0 d:/apps/cypress psoc creator/psoc creator/4.1/psoc creator/import/gnu/arm/5.4.1/bin/../lib/gcc/arm-none-eabi/5.4.1/armv6-m\libgcc.a(_thumb1_case_uqi.o)
 .data          0x00000000        0x0 d:/apps/cypress psoc creator/psoc creator/4.1/psoc creator/import/gnu/arm/5.4.1/bin/../lib/gcc/arm-none-eabi/5.4.1/armv6-m\libgcc.a(_udivsi3.o)
 .bss           0x00000000        0x0 d:/apps/cypress psoc creator/psoc creator/4.1/psoc creator/import/gnu/arm/5.4.1/bin/../lib/gcc/arm-none-eabi/5.4.1/armv6-m\libgcc.a(_udivsi3.o)
 .text          0x00000000      0x1d4 d:/apps/cypress psoc creator/psoc creator/4.1/psoc creator/import/gnu/arm/5.4.1/bin/../lib/gcc/arm-none-eabi/5.4.1/armv6-m\libgcc.a(_divsi3.o)
 .data          0x00000000        0x0 d:/apps/cypress psoc creator/psoc creator/4.1/psoc creator/import/gnu/arm/5.4.1/bin/../lib/gcc/arm-none-eabi/5.4.1/armv6-m\libgcc.a(_divsi3.o)
 .bss           0x00000000        0x0 d:/apps/cypress psoc creator/psoc creator/4.1/psoc creator/import/gnu/arm/5.4.1/bin/../lib/gcc/arm-none-eabi/5.4.1/armv6-m\libgcc.a(_divsi3.o)
 .data          0x00000000        0x0 d:/apps/cypress psoc creator/psoc creator/4.1/psoc creator/import/gnu/arm/5.4.1/bin/../lib/gcc/arm-none-eabi/5.4.1/armv6-m\libgcc.a(_dvmd_tls.o)
 .bss           0x00000000        0x0 d:/apps/cypress psoc creator/psoc creator/4.1/psoc creator/import/gnu/arm/5.4.1/bin/../lib/gcc/arm-none-eabi/5.4.1/armv6-m\libgcc.a(_dvmd_tls.o)
 .text          0x00000000        0x0 d:/apps/cypress psoc creator/psoc creator/4.1/psoc creator/import/gnu/arm/5.4.1/bin/../lib/gcc/arm-none-eabi/5.4.1/../../../../arm-none-eabi/lib/armv6-m\libg_nano.a(lib_a-errno.o)
 .data          0x00000000        0x0 d:/apps/cypress psoc creator/psoc creator/4.1/psoc creator/import/gnu/arm/5.4.1/bin/../lib/gcc/arm-none-eabi/5.4.1/../../../../arm-none-eabi/lib/armv6-m\libg_nano.a(lib_a-errno.o)
 .bss           0x00000000        0x0 d:/apps/cypress psoc creator/psoc creator/4.1/psoc creator/import/gnu/arm/5.4.1/bin/../lib/gcc/arm-none-eabi/5.4.1/../../../../arm-none-eabi/lib/armv6-m\libg_nano.a(lib_a-errno.o)
 .text          0x00000000        0x0 d:/apps/cypress psoc creator/psoc creator/4.1/psoc creator/import/gnu/arm/5.4.1/bin/../lib/gcc/arm-none-eabi/5.4.1/../../../../arm-none-eabi/lib/armv6-m\libg_nano.a(lib_a-exit.o)
 .data          0x00000000        0x0 d:/apps/cypress psoc creator/psoc creator/4.1/psoc creator/import/gnu/arm/5.4.1/bin/../lib/gcc/arm-none-eabi/5.4.1/../../../../arm-none-eabi/lib/armv6-m\libg_nano.a(lib_a-exit.o)
 .bss           0x00000000        0x0 d:/apps/cypress psoc creator/psoc creator/4.1/psoc creator/import/gnu/arm/5.4.1/bin/../lib/gcc/arm-none-eabi/5.4.1/../../../../arm-none-eabi/lib/armv6-m\libg_nano.a(lib_a-exit.o)
 .text.exit     0x00000000       0x2c d:/apps/cypress psoc creator/psoc creator/4.1/psoc creator/import/gnu/arm/5.4.1/bin/../lib/gcc/arm-none-eabi/5.4.1/../../../../arm-none-eabi/lib/armv6-m\libg_nano.a(lib_a-exit.o)
 .text          0x00000000        0x0 d:/apps/cypress psoc creator/psoc creator/4.1/psoc creator/import/gnu/arm/5.4.1/bin/../lib/gcc/arm-none-eabi/5.4.1/../../../../arm-none-eabi/lib/armv6-m\libg_nano.a(lib_a-impure.o)
 .data          0x00000000        0x0 d:/apps/cypress psoc creator/psoc creator/4.1/psoc creator/import/gnu/arm/5.4.1/bin/../lib/gcc/arm-none-eabi/5.4.1/../../../../arm-none-eabi/lib/armv6-m\libg_nano.a(lib_a-impure.o)
 .bss           0x00000000        0x0 d:/apps/cypress psoc creator/psoc creator/4.1/psoc creator/import/gnu/arm/5.4.1/bin/../lib/gcc/arm-none-eabi/5.4.1/../../../../arm-none-eabi/lib/armv6-m\libg_nano.a(lib_a-impure.o)
 .rodata._global_impure_ptr
                0x00000000        0x4 d:/apps/cypress psoc creator/psoc creator/4.1/psoc creator/import/gnu/arm/5.4.1/bin/../lib/gcc/arm-none-eabi/5.4.1/../../../../arm-none-eabi/lib/armv6-m\libg_nano.a(lib_a-impure.o)
 .text          0x00000000        0x0 d:/apps/cypress psoc creator/psoc creator/4.1/psoc creator/import/gnu/arm/5.4.1/bin/../lib/gcc/arm-none-eabi/5.4.1/../../../../arm-none-eabi/lib/armv6-m\libg_nano.a(lib_a-init.o)
 .data          0x00000000        0x0 d:/apps/cypress psoc creator/psoc creator/4.1/psoc creator/import/gnu/arm/5.4.1/bin/../lib/gcc/arm-none-eabi/5.4.1/../../../../arm-none-eabi/lib/armv6-m\libg_nano.a(lib_a-init.o)
 .bss           0x00000000        0x0 d:/apps/cypress psoc creator/psoc creator/4.1/psoc creator/import/gnu/arm/5.4.1/bin/../lib/gcc/arm-none-eabi/5.4.1/../../../../arm-none-eabi/lib/armv6-m\libg_nano.a(lib_a-init.o)
 .text          0x00000000        0x0 d:/apps/cypress psoc creator/psoc creator/4.1/psoc creator/import/gnu/arm/5.4.1/bin/../lib/gcc/arm-none-eabi/5.4.1/../../../../arm-none-eabi/lib/armv6-m\libg_nano.a(lib_a-memcpy-stub.o)
 .data          0x00000000        0x0 d:/apps/cypress psoc creator/psoc creator/4.1/psoc creator/import/gnu/arm/5.4.1/bin/../lib/gcc/arm-none-eabi/5.4.1/../../../../arm-none-eabi/lib/armv6-m\libg_nano.a(lib_a-memcpy-stub.o)
 .bss           0x00000000        0x0 d:/apps/cypress psoc creator/psoc creator/4.1/psoc creator/import/gnu/arm/5.4.1/bin/../lib/gcc/arm-none-eabi/5.4.1/../../../../arm-none-eabi/lib/armv6-m\libg_nano.a(lib_a-memcpy-stub.o)
 .text          0x00000000        0x0 d:/apps/cypress psoc creator/psoc creator/4.1/psoc creator/import/gnu/arm/5.4.1/bin/../lib/gcc/arm-none-eabi/5.4.1/../../../../arm-none-eabi/lib/armv6-m\libg_nano.a(lib_a-memset.o)
 .data          0x00000000        0x0 d:/apps/cypress psoc creator/psoc creator/4.1/psoc creator/import/gnu/arm/5.4.1/bin/../lib/gcc/arm-none-eabi/5.4.1/../../../../arm-none-eabi/lib/armv6-m\libg_nano.a(lib_a-memset.o)
 .bss           0x00000000        0x0 d:/apps/cypress psoc creator/psoc creator/4.1/psoc creator/import/gnu/arm/5.4.1/bin/../lib/gcc/arm-none-eabi/5.4.1/../../../../arm-none-eabi/lib/armv6-m\libg_nano.a(lib_a-memset.o)
 .text          0x00000000        0x0 d:/apps/cypress psoc creator/psoc creator/4.1/psoc creator/import/gnu/arm/5.4.1/bin/../lib/gcc/arm-none-eabi/5.4.1/armv6-m/crtend.o
 .data          0x00000000        0x0 d:/apps/cypress psoc creator/psoc creator/4.1/psoc creator/import/gnu/arm/5.4.1/bin/../lib/gcc/arm-none-eabi/5.4.1/armv6-m/crtend.o
 .bss           0x00000000        0x0 d:/apps/cypress psoc creator/psoc creator/4.1/psoc creator/import/gnu/arm/5.4.1/bin/../lib/gcc/arm-none-eabi/5.4.1/armv6-m/crtend.o
 .text          0x00000000        0x0 d:/apps/cypress psoc creator/psoc creator/4.1/psoc creator/import/gnu/arm/5.4.1/bin/../lib/gcc/arm-none-eabi/5.4.1/armv6-m/crtn.o
 .data          0x00000000        0x0 d:/apps/cypress psoc creator/psoc creator/4.1/psoc creator/import/gnu/arm/5.4.1/bin/../lib/gcc/arm-none-eabi/5.4.1/armv6-m/crtn.o
 .bss           0x00000000        0x0 d:/apps/cypress psoc creator/psoc creator/4.1/psoc creator/import/gnu/arm/5.4.1/bin/../lib/gcc/arm-none-eabi/5.4.1/armv6-m/crtn.o

Memory Configuration

Name             Origin             Length             Attributes
rom              0x00000000         0x00040000         xr
ram              0x20000000         0x00008000         xrw
*default*        0x00000000         0xffffffff

Linker script and memory map

LOAD d:/apps/cypress psoc creator/psoc creator/4.1/psoc creator/import/gnu/arm/5.4.1/bin/../lib/gcc/arm-none-eabi/5.4.1/armv6-m/crti.o
LOAD d:/apps/cypress psoc creator/psoc creator/4.1/psoc creator/import/gnu/arm/5.4.1/bin/../lib/gcc/arm-none-eabi/5.4.1/armv6-m/crtbegin.o
LOAD d:/apps/cypress psoc creator/psoc creator/4.1/psoc creator/import/gnu/arm/5.4.1/bin/../lib/gcc/arm-none-eabi/5.4.1/../../../../arm-none-eabi/lib/armv6-m/crt0.o
START GROUP
LOAD .\CortexM0\ARM_GCC_541\Debug\main.o
LOAD .\CortexM0\ARM_GCC_541\Debug\debug.o
LOAD .\CortexM0\ARM_GCC_541\Debug\cyfitter_cfg.o
LOAD .\CortexM0\ARM_GCC_541\Debug\cymetadata.o
LOAD .\CortexM0\ARM_GCC_541\Debug\Cm0Start.o
LOAD .\CortexM0\ARM_GCC_541\Debug\BLE_OTA_UpgradableStackExample_Launcher01.a
LOAD D:\Apps\Cypress PSoc Creator\PSoC Creator\4.1\PSoC Creator\psoc\content\cycomponentlibrary\CyComponentLibrary.cylib\CortexM0\ARM_GCC_541\Debug\CyComponentLibrary.a
END GROUP
START GROUP
LOAD d:/apps/cypress psoc creator/psoc creator/4.1/psoc creator/import/gnu/arm/5.4.1/bin/../lib/gcc/arm-none-eabi/5.4.1/armv6-m\libgcc.a
LOAD d:/apps/cypress psoc creator/psoc creator/4.1/psoc creator/import/gnu/arm/5.4.1/bin/../lib/gcc/arm-none-eabi/5.4.1/../../../../arm-none-eabi/lib/armv6-m\libg_nano.a
LOAD d:/apps/cypress psoc creator/psoc creator/4.1/psoc creator/import/gnu/arm/5.4.1/bin/../lib/gcc/arm-none-eabi/5.4.1/../../../../arm-none-eabi/lib/armv6-m\libc_nano.a
END GROUP
START GROUP
LOAD d:/apps/cypress psoc creator/psoc creator/4.1/psoc creator/import/gnu/arm/5.4.1/bin/../lib/gcc/arm-none-eabi/5.4.1/armv6-m\libgcc.a
LOAD d:/apps/cypress psoc creator/psoc creator/4.1/psoc creator/import/gnu/arm/5.4.1/bin/../lib/gcc/arm-none-eabi/5.4.1/../../../../arm-none-eabi/lib/armv6-m\libc_nano.a
END GROUP
LOAD d:/apps/cypress psoc creator/psoc creator/4.1/psoc creator/import/gnu/arm/5.4.1/bin/../lib/gcc/arm-none-eabi/5.4.1/armv6-m/crtend.o
LOAD d:/apps/cypress psoc creator/psoc creator/4.1/psoc creator/import/gnu/arm/5.4.1/bin/../lib/gcc/arm-none-eabi/5.4.1/armv6-m/crtn.o
START GROUP
LOAD d:/apps/cypress psoc creator/psoc creator/4.1/psoc creator/import/gnu/arm/5.4.1/bin/../lib/gcc/arm-none-eabi/5.4.1/armv6-m\libgcc.a
LOAD d:/apps/cypress psoc creator/psoc creator/4.1/psoc creator/import/gnu/arm/5.4.1/bin/../lib/gcc/arm-none-eabi/5.4.1/../../../../arm-none-eabi/lib/armv6-m\libc.a
LOAD d:/apps/cypress psoc creator/psoc creator/4.1/psoc creator/import/gnu/arm/5.4.1/bin/../lib/gcc/arm-none-eabi/5.4.1/../../../../arm-none-eabi/lib/armv6-m\libnosys.a
END GROUP
                0x00000000                CY_APPL_ORIGIN = 0x0
                0x00000100                CY_FLASH_ROW_SIZE = 0x100
                0x00000001                CY_APPL_NUM = 0x1
                0x00000001                CY_APPL_MAX = 0x1
                0x00000040                CY_METADATA_SIZE = 0x40
                0x00000000                CY_APPL_LOADABLE = 0x0
                0x00000000                CY_CHECKSUM_EXCLUDE_SIZE = ALIGN (0x0, CY_FLASH_ROW_SIZE)
                0x00000000                CY_APP_FOR_STACK_AND_COPIER = 0x0
                [!provide]                PROVIDE (__cy_heap_start, _end)
                0x00000001                PROVIDE (__cy_region_num, ((__cy_regions_end - __cy_regions) / 0x10))
                0x20008000                PROVIDE (__cy_stack, (ORIGIN (ram) + LENGTH (ram)))
                [!provide]                PROVIDE (__cy_heap_end, (__cy_stack - 0x800))

.cybootloader   0x00000000        0x0
 *(.cybootloader)
                0x00000000                appl1_start = CY_APPL_ORIGIN?CY_APPL_ORIGIN:ALIGN (CY_FLASH_ROW_SIZE)
                0x0001ff00                appl2_start = (appl1_start + ALIGN ((((LENGTH (rom) - appl1_start) - (0x2 * CY_FLASH_ROW_SIZE)) / 0x2), CY_FLASH_ROW_SIZE))
                0x00000000                appl_start = (CY_APPL_NUM == 0x1)?appl1_start:appl2_start
                0x00000001                cy_project_type_bootloader = (appl_start == 0x0)?0x1:0x0
                0x00000000                cy_project_type_app_for_stack_and_copier = (CY_APP_FOR_STACK_AND_COPIER == 0x1)?0x1:0x0

.text           0x00000000      0xca5
 CREATE_OBJECT_SYMBOLS
                0x00000000                PROVIDE (__cy_interrupt_vector, RomVectors)
 *(.romvectors)
 .romvectors    0x00000000       0x10 .\CortexM0\ARM_GCC_541\Debug\Cm0Start.o
                0x00000000                RomVectors
                0x00000001                ASSERT ((. != __cy_interrupt_vector), No interrupt vector)
                0x00000001                ASSERT (CY_APPL_ORIGIN?(SIZEOF (.cybootloader) <= CY_APPL_ORIGIN):0x1, Wrong image location)
                0x00000010                PROVIDE (__cy_reset, Reset)
 *(.text.Reset)
 .text.Reset    0x00000010        0xa .\CortexM0\ARM_GCC_541\Debug\Cm0Start.o
                0x00000010                Reset
                0x00000001                ASSERT ((. != __cy_reset), No reset code)
 *(.psocinit)
 *fill*         0x0000001a        0x2 
 .psocinit      0x0000001c       0xfc .\CortexM0\ARM_GCC_541\Debug\cyfitter_cfg.o
                0x0000001c                cyfitter_cfg
                0x00000118                . = MAX (., 0x100)
 *(.text .text.* .gnu.linkonce.t.*)
 .text          0x00000118       0x60 d:/apps/cypress psoc creator/psoc creator/4.1/psoc creator/import/gnu/arm/5.4.1/bin/../lib/gcc/arm-none-eabi/5.4.1/armv6-m/crtbegin.o
 .text.startup.main
                0x00000178       0x58 .\CortexM0\ARM_GCC_541\Debug\main.o
                0x00000178                main
 .text.IntDefaultHandler
                0x000001d0       0x10 .\CortexM0\ARM_GCC_541\Debug\Cm0Start.o
                0x000001d0                IntDefaultHandler
 .text.Start_c  0x000001e0       0x4c .\CortexM0\ARM_GCC_541\Debug\Cm0Start.o
                0x000001e0                Start_c
 .text.startup.initialize_psoc
                0x0000022c       0x54 .\CortexM0\ARM_GCC_541\Debug\Cm0Start.o
                0x0000022c                initialize_psoc
 .text.Launcher_LaunchBootloadable
                0x00000280        0x2 .\CortexM0\ARM_GCC_541\Debug\BLE_OTA_UpgradableStackExample_Launcher01.a(Launcher.o)
 .text.Launcher_SetFlashByte
                0x00000282       0x30 .\CortexM0\ARM_GCC_541\Debug\BLE_OTA_UpgradableStackExample_Launcher01.a(Launcher.o)
                0x00000282                Launcher_SetFlashByte
 *fill*         0x000002b2        0x2 
 .text.Launcher_GetMetadata
                0x000002b4       0xac .\CortexM0\ARM_GCC_541\Debug\BLE_OTA_UpgradableStackExample_Launcher01.a(Launcher.o)
                0x000002b4                Launcher_GetMetadata
 .text.Launcher_Copier
                0x00000360      0x11c .\CortexM0\ARM_GCC_541\Debug\BLE_OTA_UpgradableStackExample_Launcher01.a(Launcher.o)
 .text.CyBtldr_CheckLaunch
                0x0000047c       0x6c .\CortexM0\ARM_GCC_541\Debug\BLE_OTA_UpgradableStackExample_Launcher01.a(Launcher.o)
                0x0000047c                CyBtldr_CheckLaunch
 .text.Launcher_ValidateBootloadable
                0x000004e8       0x66 .\CortexM0\ARM_GCC_541\Debug\BLE_OTA_UpgradableStackExample_Launcher01.a(Launcher.o)
                0x000004e8                Launcher_ValidateBootloadable
 *fill*         0x0000054e        0x2 
 .text.Launcher_Start
                0x00000550       0xc8 .\CortexM0\ARM_GCC_541\Debug\BLE_OTA_UpgradableStackExample_Launcher01.a(Launcher.o)
                0x00000550                Launcher_Start
 .text.L_LED_Write
                0x00000618       0x18 .\CortexM0\ARM_GCC_541\Debug\BLE_OTA_UpgradableStackExample_Launcher01.a(L_LED.o)
                0x00000618                L_LED_Write
 .text.UART_PutString
                0x00000630       0x1a .\CortexM0\ARM_GCC_541\Debug\BLE_OTA_UpgradableStackExample_Launcher01.a(UART.o)
                0x00000630                UART_PutString
 *fill*         0x0000064a        0x2 
 .text.CySysFlashWriteRow
                0x0000064c       0xe0 .\CortexM0\ARM_GCC_541\Debug\BLE_OTA_UpgradableStackExample_Launcher01.a(CyFlash.o)
                0x0000064c                CySysFlashWriteRow
 .text.CyIntSetVector
                0x0000072c       0x18 .\CortexM0\ARM_GCC_541\Debug\BLE_OTA_UpgradableStackExample_Launcher01.a(CyLib.o)
                0x0000072c                CyIntSetVector
 .text.CyIntEnable
                0x00000744       0x14 .\CortexM0\ARM_GCC_541\Debug\BLE_OTA_UpgradableStackExample_Launcher01.a(CyLib.o)
                0x00000744                CyIntEnable
 .text.CyHalt   0x00000758        0x4 .\CortexM0\ARM_GCC_541\Debug\BLE_OTA_UpgradableStackExample_Launcher01.a(CyLib.o)
                0x00000758                CyHalt
 .text.CySoftwareReset
                0x0000075c       0x18 .\CortexM0\ARM_GCC_541\Debug\BLE_OTA_UpgradableStackExample_Launcher01.a(CyLib.o)
                0x0000075c                CySoftwareReset
 .text.CyDelayUs
                0x00000774       0x14 .\CortexM0\ARM_GCC_541\Debug\BLE_OTA_UpgradableStackExample_Launcher01.a(CyLib.o)
                0x00000774                CyDelayUs
 .text.CySysClkWriteImoFreq
                0x00000788      0x128 .\CortexM0\ARM_GCC_541\Debug\BLE_OTA_UpgradableStackExample_Launcher01.a(CyLib.o)
                0x00000788                CySysClkWriteImoFreq
 .text.CySysWdtLock
                0x000008b0       0x1c .\CortexM0\ARM_GCC_541\Debug\BLE_OTA_UpgradableStackExample_Launcher01.a(CyLFClk.o)
                0x000008b0                CySysWdtLock
 .text.CySysWdtUnlock
                0x000008cc       0x30 .\CortexM0\ARM_GCC_541\Debug\BLE_OTA_UpgradableStackExample_Launcher01.a(CyLFClk.o)
                0x000008cc                CySysWdtUnlock
 .text.CySysWdtClearInterrupt
                0x000008fc       0x54 .\CortexM0\ARM_GCC_541\Debug\BLE_OTA_UpgradableStackExample_Launcher01.a(CyLFClk.o)
                0x000008fc                CySysWdtClearInterrupt
 .text.CySysWdtIsr
                0x00000950       0xa0 .\CortexM0\ARM_GCC_541\Debug\BLE_OTA_UpgradableStackExample_Launcher01.a(CyLFClk.o)
                0x00000950                CySysWdtIsr
 *fill*         0x000009f0       0x10 
 .text          0x00000a00       0xd4 .\CortexM0\ARM_GCC_541\Debug\BLE_OTA_UpgradableStackExample_Launcher01.a(UART_AsmGnu.o)
                0x00000a00                UART_PutChar
 *fill*         0x00000ad4        0x4 
 .text          0x00000ad8       0x20 .\CortexM0\ARM_GCC_541\Debug\BLE_OTA_UpgradableStackExample_Launcher01.a(CyBootAsmGnu.o)
                0x00000ad8                CyDelayCycles
                0x00000aea                CyEnterCriticalSection
                0x00000af2                CyExitCriticalSection
 .text          0x00000af8       0x14 d:/apps/cypress psoc creator/psoc creator/4.1/psoc creator/import/gnu/arm/5.4.1/bin/../lib/gcc/arm-none-eabi/5.4.1/armv6-m\libgcc.a(_thumb1_case_uqi.o)
                0x00000af8                __gnu_thumb1_case_uqi
 .text          0x00000b0c      0x114 d:/apps/cypress psoc creator/psoc creator/4.1/psoc creator/import/gnu/arm/5.4.1/bin/../lib/gcc/arm-none-eabi/5.4.1/armv6-m\libgcc.a(_udivsi3.o)
                0x00000b0c                __aeabi_uidiv
                0x00000b0c                __udivsi3
                0x00000c18                __aeabi_uidivmod
 .text          0x00000c20        0x4 d:/apps/cypress psoc creator/psoc creator/4.1/psoc creator/import/gnu/arm/5.4.1/bin/../lib/gcc/arm-none-eabi/5.4.1/armv6-m\libgcc.a(_dvmd_tls.o)
                0x00000c20                __aeabi_idiv0
                0x00000c20                __aeabi_ldiv0
 .text.__errno  0x00000c24        0xc d:/apps/cypress psoc creator/psoc creator/4.1/psoc creator/import/gnu/arm/5.4.1/bin/../lib/gcc/arm-none-eabi/5.4.1/../../../../arm-none-eabi/lib/armv6-m\libg_nano.a(lib_a-errno.o)
                0x00000c24                __errno
 .text.__libc_init_array
                0x00000c30       0x4c d:/apps/cypress psoc creator/psoc creator/4.1/psoc creator/import/gnu/arm/5.4.1/bin/../lib/gcc/arm-none-eabi/5.4.1/../../../../arm-none-eabi/lib/armv6-m\libg_nano.a(lib_a-init.o)
                0x00000c30                __libc_init_array
 .text.memcpy   0x00000c7c       0x12 d:/apps/cypress psoc creator/psoc creator/4.1/psoc creator/import/gnu/arm/5.4.1/bin/../lib/gcc/arm-none-eabi/5.4.1/../../../../arm-none-eabi/lib/armv6-m\libg_nano.a(lib_a-memcpy-stub.o)
                0x00000c7c                memcpy
 .text.memset   0x00000c8e       0x10 d:/apps/cypress psoc creator/psoc creator/4.1/psoc creator/import/gnu/arm/5.4.1/bin/../lib/gcc/arm-none-eabi/5.4.1/../../../../arm-none-eabi/lib/armv6-m\libg_nano.a(lib_a-memset.o)
                0x00000c8e                memset
 *(.plt)
 *(.gnu.warning)
 *(.glue_7t)
 .glue_7t       0x00000c9e        0x0 linker stubs
 *(.glue_7)
 .glue_7        0x00000c9e        0x0 linker stubs
 *(.vfp11_veneer)
 .vfp11_veneer  0x00000c9e        0x0 linker stubs
 *(.bootloader)
 *fill*         0x00000c9e        0x2 
 .bootloader    0x00000ca0        0x5 .\CortexM0\ARM_GCC_541\Debug\BLE_OTA_UpgradableStackExample_Launcher01.a(Launcher.o)
                0x00000ca0                Launcher_SizeBytes
                0x00000ca4                Launcher_Checksum
 *(.ARM.extab* .gnu.linkonce.armextab.*)
 *(.gcc_except_table)

.v4_bx          0x00000ca8        0x0
 .v4_bx         0x00000ca8        0x0 linker stubs

.iplt           0x00000ca8        0x0
 .iplt          0x00000ca8        0x0 d:/apps/cypress psoc creator/psoc creator/4.1/psoc creator/import/gnu/arm/5.4.1/bin/../lib/gcc/arm-none-eabi/5.4.1/armv6-m/crtbegin.o

.eh_frame_hdr
 *(.eh_frame_hdr)

.eh_frame       0x00000ca8        0x4
 *(.eh_frame)
 .eh_frame      0x00000ca8        0x0 d:/apps/cypress psoc creator/psoc creator/4.1/psoc creator/import/gnu/arm/5.4.1/bin/../lib/gcc/arm-none-eabi/5.4.1/armv6-m/crtbegin.o
 .eh_frame      0x00000ca8        0x4 d:/apps/cypress psoc creator/psoc creator/4.1/psoc creator/import/gnu/arm/5.4.1/bin/../lib/gcc/arm-none-eabi/5.4.1/armv6-m/crtend.o
                [!provide]                PROVIDE (__exidx_start, .)

.ARM.exidx
 *(.ARM.exidx* .gnu.linkonce.armexidx.*)
                0x00000cac                __exidx_end = .

.rodata         0x00000cac       0xd4
 *(.rodata .rodata.* .gnu.linkonce.r.*)
 .rodata.str1.1
                0x00000cac       0x6c .\CortexM0\ARM_GCC_541\Debug\main.o
                                 0x6f (size before relaxing)
 .rodata        0x00000d18       0x2e .\CortexM0\ARM_GCC_541\Debug\BLE_OTA_UpgradableStackExample_Launcher01.a(CyLib.o)
                0x00000d18                cyImoFreqMhz2Reg
 .rodata.str1.1
                0x00000d46        0x2 d:/apps/cypress psoc creator/psoc creator/4.1/psoc creator/import/gnu/arm/5.4.1/bin/../lib/gcc/arm-none-eabi/5.4.1/../../../../arm-none-eabi/lib/armv6-m\libg_nano.a(lib_a-impure.o)
                0x00000d48                . = ALIGN (0x4)
 *(.init)
 .init          0x00000d48        0x4 d:/apps/cypress psoc creator/psoc creator/4.1/psoc creator/import/gnu/arm/5.4.1/bin/../lib/gcc/arm-none-eabi/5.4.1/armv6-m/crti.o
                0x00000d48                _init
 .init          0x00000d4c        0x8 d:/apps/cypress psoc creator/psoc creator/4.1/psoc creator/import/gnu/arm/5.4.1/bin/../lib/gcc/arm-none-eabi/5.4.1/armv6-m/crtn.o
                0x00000d54                . = ALIGN (0x4)
                0x00000d54                __preinit_array_start = .
 *(.preinit_array)
                0x00000d54                __preinit_array_end = .
                0x00000d54                . = ALIGN (0x4)
                0x00000d54                __init_array_start = .
 *(SORT(.init_array.*))
 *(.init_array)
 .init_array    0x00000d54        0x4 d:/apps/cypress psoc creator/psoc creator/4.1/psoc creator/import/gnu/arm/5.4.1/bin/../lib/gcc/arm-none-eabi/5.4.1/armv6-m/crtbegin.o
 .init_array    0x00000d58        0x4 .\CortexM0\ARM_GCC_541\Debug\Cm0Start.o
                0x00000d5c                __init_array_end = .
                0x00000d5c                . = ALIGN (0x4)
 *(.fini)
 .fini          0x00000d5c        0x4 d:/apps/cypress psoc creator/psoc creator/4.1/psoc creator/import/gnu/arm/5.4.1/bin/../lib/gcc/arm-none-eabi/5.4.1/armv6-m/crti.o
                0x00000d5c                _fini
 .fini          0x00000d60        0x8 d:/apps/cypress psoc creator/psoc creator/4.1/psoc creator/import/gnu/arm/5.4.1/bin/../lib/gcc/arm-none-eabi/5.4.1/armv6-m/crtn.o
                0x00000d68                . = ALIGN (0x4)
                0x00000d68                __fini_array_start = .
 *(.fini_array)
 .fini_array    0x00000d68        0x4 d:/apps/cypress psoc creator/psoc creator/4.1/psoc creator/import/gnu/arm/5.4.1/bin/../lib/gcc/arm-none-eabi/5.4.1/armv6-m/crtbegin.o
 *(SORT(.fini_array.*))
                0x00000d6c                __fini_array_end = .
                0x00000d6c                . = ALIGN (0x4)
 *crtbegin.o(.ctors)
 *(EXCLUDE_FILE(*crtend.o) .ctors)
 *(SORT(.ctors.*))
 *crtend.o(.ctors)
                0x00000d6c                . = ALIGN (0x4)
 *crtbegin.o(.dtors)
 *(EXCLUDE_FILE(*crtend.o) .dtors)
 *(SORT(.dtors.*))
 *crtend.o(.dtors)
                0x00000d6c                . = ALIGN (0x4)
                0x00000d6c                __cy_regions = .
                0x00000d6c        0x4 LONG 0xd80 __cy_region_init_ram
                0x00000d70        0x4 LONG 0x200000c8 __cy_region_start_data
                0x00000d74        0x4 LONG 0xa0 __cy_region_init_size_ram
                0x00000d78        0x4 LONG 0x48 __cy_region_zero_size_ram
                0x00000d7c                __cy_regions_end = .
                0x00000d80                . = ALIGN (0x8)
 *fill*         0x00000d7c        0x4 
                0x00000d80                _etext = .

.cy_checksum_exclude
                0x00000d80        0x0
 *(.cy_checksum_exclude)

.ramvectors     0x20000000       0xc0
                0x20000000                __cy_region_start_ram = .
 *(.ramvectors)
 .ramvectors    0x20000000       0xc0 .\CortexM0\ARM_GCC_541\Debug\Cm0Start.o
                0x20000000                CyRamVectors

.btldr_run      0x200000c0        0x4
 *(.bootloaderruntype)
 .bootloaderruntype
                0x200000c0        0x4 .\CortexM0\ARM_GCC_541\Debug\Cm0Start.o
                0x200000c0                cyBtldrRunType

.noinit
 *(.noinit)

.data           0x200000c8       0xa0 load address 0x00000d80
                0x200000c8                __cy_region_start_data = .
 *(.jcr)
 .jcr           0x200000c8        0x0 d:/apps/cypress psoc creator/psoc creator/4.1/psoc creator/import/gnu/arm/5.4.1/bin/../lib/gcc/arm-none-eabi/5.4.1/armv6-m/crtbegin.o
 .jcr           0x200000c8        0x4 d:/apps/cypress psoc creator/psoc creator/4.1/psoc creator/import/gnu/arm/5.4.1/bin/../lib/gcc/arm-none-eabi/5.4.1/armv6-m/crtend.o
 *(.got.plt)
 *(.got)
 *(.shdata)
 *(.data .data.* .gnu.linkonce.d.*)
 .data          0x200000cc        0xc .\CortexM0\ARM_GCC_541\Debug\BLE_OTA_UpgradableStackExample_Launcher01.a(Launcher.o)
                0x200000cc                Launcher_activeApp
                0x200000d0                Launcher_SizeBytesAccess
                0x200000d4                Launcher_ChecksumAccess
 .data          0x200000d8        0xc .\CortexM0\ARM_GCC_541\Debug\BLE_OTA_UpgradableStackExample_Launcher01.a(UART.o)
                0x200000d8                UART_pinDrAdress
                0x200000dc                UART_pinPortNumber
                0x200000e0                UART_pinNumber
 .data          0x200000e4       0x14 .\CortexM0\ARM_GCC_541\Debug\BLE_OTA_UpgradableStackExample_Launcher01.a(CyLib.o)
                0x200000e4                CySysClkPumpConfig
                0x200000e8                cydelay32kMs
                0x200000ec                cydelayFreqKhz
                0x200000f0                cydelayFreqMhz
                0x200000f4                cydelayFreqHz
 .data          0x200000f8        0x8 .\CortexM0\ARM_GCC_541\Debug\BLE_OTA_UpgradableStackExample_Launcher01.a(CyLFClk.o)
 .data.impure_data
                0x20000100       0x60 d:/apps/cypress psoc creator/psoc creator/4.1/psoc creator/import/gnu/arm/5.4.1/bin/../lib/gcc/arm-none-eabi/5.4.1/../../../../arm-none-eabi/lib/armv6-m\libg_nano.a(lib_a-impure.o)
 .data._impure_ptr
                0x20000160        0x4 d:/apps/cypress psoc creator/psoc creator/4.1/psoc creator/import/gnu/arm/5.4.1/bin/../lib/gcc/arm-none-eabi/5.4.1/../../../../arm-none-eabi/lib/armv6-m\libg_nano.a(lib_a-impure.o)
                0x20000160                _impure_ptr
                0x20000168                . = ALIGN (0x8)
 *fill*         0x20000164        0x4 
 *(.ram)
                0x20000168                _edata = .

.igot.plt       0x20000168        0x0 load address 0x00000e20
 .igot.plt      0x20000168        0x0 d:/apps/cypress psoc creator/psoc creator/4.1/psoc creator/import/gnu/arm/5.4.1/bin/../lib/gcc/arm-none-eabi/5.4.1/armv6-m/crtbegin.o

.bss            0x20000168       0x48 load address 0x00000e20
                0x20000168                PROVIDE (__bss_start__, .)
 *(.shbss)
 *(.bss .bss.* .gnu.linkonce.b.*)
 .bss           0x20000168       0x1c d:/apps/cypress psoc creator/psoc creator/4.1/psoc creator/import/gnu/arm/5.4.1/bin/../lib/gcc/arm-none-eabi/5.4.1/armv6-m/crtbegin.o
 .bss           0x20000184       0x28 .\CortexM0\ARM_GCC_541\Debug\BLE_OTA_UpgradableStackExample_Launcher01.a(CyLFClk.o)
 *(COMMON)
                0x200001b0                . = ALIGN (0x8)
 *fill*         0x200001ac        0x4 
 *(.ram.b)
                0x200001b0                _end = .
                0x200001b0                __end = .
                0x200001b0                PROVIDE (end, .)
                0x200001b0                PROVIDE (__bss_end__, .)
                0x00000d80                __cy_region_init_ram = LOADADDR (.data)
                0x000000a0                __cy_region_init_size_ram = (_edata - ADDR (.data))
                0x00000048                __cy_region_zero_size_ram = (_end - _edata)

.heap           0x200001b0      0x200 load address 0x00000e20
                0x200001b0                . = _end
                0x200003b0                . = (. + 0x200)
 *fill*         0x200001b0      0x200 
                0x200003b0                __cy_heap_limit = .

.stack          0x20007800      0x800
                0x20007800                __cy_stack_limit = .
                0x20008000                . = (. + 0x800)
 *fill*         0x20007800      0x800 
                0x00000001                ASSERT ((__cy_stack_limit >= __cy_heap_limit), region RAM overflowed with stack)
                0x00000000                cy_checksum_exclude_size = (CY_APPL_LOADABLE == 0x1)?SIZEOF (.cy_checksum_exclude):0x0
                0x00000001                ASSERT ((cy_checksum_exclude_size <= CY_CHECKSUM_EXCLUDE_SIZE), CY_BOOT: Section .cy_checksum_exclude size exceedes specified limit.)
                0x0003ffc0                cyloadermeta_start = (cy_project_type_bootloader || cy_project_type_app_for_stack_and_copier)?(LENGTH (rom) - CY_METADATA_SIZE):0xf0000000

.cyloadermeta   0x0003ffc0       0x40
 *(.cyloadermeta)
 .cyloadermeta  0x0003ffc0       0x40 .\CortexM0\ARM_GCC_541\Debug\cymetadata.o
                0x0003ffc0                cy_meta_loader
                0x0003ffc0                cyloadablemeta_start = cy_project_type_app_for_stack_and_copier?((LENGTH (rom) - CY_FLASH_ROW_SIZE) - CY_METADATA_SIZE):((LENGTH (rom) - (CY_FLASH_ROW_SIZE * (CY_APPL_NUM - 0x1))) - CY_METADATA_SIZE)

.cyloadablemeta
 *(.cyloadablemeta)

.cyflashprotect
                0x90400000       0x80
 *(.cyflashprotect)
 .cyflashprotect
                0x90400000       0x80 .\CortexM0\ARM_GCC_541\Debug\cymetadata.o
                0x90400000                cy_meta_flashprotect

.cymeta         0x90500000        0xc
 *(.cymeta)
 .cymeta        0x90500000        0xc .\CortexM0\ARM_GCC_541\Debug\cymetadata.o
                0x90500000                cy_metadata

.cychipprotect  0x90600000        0x1
 *(.cychipprotect)
 .cychipprotect
                0x90600000        0x1 .\CortexM0\ARM_GCC_541\Debug\cymetadata.o
                0x90600000                cy_meta_chipprotect

.rel.dyn        0x00000e20        0x0 load address 0x90600004
 .rel.iplt      0x00000e20        0x0 d:/apps/cypress psoc creator/psoc creator/4.1/psoc creator/import/gnu/arm/5.4.1/bin/../lib/gcc/arm-none-eabi/5.4.1/armv6-m/crtbegin.o

.stab
 *(.stab)

.stabstr
 *(.stabstr)

.debug
 *(.debug)

.line
 *(.line)

.debug_srcinfo
 *(.debug_srcinfo)

.debug_sfnames
 *(.debug_sfnames)

.debug_aranges  0x00000000      0x570
 *(.debug_aranges)
 .debug_aranges
                0x00000000       0x20 .\CortexM0\ARM_GCC_541\Debug\main.o
 .debug_aranges
                0x00000020       0x48 .\CortexM0\ARM_GCC_541\Debug\debug.o
 .debug_aranges
                0x00000068       0x20 .\CortexM0\ARM_GCC_541\Debug\cyfitter_cfg.o
 .debug_aranges
                0x00000088       0x18 .\CortexM0\ARM_GCC_541\Debug\cymetadata.o
 .debug_aranges
                0x000000a0       0x48 .\CortexM0\ARM_GCC_541\Debug\Cm0Start.o
 .debug_aranges
                0x000000e8       0x60 .\CortexM0\ARM_GCC_541\Debug\BLE_OTA_UpgradableStackExample_Launcher01.a(Launcher.o)
 .debug_aranges
                0x00000148       0x48 .\CortexM0\ARM_GCC_541\Debug\BLE_OTA_UpgradableStackExample_Launcher01.a(L_LED.o)
 .debug_aranges
                0x00000190       0x48 .\CortexM0\ARM_GCC_541\Debug\BLE_OTA_UpgradableStackExample_Launcher01.a(UART.o)
 .debug_aranges
                0x000001d8       0x30 .\CortexM0\ARM_GCC_541\Debug\BLE_OTA_UpgradableStackExample_Launcher01.a(CyFlash.o)
 .debug_aranges
                0x00000208      0x1b0 .\CortexM0\ARM_GCC_541\Debug\BLE_OTA_UpgradableStackExample_Launcher01.a(CyLib.o)
 .debug_aranges
                0x000003b8      0x178 .\CortexM0\ARM_GCC_541\Debug\BLE_OTA_UpgradableStackExample_Launcher01.a(CyLFClk.o)
 .debug_aranges
                0x00000530       0x20 .\CortexM0\ARM_GCC_541\Debug\BLE_OTA_UpgradableStackExample_Launcher01.a(UART_AsmGnu.o)
 .debug_aranges
                0x00000550       0x20 .\CortexM0\ARM_GCC_541\Debug\BLE_OTA_UpgradableStackExample_Launcher01.a(CyBootAsmGnu.o)

.debug_pubnames
 *(.debug_pubnames)

.debug_info     0x00000000     0x3f6b
 *(.debug_info .gnu.linkonce.wi.*)
 .debug_info    0x00000000      0x1ac .\CortexM0\ARM_GCC_541\Debug\main.o
 .debug_info    0x000001ac      0x38e .\CortexM0\ARM_GCC_541\Debug\debug.o
 .debug_info    0x0000053a      0x2a4 .\CortexM0\ARM_GCC_541\Debug\cyfitter_cfg.o
 .debug_info    0x000007de      0x11e .\CortexM0\ARM_GCC_541\Debug\cymetadata.o
 .debug_info    0x000008fc      0x3c3 .\CortexM0\ARM_GCC_541\Debug\Cm0Start.o
 .debug_info    0x00000cbf      0x9c6 .\CortexM0\ARM_GCC_541\Debug\BLE_OTA_UpgradableStackExample_Launcher01.a(Launcher.o)
 .debug_info    0x00001685      0x19b .\CortexM0\ARM_GCC_541\Debug\BLE_OTA_UpgradableStackExample_Launcher01.a(L_LED.o)
 .debug_info    0x00001820      0x2bb .\CortexM0\ARM_GCC_541\Debug\BLE_OTA_UpgradableStackExample_Launcher01.a(UART.o)
 .debug_info    0x00001adb      0x317 .\CortexM0\ARM_GCC_541\Debug\BLE_OTA_UpgradableStackExample_Launcher01.a(CyFlash.o)
 .debug_info    0x00001df2      0xda0 .\CortexM0\ARM_GCC_541\Debug\BLE_OTA_UpgradableStackExample_Launcher01.a(CyLib.o)
 .debug_info    0x00002b92     0x1250 .\CortexM0\ARM_GCC_541\Debug\BLE_OTA_UpgradableStackExample_Launcher01.a(CyLFClk.o)
 .debug_info    0x00003de2       0xc4 .\CortexM0\ARM_GCC_541\Debug\BLE_OTA_UpgradableStackExample_Launcher01.a(UART_AsmGnu.o)
 .debug_info    0x00003ea6       0xc5 .\CortexM0\ARM_GCC_541\Debug\BLE_OTA_UpgradableStackExample_Launcher01.a(CyBootAsmGnu.o)

.debug_abbrev   0x00000000     0x1235
 *(.debug_abbrev)
 .debug_abbrev  0x00000000       0x7c .\CortexM0\ARM_GCC_541\Debug\main.o
 .debug_abbrev  0x0000007c      0x192 .\CortexM0\ARM_GCC_541\Debug\debug.o
 .debug_abbrev  0x0000020e      0x17f .\CortexM0\ARM_GCC_541\Debug\cyfitter_cfg.o
 .debug_abbrev  0x0000038d       0x5d .\CortexM0\ARM_GCC_541\Debug\cymetadata.o
 .debug_abbrev  0x000003ea      0x1e6 .\CortexM0\ARM_GCC_541\Debug\Cm0Start.o
 .debug_abbrev  0x000005d0      0x260 .\CortexM0\ARM_GCC_541\Debug\BLE_OTA_UpgradableStackExample_Launcher01.a(Launcher.o)
 .debug_abbrev  0x00000830       0xc6 .\CortexM0\ARM_GCC_541\Debug\BLE_OTA_UpgradableStackExample_Launcher01.a(L_LED.o)
 .debug_abbrev  0x000008f6      0x112 .\CortexM0\ARM_GCC_541\Debug\BLE_OTA_UpgradableStackExample_Launcher01.a(UART.o)
 .debug_abbrev  0x00000a08      0x179 .\CortexM0\ARM_GCC_541\Debug\BLE_OTA_UpgradableStackExample_Launcher01.a(CyFlash.o)
 .debug_abbrev  0x00000b81      0x30b .\CortexM0\ARM_GCC_541\Debug\BLE_OTA_UpgradableStackExample_Launcher01.a(CyLib.o)
 .debug_abbrev  0x00000e8c      0x381 .\CortexM0\ARM_GCC_541\Debug\BLE_OTA_UpgradableStackExample_Launcher01.a(CyLFClk.o)
 .debug_abbrev  0x0000120d       0x14 .\CortexM0\ARM_GCC_541\Debug\BLE_OTA_UpgradableStackExample_Launcher01.a(UART_AsmGnu.o)
 .debug_abbrev  0x00001221       0x14 .\CortexM0\ARM_GCC_541\Debug\BLE_OTA_UpgradableStackExample_Launcher01.a(CyBootAsmGnu.o)

.debug_line     0x00000000     0x1b06
 *(.debug_line)
 .debug_line    0x00000000       0x7b .\CortexM0\ARM_GCC_541\Debug\main.o
 .debug_line    0x0000007b      0x22d .\CortexM0\ARM_GCC_541\Debug\debug.o
 .debug_line    0x000002a8      0x143 .\CortexM0\ARM_GCC_541\Debug\cyfitter_cfg.o
 .debug_line    0x000003eb      0x13d .\CortexM0\ARM_GCC_541\Debug\cymetadata.o
 .debug_line    0x00000528      0x22d .\CortexM0\ARM_GCC_541\Debug\Cm0Start.o
 .debug_line    0x00000755      0x2b6 .\CortexM0\ARM_GCC_541\Debug\BLE_OTA_UpgradableStackExample_Launcher01.a(Launcher.o)
 .debug_line    0x00000a0b       0xc8 .\CortexM0\ARM_GCC_541\Debug\BLE_OTA_UpgradableStackExample_Launcher01.a(L_LED.o)
 .debug_line    0x00000ad3       0xd5 .\CortexM0\ARM_GCC_541\Debug\BLE_OTA_UpgradableStackExample_Launcher01.a(UART.o)
 .debug_line    0x00000ba8      0x158 .\CortexM0\ARM_GCC_541\Debug\BLE_OTA_UpgradableStackExample_Launcher01.a(CyFlash.o)
 .debug_line    0x00000d00      0x5bc .\CortexM0\ARM_GCC_541\Debug\BLE_OTA_UpgradableStackExample_Launcher01.a(CyLib.o)
 .debug_line    0x000012bc      0x745 .\CortexM0\ARM_GCC_541\Debug\BLE_OTA_UpgradableStackExample_Launcher01.a(CyLFClk.o)
 .debug_line    0x00001a01       0x9d .\CortexM0\ARM_GCC_541\Debug\BLE_OTA_UpgradableStackExample_Launcher01.a(UART_AsmGnu.o)
 .debug_line    0x00001a9e       0x68 .\CortexM0\ARM_GCC_541\Debug\BLE_OTA_UpgradableStackExample_Launcher01.a(CyBootAsmGnu.o)

.debug_frame    0x00000000      0xe8c
 *(.debug_frame)
 .debug_frame   0x00000000       0x2c .\CortexM0\ARM_GCC_541\Debug\main.o
 .debug_frame   0x0000002c       0xcc .\CortexM0\ARM_GCC_541\Debug\debug.o
 .debug_frame   0x000000f8       0x30 .\CortexM0\ARM_GCC_541\Debug\cyfitter_cfg.o
 .debug_frame   0x00000128       0xc8 .\CortexM0\ARM_GCC_541\Debug\Cm0Start.o
 .debug_frame   0x000001f0      0x134 .\CortexM0\ARM_GCC_541\Debug\BLE_OTA_UpgradableStackExample_Launcher01.a(Launcher.o)
 .debug_frame   0x00000324       0x70 .\CortexM0\ARM_GCC_541\Debug\BLE_OTA_UpgradableStackExample_Launcher01.a(L_LED.o)
 .debug_frame   0x00000394       0xc8 .\CortexM0\ARM_GCC_541\Debug\BLE_OTA_UpgradableStackExample_Launcher01.a(UART.o)
 .debug_frame   0x0000045c       0x80 .\CortexM0\ARM_GCC_541\Debug\BLE_OTA_UpgradableStackExample_Launcher01.a(CyFlash.o)
 .debug_frame   0x000004dc      0x42c .\CortexM0\ARM_GCC_541\Debug\BLE_OTA_UpgradableStackExample_Launcher01.a(CyLib.o)
 .debug_frame   0x00000908      0x488 .\CortexM0\ARM_GCC_541\Debug\BLE_OTA_UpgradableStackExample_Launcher01.a(CyLFClk.o)
 .debug_frame   0x00000d90       0x20 d:/apps/cypress psoc creator/psoc creator/4.1/psoc creator/import/gnu/arm/5.4.1/bin/../lib/gcc/arm-none-eabi/5.4.1/armv6-m\libgcc.a(_udivsi3.o)
 .debug_frame   0x00000db0       0x20 d:/apps/cypress psoc creator/psoc creator/4.1/psoc creator/import/gnu/arm/5.4.1/bin/../lib/gcc/arm-none-eabi/5.4.1/armv6-m\libgcc.a(_divsi3.o)
 .debug_frame   0x00000dd0       0x20 d:/apps/cypress psoc creator/psoc creator/4.1/psoc creator/import/gnu/arm/5.4.1/bin/../lib/gcc/arm-none-eabi/5.4.1/../../../../arm-none-eabi/lib/armv6-m\libg_nano.a(lib_a-errno.o)
 .debug_frame   0x00000df0       0x28 d:/apps/cypress psoc creator/psoc creator/4.1/psoc creator/import/gnu/arm/5.4.1/bin/../lib/gcc/arm-none-eabi/5.4.1/../../../../arm-none-eabi/lib/armv6-m\libg_nano.a(lib_a-exit.o)
 .debug_frame   0x00000e18       0x2c d:/apps/cypress psoc creator/psoc creator/4.1/psoc creator/import/gnu/arm/5.4.1/bin/../lib/gcc/arm-none-eabi/5.4.1/../../../../arm-none-eabi/lib/armv6-m\libg_nano.a(lib_a-init.o)
 .debug_frame   0x00000e44       0x28 d:/apps/cypress psoc creator/psoc creator/4.1/psoc creator/import/gnu/arm/5.4.1/bin/../lib/gcc/arm-none-eabi/5.4.1/../../../../arm-none-eabi/lib/armv6-m\libg_nano.a(lib_a-memcpy-stub.o)
 .debug_frame   0x00000e6c       0x20 d:/apps/cypress psoc creator/psoc creator/4.1/psoc creator/import/gnu/arm/5.4.1/bin/../lib/gcc/arm-none-eabi/5.4.1/../../../../arm-none-eabi/lib/armv6-m\libg_nano.a(lib_a-memset.o)

.debug_str      0x00000000     0x1696
 *(.debug_str)
 .debug_str     0x00000000      0x1b3 .\CortexM0\ARM_GCC_541\Debug\main.o
                                0x1f3 (size before relaxing)
 .debug_str     0x000001b3       0xb0 .\CortexM0\ARM_GCC_541\Debug\debug.o
                                0x285 (size before relaxing)
 .debug_str     0x00000263       0xcc .\CortexM0\ARM_GCC_541\Debug\cyfitter_cfg.o
                                0x290 (size before relaxing)
 .debug_str     0x0000032f       0x72 .\CortexM0\ARM_GCC_541\Debug\cymetadata.o
                                0x20c (size before relaxing)
 .debug_str     0x000003a1      0x163 .\CortexM0\ARM_GCC_541\Debug\Cm0Start.o
                                0x359 (size before relaxing)
 .debug_str     0x00000504      0x2ff .\CortexM0\ARM_GCC_541\Debug\BLE_OTA_UpgradableStackExample_Launcher01.a(Launcher.o)
                                0x52c (size before relaxing)
 .debug_str     0x00000803       0xa4 .\CortexM0\ARM_GCC_541\Debug\BLE_OTA_UpgradableStackExample_Launcher01.a(L_LED.o)
                                0x26b (size before relaxing)
 .debug_str     0x000008a7       0xd7 .\CortexM0\ARM_GCC_541\Debug\BLE_OTA_UpgradableStackExample_Launcher01.a(UART.o)
                                0x2c1 (size before relaxing)
 .debug_str     0x0000097e       0xe9 .\CortexM0\ARM_GCC_541\Debug\BLE_OTA_UpgradableStackExample_Launcher01.a(CyFlash.o)
                                0x2e5 (size before relaxing)
 .debug_str     0x00000a67      0x518 .\CortexM0\ARM_GCC_541\Debug\BLE_OTA_UpgradableStackExample_Launcher01.a(CyLib.o)
                                0x79f (size before relaxing)
 .debug_str     0x00000f7f      0x717 .\CortexM0\ARM_GCC_541\Debug\BLE_OTA_UpgradableStackExample_Launcher01.a(CyLFClk.o)
                                0x96d (size before relaxing)

.debug_loc      0x00000000     0x24a0
 *(.debug_loc)
 .debug_loc     0x00000000      0x2e1 .\CortexM0\ARM_GCC_541\Debug\debug.o
 .debug_loc     0x000002e1       0x92 .\CortexM0\ARM_GCC_541\Debug\cyfitter_cfg.o
 .debug_loc     0x00000373      0x1de .\CortexM0\ARM_GCC_541\Debug\Cm0Start.o
 .debug_loc     0x00000551      0x6d4 .\CortexM0\ARM_GCC_541\Debug\BLE_OTA_UpgradableStackExample_Launcher01.a(Launcher.o)
 .debug_loc     0x00000c25       0xa1 .\CortexM0\ARM_GCC_541\Debug\BLE_OTA_UpgradableStackExample_Launcher01.a(L_LED.o)
 .debug_loc     0x00000cc6      0x141 .\CortexM0\ARM_GCC_541\Debug\BLE_OTA_UpgradableStackExample_Launcher01.a(UART.o)
 .debug_loc     0x00000e07      0x161 .\CortexM0\ARM_GCC_541\Debug\BLE_OTA_UpgradableStackExample_Launcher01.a(CyFlash.o)
 .debug_loc     0x00000f68      0x715 .\CortexM0\ARM_GCC_541\Debug\BLE_OTA_UpgradableStackExample_Launcher01.a(CyLib.o)
 .debug_loc     0x0000167d      0xe23 .\CortexM0\ARM_GCC_541\Debug\BLE_OTA_UpgradableStackExample_Launcher01.a(CyLFClk.o)

.debug_macinfo
 *(.debug_macinfo)

.debug_ranges   0x00000000      0x668
 *(.debug_ranges)
 .debug_ranges  0x00000000       0x10 .\CortexM0\ARM_GCC_541\Debug\main.o
 .debug_ranges  0x00000010       0x70 .\CortexM0\ARM_GCC_541\Debug\debug.o
 .debug_ranges  0x00000080       0x98 .\CortexM0\ARM_GCC_541\Debug\cyfitter_cfg.o
 .debug_ranges  0x00000118       0x50 .\CortexM0\ARM_GCC_541\Debug\Cm0Start.o
 .debug_ranges  0x00000168       0x68 .\CortexM0\ARM_GCC_541\Debug\BLE_OTA_UpgradableStackExample_Launcher01.a(Launcher.o)
 .debug_ranges  0x000001d0       0x38 .\CortexM0\ARM_GCC_541\Debug\BLE_OTA_UpgradableStackExample_Launcher01.a(L_LED.o)
 .debug_ranges  0x00000208       0x38 .\CortexM0\ARM_GCC_541\Debug\BLE_OTA_UpgradableStackExample_Launcher01.a(UART.o)
 .debug_ranges  0x00000240       0x20 .\CortexM0\ARM_GCC_541\Debug\BLE_OTA_UpgradableStackExample_Launcher01.a(CyFlash.o)
 .debug_ranges  0x00000260      0x210 .\CortexM0\ARM_GCC_541\Debug\BLE_OTA_UpgradableStackExample_Launcher01.a(CyLib.o)
 .debug_ranges  0x00000470      0x1f8 .\CortexM0\ARM_GCC_541\Debug\BLE_OTA_UpgradableStackExample_Launcher01.a(CyLFClk.o)

.comment        0x00000000       0x6e
 .comment       0x00000000       0x6e .\CortexM0\ARM_GCC_541\Debug\main.o
                                 0x6f (size before relaxing)
 .comment       0x0000006e       0x6f .\CortexM0\ARM_GCC_541\Debug\debug.o
 .comment       0x0000006e       0x6f .\CortexM0\ARM_GCC_541\Debug\cyfitter_cfg.o
 .comment       0x0000006e       0x6f .\CortexM0\ARM_GCC_541\Debug\cymetadata.o
 .comment       0x0000006e       0x6f .\CortexM0\ARM_GCC_541\Debug\Cm0Start.o
 .comment       0x0000006e       0x6f .\CortexM0\ARM_GCC_541\Debug\BLE_OTA_UpgradableStackExample_Launcher01.a(Launcher.o)
 .comment       0x0000006e       0x6f .\CortexM0\ARM_GCC_541\Debug\BLE_OTA_UpgradableStackExample_Launcher01.a(L_LED.o)
 .comment       0x0000006e       0x6f .\CortexM0\ARM_GCC_541\Debug\BLE_OTA_UpgradableStackExample_Launcher01.a(UART.o)
 .comment       0x0000006e       0x6f .\CortexM0\ARM_GCC_541\Debug\BLE_OTA_UpgradableStackExample_Launcher01.a(CyFlash.o)
 .comment       0x0000006e       0x6f .\CortexM0\ARM_GCC_541\Debug\BLE_OTA_UpgradableStackExample_Launcher01.a(CyLib.o)
 .comment       0x0000006e       0x6f .\CortexM0\ARM_GCC_541\Debug\BLE_OTA_UpgradableStackExample_Launcher01.a(CyLFClk.o)

.debug_weaknames
 *(.debug_weaknames)

.debug_funcnames
 *(.debug_funcnames)

.debug_typenames
 *(.debug_typenames)

.debug_varnames
 *(.debug_varnames)

.note.gnu.arm.ident
 *(.note.gnu.arm.ident)

.ARM.attributes
                0x00000000       0x28
 *(.ARM.attributes)
 .ARM.attributes
                0x00000000       0x1e d:/apps/cypress psoc creator/psoc creator/4.1/psoc creator/import/gnu/arm/5.4.1/bin/../lib/gcc/arm-none-eabi/5.4.1/armv6-m/crti.o
 .ARM.attributes
                0x0000001e       0x2c d:/apps/cypress psoc creator/psoc creator/4.1/psoc creator/import/gnu/arm/5.4.1/bin/../lib/gcc/arm-none-eabi/5.4.1/armv6-m/crtbegin.o
 .ARM.attributes
                0x0000004a       0x1b d:/apps/cypress psoc creator/psoc creator/4.1/psoc creator/import/gnu/arm/5.4.1/bin/../lib/gcc/arm-none-eabi/5.4.1/../../../../arm-none-eabi/lib/armv6-m/crt0.o
 .ARM.attributes
                0x00000065       0x31 .\CortexM0\ARM_GCC_541\Debug\main.o
 .ARM.attributes
                0x00000096       0x31 .\CortexM0\ARM_GCC_541\Debug\debug.o
 .ARM.attributes
                0x000000c7       0x31 .\CortexM0\ARM_GCC_541\Debug\cyfitter_cfg.o
 .ARM.attributes
                0x000000f8       0x31 .\CortexM0\ARM_GCC_541\Debug\cymetadata.o
 .ARM.attributes
                0x00000129       0x31 .\CortexM0\ARM_GCC_541\Debug\Cm0Start.o
 .ARM.attributes
                0x0000015a       0x31 .\CortexM0\ARM_GCC_541\Debug\BLE_OTA_UpgradableStackExample_Launcher01.a(Launcher.o)
 .ARM.attributes
                0x0000018b       0x31 .\CortexM0\ARM_GCC_541\Debug\BLE_OTA_UpgradableStackExample_Launcher01.a(L_LED.o)
 .ARM.attributes
                0x000001bc       0x31 .\CortexM0\ARM_GCC_541\Debug\BLE_OTA_UpgradableStackExample_Launcher01.a(UART.o)
 .ARM.attributes
                0x000001ed       0x31 .\CortexM0\ARM_GCC_541\Debug\BLE_OTA_UpgradableStackExample_Launcher01.a(CyFlash.o)
 .ARM.attributes
                0x0000021e       0x31 .\CortexM0\ARM_GCC_541\Debug\BLE_OTA_UpgradableStackExample_Launcher01.a(CyLib.o)
 .ARM.attributes
                0x0000024f       0x31 .\CortexM0\ARM_GCC_541\Debug\BLE_OTA_UpgradableStackExample_Launcher01.a(CyLFClk.o)
 .ARM.attributes
                0x00000280       0x21 .\CortexM0\ARM_GCC_541\Debug\BLE_OTA_UpgradableStackExample_Launcher01.a(UART_AsmGnu.o)
 .ARM.attributes
                0x000002a1       0x21 .\CortexM0\ARM_GCC_541\Debug\BLE_OTA_UpgradableStackExample_Launcher01.a(CyBootAsmGnu.o)
 .ARM.attributes
                0x000002c2       0x1e d:/apps/cypress psoc creator/psoc creator/4.1/psoc creator/import/gnu/arm/5.4.1/bin/../lib/gcc/arm-none-eabi/5.4.1/armv6-m\libgcc.a(_thumb1_case_uqi.o)
 .ARM.attributes
                0x000002e0       0x1e d:/apps/cypress psoc creator/psoc creator/4.1/psoc creator/import/gnu/arm/5.4.1/bin/../lib/gcc/arm-none-eabi/5.4.1/armv6-m\libgcc.a(_udivsi3.o)
 .ARM.attributes
                0x000002fe       0x1e d:/apps/cypress psoc creator/psoc creator/4.1/psoc creator/import/gnu/arm/5.4.1/bin/../lib/gcc/arm-none-eabi/5.4.1/armv6-m\libgcc.a(_divsi3.o)
 .ARM.attributes
                0x0000031c       0x1e d:/apps/cypress psoc creator/psoc creator/4.1/psoc creator/import/gnu/arm/5.4.1/bin/../lib/gcc/arm-none-eabi/5.4.1/armv6-m\libgcc.a(_dvmd_tls.o)
 .ARM.attributes
                0x0000033a       0x2c d:/apps/cypress psoc creator/psoc creator/4.1/psoc creator/import/gnu/arm/5.4.1/bin/../lib/gcc/arm-none-eabi/5.4.1/../../../../arm-none-eabi/lib/armv6-m\libg_nano.a(lib_a-errno.o)
 .ARM.attributes
                0x00000366       0x2c d:/apps/cypress psoc creator/psoc creator/4.1/psoc creator/import/gnu/arm/5.4.1/bin/../lib/gcc/arm-none-eabi/5.4.1/../../../../arm-none-eabi/lib/armv6-m\libg_nano.a(lib_a-exit.o)
 .ARM.attributes
                0x00000392       0x2c d:/apps/cypress psoc creator/psoc creator/4.1/psoc creator/import/gnu/arm/5.4.1/bin/../lib/gcc/arm-none-eabi/5.4.1/../../../../arm-none-eabi/lib/armv6-m\libg_nano.a(lib_a-impure.o)
 .ARM.attributes
                0x000003be       0x2c d:/apps/cypress psoc creator/psoc creator/4.1/psoc creator/import/gnu/arm/5.4.1/bin/../lib/gcc/arm-none-eabi/5.4.1/../../../../arm-none-eabi/lib/armv6-m\libg_nano.a(lib_a-init.o)
 .ARM.attributes
                0x000003ea       0x2c d:/apps/cypress psoc creator/psoc creator/4.1/psoc creator/import/gnu/arm/5.4.1/bin/../lib/gcc/arm-none-eabi/5.4.1/../../../../arm-none-eabi/lib/armv6-m\libg_nano.a(lib_a-memcpy-stub.o)
 .ARM.attributes
                0x00000416       0x2c d:/apps/cypress psoc creator/psoc creator/4.1/psoc creator/import/gnu/arm/5.4.1/bin/../lib/gcc/arm-none-eabi/5.4.1/../../../../arm-none-eabi/lib/armv6-m\libg_nano.a(lib_a-memset.o)
 .ARM.attributes
                0x00000442       0x2c d:/apps/cypress psoc creator/psoc creator/4.1/psoc creator/import/gnu/arm/5.4.1/bin/../lib/gcc/arm-none-eabi/5.4.1/armv6-m/crtend.o
 .ARM.attributes
                0x0000046e       0x1e d:/apps/cypress psoc creator/psoc creator/4.1/psoc creator/import/gnu/arm/5.4.1/bin/../lib/gcc/arm-none-eabi/5.4.1/armv6-m/crtn.o

/DISCARD/
 *(.note.GNU-stack)
OUTPUT(C:\Users\Tymek\Documents\EE\Clock\CYBLE-224110-00_clock_firmware\CYBLE-224110-00_Clock\BLE_OTA_UpgradableStackExample_Launcher01.cydsn\CortexM0\ARM_GCC_541\Debug\BLE_OTA_UpgradableStackExample_Launcher01.elf elf32-littlearm)
