ARM GAS  C:\Users\Tymek\AppData\Local\Temp\ccBPxalX.s 			page 1


   1              		.syntax unified
   2              		.cpu cortex-m0
   3              		.fpu softvfp
   4              		.eabi_attribute 20, 1
   5              		.eabi_attribute 21, 1
   6              		.eabi_attribute 23, 3
   7              		.eabi_attribute 24, 1
   8              		.eabi_attribute 25, 1
   9              		.eabi_attribute 26, 1
  10              		.eabi_attribute 30, 4
  11              		.eabi_attribute 34, 0
  12              		.eabi_attribute 18, 4
  13              		.thumb
  14              		.syntax unified
  15              		.file	"cyfitter_cfg.c"
  16              		.text
  17              	.Ltext0:
  18              		.cfi_sections	.debug_frame
  19              		.section	.psocinit,"ax",%progbits
  20              		.align	1
  21              		.global	cyfitter_cfg
  22              		.code	16
  23              		.thumb_func
  24              		.type	cyfitter_cfg, %function
  25              	cyfitter_cfg:
  26              	.LFB7:
  27              		.file 1 "Generated_Source\\PSoC4\\cyfitter_cfg.c"
   1:Generated_Source\PSoC4/cyfitter_cfg.c **** 
   2:Generated_Source\PSoC4/cyfitter_cfg.c **** /*******************************************************************************
   3:Generated_Source\PSoC4/cyfitter_cfg.c **** * File Name: cyfitter_cfg.c
   4:Generated_Source\PSoC4/cyfitter_cfg.c **** * 
   5:Generated_Source\PSoC4/cyfitter_cfg.c **** * PSoC Creator  4.1 Update 1
   6:Generated_Source\PSoC4/cyfitter_cfg.c **** *
   7:Generated_Source\PSoC4/cyfitter_cfg.c **** * Description:
   8:Generated_Source\PSoC4/cyfitter_cfg.c **** * This file contains device initialization code.
   9:Generated_Source\PSoC4/cyfitter_cfg.c **** * Except for the user defined sections in CyClockStartupError(), this file should not be modified.
  10:Generated_Source\PSoC4/cyfitter_cfg.c **** * This file is automatically generated by PSoC Creator.
  11:Generated_Source\PSoC4/cyfitter_cfg.c **** *
  12:Generated_Source\PSoC4/cyfitter_cfg.c **** ********************************************************************************
  13:Generated_Source\PSoC4/cyfitter_cfg.c **** * Copyright (c) 2007-2017 Cypress Semiconductor.  All rights reserved.
  14:Generated_Source\PSoC4/cyfitter_cfg.c **** * You may use this file only in accordance with the license, terms, conditions, 
  15:Generated_Source\PSoC4/cyfitter_cfg.c **** * disclaimers, and limitations in the end user license agreement accompanying 
  16:Generated_Source\PSoC4/cyfitter_cfg.c **** * the software package with which this file was provided.
  17:Generated_Source\PSoC4/cyfitter_cfg.c **** ********************************************************************************/
  18:Generated_Source\PSoC4/cyfitter_cfg.c **** 
  19:Generated_Source\PSoC4/cyfitter_cfg.c **** #include <string.h>
  20:Generated_Source\PSoC4/cyfitter_cfg.c **** #include "cytypes.h"
  21:Generated_Source\PSoC4/cyfitter_cfg.c **** #include "cydevice_trm.h"
  22:Generated_Source\PSoC4/cyfitter_cfg.c **** #include "cyfitter.h"
  23:Generated_Source\PSoC4/cyfitter_cfg.c **** #include "CyLib.h"
  24:Generated_Source\PSoC4/cyfitter_cfg.c **** #include "CyLFClk.h"
  25:Generated_Source\PSoC4/cyfitter_cfg.c **** #include "cyfitter_cfg.h"
  26:Generated_Source\PSoC4/cyfitter_cfg.c **** #include "cyapicallbacks.h"
  27:Generated_Source\PSoC4/cyfitter_cfg.c **** 
  28:Generated_Source\PSoC4/cyfitter_cfg.c **** 
  29:Generated_Source\PSoC4/cyfitter_cfg.c **** #if defined(__GNUC__) || defined(__ARMCC_VERSION)
  30:Generated_Source\PSoC4/cyfitter_cfg.c ****     #define CYPACKED 
ARM GAS  C:\Users\Tymek\AppData\Local\Temp\ccBPxalX.s 			page 2


  31:Generated_Source\PSoC4/cyfitter_cfg.c ****     #define CYPACKED_ATTR __attribute__ ((packed))
  32:Generated_Source\PSoC4/cyfitter_cfg.c ****     #define CYALIGNED __attribute__ ((aligned))
  33:Generated_Source\PSoC4/cyfitter_cfg.c ****     #define CY_CFG_UNUSED __attribute__ ((unused))
  34:Generated_Source\PSoC4/cyfitter_cfg.c ****     #ifndef CY_CFG_SECTION
  35:Generated_Source\PSoC4/cyfitter_cfg.c ****         #define CY_CFG_SECTION __attribute__ ((section(".psocinit")))
  36:Generated_Source\PSoC4/cyfitter_cfg.c ****     #endif
  37:Generated_Source\PSoC4/cyfitter_cfg.c ****     
  38:Generated_Source\PSoC4/cyfitter_cfg.c ****     #if defined(__ARMCC_VERSION)
  39:Generated_Source\PSoC4/cyfitter_cfg.c ****         #define CY_CFG_MEMORY_BARRIER() __memory_changed()
  40:Generated_Source\PSoC4/cyfitter_cfg.c ****     #else
  41:Generated_Source\PSoC4/cyfitter_cfg.c ****         #define CY_CFG_MEMORY_BARRIER() __sync_synchronize()
  42:Generated_Source\PSoC4/cyfitter_cfg.c ****     #endif
  43:Generated_Source\PSoC4/cyfitter_cfg.c ****     
  44:Generated_Source\PSoC4/cyfitter_cfg.c **** #elif defined(__ICCARM__)
  45:Generated_Source\PSoC4/cyfitter_cfg.c ****     #include <intrinsics.h>
  46:Generated_Source\PSoC4/cyfitter_cfg.c **** 
  47:Generated_Source\PSoC4/cyfitter_cfg.c ****     #define CYPACKED __packed
  48:Generated_Source\PSoC4/cyfitter_cfg.c ****     #define CYPACKED_ATTR 
  49:Generated_Source\PSoC4/cyfitter_cfg.c ****     #define CYALIGNED _Pragma("data_alignment=4")
  50:Generated_Source\PSoC4/cyfitter_cfg.c ****     #define CY_CFG_UNUSED _Pragma("diag_suppress=Pe177")
  51:Generated_Source\PSoC4/cyfitter_cfg.c ****     #define CY_CFG_SECTION _Pragma("location=\".psocinit\"")
  52:Generated_Source\PSoC4/cyfitter_cfg.c ****     
  53:Generated_Source\PSoC4/cyfitter_cfg.c ****     #define CY_CFG_MEMORY_BARRIER() __DMB()
  54:Generated_Source\PSoC4/cyfitter_cfg.c ****     
  55:Generated_Source\PSoC4/cyfitter_cfg.c **** #else
  56:Generated_Source\PSoC4/cyfitter_cfg.c ****     #error Unsupported toolchain
  57:Generated_Source\PSoC4/cyfitter_cfg.c **** #endif
  58:Generated_Source\PSoC4/cyfitter_cfg.c **** 
  59:Generated_Source\PSoC4/cyfitter_cfg.c **** #ifndef CYCODE
  60:Generated_Source\PSoC4/cyfitter_cfg.c ****     #define CYCODE
  61:Generated_Source\PSoC4/cyfitter_cfg.c **** #endif
  62:Generated_Source\PSoC4/cyfitter_cfg.c **** #ifndef CYDATA
  63:Generated_Source\PSoC4/cyfitter_cfg.c ****     #define CYDATA
  64:Generated_Source\PSoC4/cyfitter_cfg.c **** #endif
  65:Generated_Source\PSoC4/cyfitter_cfg.c **** #ifndef CYFAR
  66:Generated_Source\PSoC4/cyfitter_cfg.c ****     #define CYFAR
  67:Generated_Source\PSoC4/cyfitter_cfg.c **** #endif
  68:Generated_Source\PSoC4/cyfitter_cfg.c **** #ifndef CYXDATA
  69:Generated_Source\PSoC4/cyfitter_cfg.c ****     #define CYXDATA
  70:Generated_Source\PSoC4/cyfitter_cfg.c **** #endif
  71:Generated_Source\PSoC4/cyfitter_cfg.c **** 
  72:Generated_Source\PSoC4/cyfitter_cfg.c **** 
  73:Generated_Source\PSoC4/cyfitter_cfg.c **** CY_CFG_UNUSED
  74:Generated_Source\PSoC4/cyfitter_cfg.c **** static void CYMEMZERO(void *s, size_t n);
  75:Generated_Source\PSoC4/cyfitter_cfg.c **** CY_CFG_UNUSED
  76:Generated_Source\PSoC4/cyfitter_cfg.c **** static void CYMEMZERO(void *s, size_t n)
  77:Generated_Source\PSoC4/cyfitter_cfg.c **** {
  78:Generated_Source\PSoC4/cyfitter_cfg.c **** 	(void)memset(s, 0, n);
  79:Generated_Source\PSoC4/cyfitter_cfg.c **** }
  80:Generated_Source\PSoC4/cyfitter_cfg.c **** CY_CFG_UNUSED
  81:Generated_Source\PSoC4/cyfitter_cfg.c **** static void CYCONFIGCPY(void *dest, const void *src, size_t n);
  82:Generated_Source\PSoC4/cyfitter_cfg.c **** CY_CFG_UNUSED
  83:Generated_Source\PSoC4/cyfitter_cfg.c **** static void CYCONFIGCPY(void *dest, const void *src, size_t n)
  84:Generated_Source\PSoC4/cyfitter_cfg.c **** {
  85:Generated_Source\PSoC4/cyfitter_cfg.c **** 	(void)memcpy(dest, src, n);
  86:Generated_Source\PSoC4/cyfitter_cfg.c **** }
  87:Generated_Source\PSoC4/cyfitter_cfg.c **** CY_CFG_UNUSED
ARM GAS  C:\Users\Tymek\AppData\Local\Temp\ccBPxalX.s 			page 3


  88:Generated_Source\PSoC4/cyfitter_cfg.c **** static void CYCONFIGCPYCODE(void *dest, const void *src, size_t n);
  89:Generated_Source\PSoC4/cyfitter_cfg.c **** CY_CFG_UNUSED
  90:Generated_Source\PSoC4/cyfitter_cfg.c **** static void CYCONFIGCPYCODE(void *dest, const void *src, size_t n)
  91:Generated_Source\PSoC4/cyfitter_cfg.c **** {
  92:Generated_Source\PSoC4/cyfitter_cfg.c **** 	(void)memcpy(dest, src, n);
  93:Generated_Source\PSoC4/cyfitter_cfg.c **** }
  94:Generated_Source\PSoC4/cyfitter_cfg.c **** 
  95:Generated_Source\PSoC4/cyfitter_cfg.c **** 
  96:Generated_Source\PSoC4/cyfitter_cfg.c **** 
  97:Generated_Source\PSoC4/cyfitter_cfg.c **** 
  98:Generated_Source\PSoC4/cyfitter_cfg.c **** /* Clock startup error codes                                                   */
  99:Generated_Source\PSoC4/cyfitter_cfg.c **** #define CYCLOCKSTART_NO_ERROR    0u
 100:Generated_Source\PSoC4/cyfitter_cfg.c **** #define CYCLOCKSTART_XTAL_ERROR  1u
 101:Generated_Source\PSoC4/cyfitter_cfg.c **** #define CYCLOCKSTART_32KHZ_ERROR 2u
 102:Generated_Source\PSoC4/cyfitter_cfg.c **** #define CYCLOCKSTART_PLL_ERROR   3u
 103:Generated_Source\PSoC4/cyfitter_cfg.c **** #define CYCLOCKSTART_FLL_ERROR   4u
 104:Generated_Source\PSoC4/cyfitter_cfg.c **** 
 105:Generated_Source\PSoC4/cyfitter_cfg.c **** 
 106:Generated_Source\PSoC4/cyfitter_cfg.c **** #ifdef CY_NEED_CYCLOCKSTARTUPERROR
 107:Generated_Source\PSoC4/cyfitter_cfg.c **** /*******************************************************************************
 108:Generated_Source\PSoC4/cyfitter_cfg.c **** * Function Name: CyClockStartupError
 109:Generated_Source\PSoC4/cyfitter_cfg.c **** ********************************************************************************
 110:Generated_Source\PSoC4/cyfitter_cfg.c **** * Summary:
 111:Generated_Source\PSoC4/cyfitter_cfg.c **** *  If an error is encountered during clock configuration (crystal startup error,
 112:Generated_Source\PSoC4/cyfitter_cfg.c **** *  PLL lock error, etc.), the system will end up here.  Unless reimplemented by
 113:Generated_Source\PSoC4/cyfitter_cfg.c **** *  the customer, this function will stop in an infinite loop.
 114:Generated_Source\PSoC4/cyfitter_cfg.c **** *
 115:Generated_Source\PSoC4/cyfitter_cfg.c **** * Parameters:
 116:Generated_Source\PSoC4/cyfitter_cfg.c **** *   void
 117:Generated_Source\PSoC4/cyfitter_cfg.c **** *
 118:Generated_Source\PSoC4/cyfitter_cfg.c **** * Return:
 119:Generated_Source\PSoC4/cyfitter_cfg.c **** *   void
 120:Generated_Source\PSoC4/cyfitter_cfg.c **** *
 121:Generated_Source\PSoC4/cyfitter_cfg.c **** *******************************************************************************/
 122:Generated_Source\PSoC4/cyfitter_cfg.c **** CY_CFG_UNUSED
 123:Generated_Source\PSoC4/cyfitter_cfg.c **** static void CyClockStartupError(uint8 errorCode);
 124:Generated_Source\PSoC4/cyfitter_cfg.c **** CY_CFG_UNUSED
 125:Generated_Source\PSoC4/cyfitter_cfg.c **** static void CyClockStartupError(uint8 errorCode)
 126:Generated_Source\PSoC4/cyfitter_cfg.c **** {
 127:Generated_Source\PSoC4/cyfitter_cfg.c ****     /* To remove the compiler warning if errorCode not used. */
 128:Generated_Source\PSoC4/cyfitter_cfg.c **** #if defined(CY_PSOC3) && (CY_PSOC3)
 129:Generated_Source\PSoC4/cyfitter_cfg.c ****     errorCode = errorCode;
 130:Generated_Source\PSoC4/cyfitter_cfg.c **** #else
 131:Generated_Source\PSoC4/cyfitter_cfg.c ****     (void)errorCode;
 132:Generated_Source\PSoC4/cyfitter_cfg.c **** #endif /* CY_PSOC3 */
 133:Generated_Source\PSoC4/cyfitter_cfg.c **** 
 134:Generated_Source\PSoC4/cyfitter_cfg.c ****     /* If we have a clock startup error (bad MHz crystal, PLL lock, etc.),  */
 135:Generated_Source\PSoC4/cyfitter_cfg.c ****     /* we will end up here to allow the customer to implement something to  */
 136:Generated_Source\PSoC4/cyfitter_cfg.c ****     /* deal with the clock condition.                                       */
 137:Generated_Source\PSoC4/cyfitter_cfg.c **** 
 138:Generated_Source\PSoC4/cyfitter_cfg.c **** #ifdef CY_CFG_CLOCK_STARTUP_ERROR_CALLBACK
 139:Generated_Source\PSoC4/cyfitter_cfg.c ****     CY_CFG_Clock_Startup_ErrorCallback();
 140:Generated_Source\PSoC4/cyfitter_cfg.c **** #else
 141:Generated_Source\PSoC4/cyfitter_cfg.c ****     /*  If not using CY_CFG_CLOCK_STARTUP_ERROR_CALLBACK, place your clock startup code here. */
 142:Generated_Source\PSoC4/cyfitter_cfg.c ****     /* `#START CyClockStartupError` */
 143:Generated_Source\PSoC4/cyfitter_cfg.c **** 
 144:Generated_Source\PSoC4/cyfitter_cfg.c **** 
ARM GAS  C:\Users\Tymek\AppData\Local\Temp\ccBPxalX.s 			page 4


 145:Generated_Source\PSoC4/cyfitter_cfg.c **** 
 146:Generated_Source\PSoC4/cyfitter_cfg.c ****     /* `#END` */
 147:Generated_Source\PSoC4/cyfitter_cfg.c **** 
 148:Generated_Source\PSoC4/cyfitter_cfg.c ****     while(1) {}
 149:Generated_Source\PSoC4/cyfitter_cfg.c **** #endif /* CY_CFG_CLOCK_STARTUP_ERROR_CALLBACK */
 150:Generated_Source\PSoC4/cyfitter_cfg.c **** }
 151:Generated_Source\PSoC4/cyfitter_cfg.c **** #endif
 152:Generated_Source\PSoC4/cyfitter_cfg.c **** 
 153:Generated_Source\PSoC4/cyfitter_cfg.c **** 
 154:Generated_Source\PSoC4/cyfitter_cfg.c **** 
 155:Generated_Source\PSoC4/cyfitter_cfg.c **** /*******************************************************************************
 156:Generated_Source\PSoC4/cyfitter_cfg.c **** * Function Name: ClockSetup
 157:Generated_Source\PSoC4/cyfitter_cfg.c **** ********************************************************************************
 158:Generated_Source\PSoC4/cyfitter_cfg.c **** *
 159:Generated_Source\PSoC4/cyfitter_cfg.c **** * Summary:
 160:Generated_Source\PSoC4/cyfitter_cfg.c **** *   Performs the initialization of all of the clocks in the device based on the
 161:Generated_Source\PSoC4/cyfitter_cfg.c **** *   settings in the Clock tab of the DWR.  This includes enabling the requested
 162:Generated_Source\PSoC4/cyfitter_cfg.c **** *   clocks and setting the necessary dividers to produce the desired frequency. 
 163:Generated_Source\PSoC4/cyfitter_cfg.c **** *
 164:Generated_Source\PSoC4/cyfitter_cfg.c **** * Parameters:
 165:Generated_Source\PSoC4/cyfitter_cfg.c **** *   void
 166:Generated_Source\PSoC4/cyfitter_cfg.c **** *
 167:Generated_Source\PSoC4/cyfitter_cfg.c **** * Return:
 168:Generated_Source\PSoC4/cyfitter_cfg.c **** *   void
 169:Generated_Source\PSoC4/cyfitter_cfg.c **** *
 170:Generated_Source\PSoC4/cyfitter_cfg.c **** *******************************************************************************/
 171:Generated_Source\PSoC4/cyfitter_cfg.c **** static void ClockSetup(void);
 172:Generated_Source\PSoC4/cyfitter_cfg.c **** CY_CFG_SECTION
 173:Generated_Source\PSoC4/cyfitter_cfg.c **** static void ClockSetup(void)
 174:Generated_Source\PSoC4/cyfitter_cfg.c **** {
 175:Generated_Source\PSoC4/cyfitter_cfg.c **** 
 176:Generated_Source\PSoC4/cyfitter_cfg.c **** 	/* Set Flash Cycles based on max possible frequency in case a glitch occurs during ClockSetup(). *
 177:Generated_Source\PSoC4/cyfitter_cfg.c **** 	CY_SET_REG32((void CYXDATA *)(CYREG_CPUSS_FLASH_CTL), (0x0012u));
 178:Generated_Source\PSoC4/cyfitter_cfg.c **** 	/* Setup and trim IMO based on desired frequency. */
 179:Generated_Source\PSoC4/cyfitter_cfg.c **** 	CySysClkWriteImoFreq(48u);
 180:Generated_Source\PSoC4/cyfitter_cfg.c **** 	/* CYDEV_CLK_ILO_CONFIG Starting address: CYDEV_CLK_ILO_CONFIG */
 181:Generated_Source\PSoC4/cyfitter_cfg.c **** 	CY_SET_REG32((void *)(CYREG_CLK_ILO_CONFIG), 0x80000006u);
 182:Generated_Source\PSoC4/cyfitter_cfg.c **** 
 183:Generated_Source\PSoC4/cyfitter_cfg.c **** 
 184:Generated_Source\PSoC4/cyfitter_cfg.c **** 	/* Setup phase aligned clocks */
 185:Generated_Source\PSoC4/cyfitter_cfg.c **** 
 186:Generated_Source\PSoC4/cyfitter_cfg.c **** 	/* CYDEV_CLK_IMO_CONFIG Starting address: CYDEV_CLK_IMO_CONFIG */
 187:Generated_Source\PSoC4/cyfitter_cfg.c **** 	CY_SET_REG32((void *)(CYREG_CLK_IMO_CONFIG), 0x80000000u);
 188:Generated_Source\PSoC4/cyfitter_cfg.c **** 
 189:Generated_Source\PSoC4/cyfitter_cfg.c **** 	/* CYDEV_CLK_SELECT Starting address: CYDEV_CLK_SELECT */
 190:Generated_Source\PSoC4/cyfitter_cfg.c **** 	CY_SET_REG32((void *)(CYREG_CLK_SELECT), 0x00080000u);
 191:Generated_Source\PSoC4/cyfitter_cfg.c **** 
 192:Generated_Source\PSoC4/cyfitter_cfg.c **** 	(void)CyIntSetVector(8u, &CySysWdtIsr);
 193:Generated_Source\PSoC4/cyfitter_cfg.c **** 	CyIntEnable(8u);
 194:Generated_Source\PSoC4/cyfitter_cfg.c **** 	CY_SET_REG32((void *)(CYREG_WDT_CONFIG), 0x00000000u);
 195:Generated_Source\PSoC4/cyfitter_cfg.c **** }
 196:Generated_Source\PSoC4/cyfitter_cfg.c **** 
 197:Generated_Source\PSoC4/cyfitter_cfg.c **** 
 198:Generated_Source\PSoC4/cyfitter_cfg.c **** /* Analog API Functions */
 199:Generated_Source\PSoC4/cyfitter_cfg.c **** 
 200:Generated_Source\PSoC4/cyfitter_cfg.c **** 
 201:Generated_Source\PSoC4/cyfitter_cfg.c **** /*******************************************************************************
ARM GAS  C:\Users\Tymek\AppData\Local\Temp\ccBPxalX.s 			page 5


 202:Generated_Source\PSoC4/cyfitter_cfg.c **** * Function Name: AnalogSetDefault
 203:Generated_Source\PSoC4/cyfitter_cfg.c **** ********************************************************************************
 204:Generated_Source\PSoC4/cyfitter_cfg.c **** *
 205:Generated_Source\PSoC4/cyfitter_cfg.c **** * Summary:
 206:Generated_Source\PSoC4/cyfitter_cfg.c **** *  Sets up the analog portions of the chip to default values based on chip
 207:Generated_Source\PSoC4/cyfitter_cfg.c **** *  configuration options from the project.
 208:Generated_Source\PSoC4/cyfitter_cfg.c **** *
 209:Generated_Source\PSoC4/cyfitter_cfg.c **** * Parameters:
 210:Generated_Source\PSoC4/cyfitter_cfg.c **** *  void
 211:Generated_Source\PSoC4/cyfitter_cfg.c **** *
 212:Generated_Source\PSoC4/cyfitter_cfg.c **** * Return:
 213:Generated_Source\PSoC4/cyfitter_cfg.c **** *  void
 214:Generated_Source\PSoC4/cyfitter_cfg.c **** *
 215:Generated_Source\PSoC4/cyfitter_cfg.c **** *******************************************************************************/
 216:Generated_Source\PSoC4/cyfitter_cfg.c **** static void AnalogSetDefault(void);
 217:Generated_Source\PSoC4/cyfitter_cfg.c **** static void AnalogSetDefault(void)
 218:Generated_Source\PSoC4/cyfitter_cfg.c **** {
 219:Generated_Source\PSoC4/cyfitter_cfg.c **** 	CY_SET_XTND_REG32((void CYFAR *)CYREG_CTBM0_DFT_CTRL, 0x00000003u);
 220:Generated_Source\PSoC4/cyfitter_cfg.c **** 	CY_SET_XTND_REG32((void CYFAR *)CYREG_CTBM1_DFT_CTRL, 0x00000003u);
 221:Generated_Source\PSoC4/cyfitter_cfg.c **** 	CY_SET_XTND_REG32((void CYFAR *)CYREG_PASS_DSAB_DSAB_CTRL, 0x00000000u);
 222:Generated_Source\PSoC4/cyfitter_cfg.c **** }
 223:Generated_Source\PSoC4/cyfitter_cfg.c **** 
 224:Generated_Source\PSoC4/cyfitter_cfg.c **** 
 225:Generated_Source\PSoC4/cyfitter_cfg.c **** 
 226:Generated_Source\PSoC4/cyfitter_cfg.c **** 
 227:Generated_Source\PSoC4/cyfitter_cfg.c **** /*******************************************************************************
 228:Generated_Source\PSoC4/cyfitter_cfg.c **** * Function Name: cyfitter_cfg
 229:Generated_Source\PSoC4/cyfitter_cfg.c **** ********************************************************************************
 230:Generated_Source\PSoC4/cyfitter_cfg.c **** * Summary:
 231:Generated_Source\PSoC4/cyfitter_cfg.c **** *  This function is called by the start-up code for the selected device. It
 232:Generated_Source\PSoC4/cyfitter_cfg.c **** *  performs all of the necessary device configuration based on the design
 233:Generated_Source\PSoC4/cyfitter_cfg.c **** *  settings.  This includes settings from the Design Wide Resources (DWR) such
 234:Generated_Source\PSoC4/cyfitter_cfg.c **** *  as Clocks and Pins as well as any component configuration that is necessary.
 235:Generated_Source\PSoC4/cyfitter_cfg.c **** *
 236:Generated_Source\PSoC4/cyfitter_cfg.c **** * Parameters:
 237:Generated_Source\PSoC4/cyfitter_cfg.c **** *   void
 238:Generated_Source\PSoC4/cyfitter_cfg.c **** *
 239:Generated_Source\PSoC4/cyfitter_cfg.c **** * Return:
 240:Generated_Source\PSoC4/cyfitter_cfg.c **** *   void
 241:Generated_Source\PSoC4/cyfitter_cfg.c **** *
 242:Generated_Source\PSoC4/cyfitter_cfg.c **** *******************************************************************************/
 243:Generated_Source\PSoC4/cyfitter_cfg.c **** CY_CFG_SECTION
 244:Generated_Source\PSoC4/cyfitter_cfg.c **** void cyfitter_cfg(void)
 245:Generated_Source\PSoC4/cyfitter_cfg.c **** {
  28              		.loc 1 245 0
  29              		.cfi_startproc
  30              		@ args = 0, pretend = 0, frame = 0
  31              		@ frame_needed = 0, uses_anonymous_args = 0
  32 0000 70B5     		push	{r4, r5, r6, lr}
  33              		.cfi_def_cfa_offset 16
  34              		.cfi_offset 4, -16
  35              		.cfi_offset 5, -12
  36              		.cfi_offset 6, -8
  37              		.cfi_offset 14, -4
 246:Generated_Source\PSoC4/cyfitter_cfg.c **** 	/* Disable interrupts by default. Let user enable if/when they want. */
 247:Generated_Source\PSoC4/cyfitter_cfg.c **** 	CyGlobalIntDisable;
  38              		.loc 1 247 0
ARM GAS  C:\Users\Tymek\AppData\Local\Temp\ccBPxalX.s 			page 6


  39              		.syntax divided
  40              	@ 247 "Generated_Source\PSoC4\cyfitter_cfg.c" 1
  41 0002 72B6     		CPSID   i
  42              	@ 0 "" 2
  43              		.thumb
  44              		.syntax unified
  45              	.LBB10:
  46              	.LBB11:
  47              	.LBB12:
  48              	.LBB13:
  78:Generated_Source\PSoC4/cyfitter_cfg.c **** }
  49              		.loc 1 78 0
  50 0004 8025     		movs	r5, #128
  51              	.LBE13:
  52              	.LBE12:
  53              	.LBE11:
  54              	.LBE10:
 248:Generated_Source\PSoC4/cyfitter_cfg.c **** 
 249:Generated_Source\PSoC4/cyfitter_cfg.c **** 	CY_SET_REG32((void *)(CYREG_BLE_BLESS_LL_DSM_CTRL), 0x00000000u);
  55              		.loc 1 249 0
  56 0006 0024     		movs	r4, #0
  57 0008 264B     		ldr	r3, .L2
  58              	.LBB20:
  59              	.LBB18:
  60              	.LBB16:
  61              	.LBB14:
  78:Generated_Source\PSoC4/cyfitter_cfg.c **** }
  62              		.loc 1 78 0
  63 000a ED00     		lsls	r5, r5, #3
  64              	.LBE14:
  65              	.LBE16:
  66              	.LBE18:
  67              	.LBE20:
  68              		.loc 1 249 0
  69 000c 1C60     		str	r4, [r3]
  70              	.LVL0:
  71              	.LBB21:
  72              	.LBB19:
  73              	.LBB17:
  74              	.LBB15:
  78:Generated_Source\PSoC4/cyfitter_cfg.c **** }
  75              		.loc 1 78 0
  76 000e 2A00     		movs	r2, r5
  77 0010 2100     		movs	r1, r4
  78 0012 2548     		ldr	r0, .L2+4
  79 0014 FFF7FEFF 		bl	memset
  80              	.LVL1:
  81 0018 2A00     		movs	r2, r5
  82 001a 2100     		movs	r1, r4
  83 001c 2348     		ldr	r0, .L2+8
  84 001e FFF7FEFF 		bl	memset
  85              	.LVL2:
  86              	.LBE15:
  87              	.LBE17:
  88              	.LBE19:
 250:Generated_Source\PSoC4/cyfitter_cfg.c **** 
 251:Generated_Source\PSoC4/cyfitter_cfg.c **** 	{
ARM GAS  C:\Users\Tymek\AppData\Local\Temp\ccBPxalX.s 			page 7


 252:Generated_Source\PSoC4/cyfitter_cfg.c **** 
 253:Generated_Source\PSoC4/cyfitter_cfg.c **** 		CYPACKED typedef struct {
 254:Generated_Source\PSoC4/cyfitter_cfg.c **** 			void CYFAR *address;
 255:Generated_Source\PSoC4/cyfitter_cfg.c **** 			uint16 size;
 256:Generated_Source\PSoC4/cyfitter_cfg.c **** 		} CYPACKED_ATTR cfg_memset_t;
 257:Generated_Source\PSoC4/cyfitter_cfg.c **** 
 258:Generated_Source\PSoC4/cyfitter_cfg.c **** 		static const cfg_memset_t CYCODE cfg_memset_list[] = {
 259:Generated_Source\PSoC4/cyfitter_cfg.c **** 			/* address, size */
 260:Generated_Source\PSoC4/cyfitter_cfg.c **** 			{(void CYFAR *)(CYDEV_UDB_P0_U0_BASE), 1024u},
 261:Generated_Source\PSoC4/cyfitter_cfg.c **** 			{(void CYFAR *)(CYDEV_UDB_DSI0_BASE), 1024u},
 262:Generated_Source\PSoC4/cyfitter_cfg.c **** 		};
 263:Generated_Source\PSoC4/cyfitter_cfg.c **** 
 264:Generated_Source\PSoC4/cyfitter_cfg.c **** 		uint8 CYDATA i;
 265:Generated_Source\PSoC4/cyfitter_cfg.c **** 
 266:Generated_Source\PSoC4/cyfitter_cfg.c **** 		/* Zero out critical memory blocks before beginning configuration */
 267:Generated_Source\PSoC4/cyfitter_cfg.c **** 		for (i = 0u; i < (sizeof(cfg_memset_list)/sizeof(cfg_memset_list[0])); i++)
 268:Generated_Source\PSoC4/cyfitter_cfg.c **** 		{
 269:Generated_Source\PSoC4/cyfitter_cfg.c **** 			const cfg_memset_t CYCODE * CYDATA ms = &cfg_memset_list[i];
 270:Generated_Source\PSoC4/cyfitter_cfg.c **** 			CYMEMZERO(ms->address, (size_t)(uint32)(ms->size));
 271:Generated_Source\PSoC4/cyfitter_cfg.c **** 		}
 272:Generated_Source\PSoC4/cyfitter_cfg.c **** 
 273:Generated_Source\PSoC4/cyfitter_cfg.c **** 		/* HSIOM Starting address: CYDEV_HSIOM_BASE */
 274:Generated_Source\PSoC4/cyfitter_cfg.c **** 		CY_SET_REG32((void *)(CYDEV_HSIOM_BASE), 0xEE000000u);
  89              		.loc 1 274 0
  90 0022 EE22     		movs	r2, #238
  91 0024 224B     		ldr	r3, .L2+12
  92 0026 1206     		lsls	r2, r2, #24
  93 0028 1A60     		str	r2, [r3]
 275:Generated_Source\PSoC4/cyfitter_cfg.c **** 
 276:Generated_Source\PSoC4/cyfitter_cfg.c **** 		/* UDB_PA_0 Starting address: CYDEV_UDB_PA0_BASE */
 277:Generated_Source\PSoC4/cyfitter_cfg.c **** 		CY_SET_REG32((void *)(CYDEV_UDB_PA0_BASE), 0x00990000u);
  94              		.loc 1 277 0
  95 002a 9923     		movs	r3, #153
 278:Generated_Source\PSoC4/cyfitter_cfg.c **** 
 279:Generated_Source\PSoC4/cyfitter_cfg.c **** 		/* UDB_PA_1 Starting address: CYDEV_UDB_PA1_BASE */
 280:Generated_Source\PSoC4/cyfitter_cfg.c **** 		CY_SET_REG32((void *)(CYDEV_UDB_PA1_BASE), 0x00990000u);
 281:Generated_Source\PSoC4/cyfitter_cfg.c **** 
 282:Generated_Source\PSoC4/cyfitter_cfg.c **** 		/* UDB_PA_3 Starting address: CYDEV_UDB_PA3_BASE */
 283:Generated_Source\PSoC4/cyfitter_cfg.c **** 		CY_SET_REG32((void *)(CYDEV_UDB_PA3_BASE), 0x00990000u);
 284:Generated_Source\PSoC4/cyfitter_cfg.c **** 
 285:Generated_Source\PSoC4/cyfitter_cfg.c **** 		/* Enable digital routing */
 286:Generated_Source\PSoC4/cyfitter_cfg.c **** 		CY_SET_XTND_REG8((void *)CYREG_UDB_UDBIF_BANK_CTL, (uint8)(CY_GET_XTND_REG8((void *)CYREG_UDB_UDB
  96              		.loc 1 286 0
  97 002c 0621     		movs	r1, #6
 277:Generated_Source\PSoC4/cyfitter_cfg.c **** 
  98              		.loc 1 277 0
  99 002e 214A     		ldr	r2, .L2+16
 100 0030 1B04     		lsls	r3, r3, #16
 101 0032 1360     		str	r3, [r2]
 280:Generated_Source\PSoC4/cyfitter_cfg.c **** 
 102              		.loc 1 280 0
 103 0034 204A     		ldr	r2, .L2+20
 104              	.LBE21:
 105              	.LBB22:
 106              	.LBB23:
 179:Generated_Source\PSoC4/cyfitter_cfg.c **** 	/* CYDEV_CLK_ILO_CONFIG Starting address: CYDEV_CLK_ILO_CONFIG */
 107              		.loc 1 179 0
ARM GAS  C:\Users\Tymek\AppData\Local\Temp\ccBPxalX.s 			page 8


 108 0036 3020     		movs	r0, #48
 109              	.LBE23:
 110              	.LBE22:
 111              	.LBB26:
 280:Generated_Source\PSoC4/cyfitter_cfg.c **** 
 112              		.loc 1 280 0
 113 0038 1360     		str	r3, [r2]
 283:Generated_Source\PSoC4/cyfitter_cfg.c **** 
 114              		.loc 1 283 0
 115 003a 204A     		ldr	r2, .L2+24
 116              	.LBE26:
 287:Generated_Source\PSoC4/cyfitter_cfg.c **** 	}
 288:Generated_Source\PSoC4/cyfitter_cfg.c **** 
 289:Generated_Source\PSoC4/cyfitter_cfg.c **** 	/* Perform second pass device configuration. These items must be configured in specific order afte
 290:Generated_Source\PSoC4/cyfitter_cfg.c **** 	/* IOPINS0_0 Starting address: CYDEV_GPIO_PRT0_BASE */
 291:Generated_Source\PSoC4/cyfitter_cfg.c **** 	CY_SET_REG32((void *)(CYREG_GPIO_PRT0_PC), 0x00D80000u);
 292:Generated_Source\PSoC4/cyfitter_cfg.c **** 
 293:Generated_Source\PSoC4/cyfitter_cfg.c **** 	/* IOPINS0_1 Starting address: CYDEV_GPIO_PRT1_BASE */
 294:Generated_Source\PSoC4/cyfitter_cfg.c **** 	CY_SET_REG32((void *)(CYDEV_GPIO_PRT1_BASE), 0x00000020u);
 295:Generated_Source\PSoC4/cyfitter_cfg.c **** 	CY_SET_REG32((void *)(CYREG_GPIO_PRT1_PC), 0x00030000u);
 296:Generated_Source\PSoC4/cyfitter_cfg.c **** 
 297:Generated_Source\PSoC4/cyfitter_cfg.c **** 	/* IOPINS0_3 Starting address: CYDEV_GPIO_PRT3_BASE */
 298:Generated_Source\PSoC4/cyfitter_cfg.c **** 	CY_SET_REG32((void *)(CYREG_GPIO_PRT3_PC), 0x00C00000u);
 299:Generated_Source\PSoC4/cyfitter_cfg.c **** 
 300:Generated_Source\PSoC4/cyfitter_cfg.c **** 
 301:Generated_Source\PSoC4/cyfitter_cfg.c **** 	/* Setup clocks based on selections from Clock DWR */
 302:Generated_Source\PSoC4/cyfitter_cfg.c **** 	ClockSetup();
 303:Generated_Source\PSoC4/cyfitter_cfg.c **** 
 304:Generated_Source\PSoC4/cyfitter_cfg.c **** 	/* Perform basic analog initialization to defaults */
 305:Generated_Source\PSoC4/cyfitter_cfg.c **** 	AnalogSetDefault();
 306:Generated_Source\PSoC4/cyfitter_cfg.c **** 
 307:Generated_Source\PSoC4/cyfitter_cfg.c **** }
 117              		.loc 1 307 0
 118              		@ sp needed
 119              	.LBB27:
 283:Generated_Source\PSoC4/cyfitter_cfg.c **** 
 120              		.loc 1 283 0
 121 003c 1360     		str	r3, [r2]
 286:Generated_Source\PSoC4/cyfitter_cfg.c **** 	}
 122              		.loc 1 286 0
 123 003e 204A     		ldr	r2, .L2+28
 124 0040 1378     		ldrb	r3, [r2]
 125 0042 0B43     		orrs	r3, r1
 126 0044 1370     		strb	r3, [r2]
 127              	.LBE27:
 291:Generated_Source\PSoC4/cyfitter_cfg.c **** 
 128              		.loc 1 291 0
 129 0046 D822     		movs	r2, #216
 130 0048 1E4B     		ldr	r3, .L2+32
 131 004a 1204     		lsls	r2, r2, #16
 132 004c 1A60     		str	r2, [r3]
 294:Generated_Source\PSoC4/cyfitter_cfg.c **** 	CY_SET_REG32((void *)(CYREG_GPIO_PRT1_PC), 0x00030000u);
 133              		.loc 1 294 0
 134 004e 2022     		movs	r2, #32
 135 0050 1D4B     		ldr	r3, .L2+36
 136 0052 1A60     		str	r2, [r3]
 295:Generated_Source\PSoC4/cyfitter_cfg.c **** 
ARM GAS  C:\Users\Tymek\AppData\Local\Temp\ccBPxalX.s 			page 9


 137              		.loc 1 295 0
 138 0054 C022     		movs	r2, #192
 139 0056 1D4B     		ldr	r3, .L2+40
 140 0058 9202     		lsls	r2, r2, #10
 141 005a 1A60     		str	r2, [r3]
 298:Generated_Source\PSoC4/cyfitter_cfg.c **** 
 142              		.loc 1 298 0
 143 005c C022     		movs	r2, #192
 144 005e 1C4B     		ldr	r3, .L2+44
 145 0060 1204     		lsls	r2, r2, #16
 146 0062 1A60     		str	r2, [r3]
 147              	.LBB28:
 148              	.LBB24:
 177:Generated_Source\PSoC4/cyfitter_cfg.c **** 	/* Setup and trim IMO based on desired frequency. */
 149              		.loc 1 177 0
 150 0064 1222     		movs	r2, #18
 151 0066 1B4B     		ldr	r3, .L2+48
 152 0068 1A60     		str	r2, [r3]
 179:Generated_Source\PSoC4/cyfitter_cfg.c **** 	/* CYDEV_CLK_ILO_CONFIG Starting address: CYDEV_CLK_ILO_CONFIG */
 153              		.loc 1 179 0
 154 006a FFF7FEFF 		bl	CySysClkWriteImoFreq
 155              	.LVL3:
 181:Generated_Source\PSoC4/cyfitter_cfg.c **** 
 156              		.loc 1 181 0
 157 006e 1A4A     		ldr	r2, .L2+52
 158 0070 1A4B     		ldr	r3, .L2+56
 192:Generated_Source\PSoC4/cyfitter_cfg.c **** 	CyIntEnable(8u);
 159              		.loc 1 192 0
 160 0072 1B49     		ldr	r1, .L2+60
 181:Generated_Source\PSoC4/cyfitter_cfg.c **** 
 161              		.loc 1 181 0
 162 0074 1A60     		str	r2, [r3]
 187:Generated_Source\PSoC4/cyfitter_cfg.c **** 
 163              		.loc 1 187 0
 164 0076 1B4B     		ldr	r3, .L2+64
 165 0078 063A     		subs	r2, r2, #6
 166 007a 1A60     		str	r2, [r3]
 190:Generated_Source\PSoC4/cyfitter_cfg.c **** 
 167              		.loc 1 190 0
 168 007c 8022     		movs	r2, #128
 169 007e 1A4B     		ldr	r3, .L2+68
 170 0080 1203     		lsls	r2, r2, #12
 171 0082 1A60     		str	r2, [r3]
 192:Generated_Source\PSoC4/cyfitter_cfg.c **** 	CyIntEnable(8u);
 172              		.loc 1 192 0
 173 0084 0820     		movs	r0, #8
 174 0086 FFF7FEFF 		bl	CyIntSetVector
 175              	.LVL4:
 193:Generated_Source\PSoC4/cyfitter_cfg.c **** 	CY_SET_REG32((void *)(CYREG_WDT_CONFIG), 0x00000000u);
 176              		.loc 1 193 0
 177 008a 0820     		movs	r0, #8
 178 008c FFF7FEFF 		bl	CyIntEnable
 179              	.LVL5:
 194:Generated_Source\PSoC4/cyfitter_cfg.c **** }
 180              		.loc 1 194 0
 181 0090 164B     		ldr	r3, .L2+72
 182              	.LBE24:
ARM GAS  C:\Users\Tymek\AppData\Local\Temp\ccBPxalX.s 			page 10


 183              	.LBE28:
 184              	.LBB29:
 185              	.LBB30:
 219:Generated_Source\PSoC4/cyfitter_cfg.c **** 	CY_SET_XTND_REG32((void CYFAR *)CYREG_CTBM1_DFT_CTRL, 0x00000003u);
 186              		.loc 1 219 0
 187 0092 174A     		ldr	r2, .L2+76
 188              	.LBE30:
 189              	.LBE29:
 190              	.LBB32:
 191              	.LBB25:
 194:Generated_Source\PSoC4/cyfitter_cfg.c **** }
 192              		.loc 1 194 0
 193 0094 1C60     		str	r4, [r3]
 194              	.LBE25:
 195              	.LBE32:
 196              	.LBB33:
 197              	.LBB31:
 219:Generated_Source\PSoC4/cyfitter_cfg.c **** 	CY_SET_XTND_REG32((void CYFAR *)CYREG_CTBM1_DFT_CTRL, 0x00000003u);
 198              		.loc 1 219 0
 199 0096 0323     		movs	r3, #3
 200 0098 1360     		str	r3, [r2]
 220:Generated_Source\PSoC4/cyfitter_cfg.c **** 	CY_SET_XTND_REG32((void CYFAR *)CYREG_PASS_DSAB_DSAB_CTRL, 0x00000000u);
 201              		.loc 1 220 0
 202 009a 164A     		ldr	r2, .L2+80
 203 009c 1360     		str	r3, [r2]
 221:Generated_Source\PSoC4/cyfitter_cfg.c **** }
 204              		.loc 1 221 0
 205 009e 164B     		ldr	r3, .L2+84
 206 00a0 1C60     		str	r4, [r3]
 207              	.LBE31:
 208              	.LBE33:
 209              		.loc 1 307 0
 210 00a2 70BD     		pop	{r4, r5, r6, pc}
 211              	.L3:
 212              		.align	2
 213              	.L2:
 214 00a4 6CF02E40 		.word	1076818028
 215 00a8 00300F40 		.word	1074737152
 216 00ac 00400F40 		.word	1074741248
 217 00b0 00000240 		.word	1073872896
 218 00b4 00500F40 		.word	1074745344
 219 00b8 10500F40 		.word	1074745360
 220 00bc 30500F40 		.word	1074745392
 221 00c0 00700F40 		.word	1074753536
 222 00c4 08000440 		.word	1074003976
 223 00c8 00010440 		.word	1074004224
 224 00cc 08010440 		.word	1074004232
 225 00d0 08030440 		.word	1074004744
 226 00d4 30001040 		.word	1074790448
 227 00d8 06000080 		.word	-2147483642
 228 00dc 04010B40 		.word	1074462980
 229 00e0 00000000 		.word	CySysWdtIsr
 230 00e4 08010B40 		.word	1074462984
 231 00e8 00010B40 		.word	1074462976
 232 00ec 0C020B40 		.word	1074463244
 233 00f0 30003040 		.word	1076887600
 234 00f4 30003140 		.word	1076953136
ARM GAS  C:\Users\Tymek\AppData\Local\Temp\ccBPxalX.s 			page 11


 235 00f8 000E3F40 		.word	1077874176
 236              		.cfi_endproc
 237              	.LFE7:
 238              		.size	cyfitter_cfg, .-cyfitter_cfg
 239              		.text
 240              	.Letext0:
 241              		.file 2 "d:\\apps\\cypress psoc creator\\psoc creator\\4.1\\psoc creator\\import\\gnu\\arm\\5.4.1\
 242              		.file 3 "Generated_Source\\PSoC4\\cytypes.h"
 243              		.file 4 "Generated_Source\\PSoC4\\CyLib.h"
 244              		.section	.debug_info,"",%progbits
 245              	.Ldebug_info0:
 246 0000 A0020000 		.4byte	0x2a0
 247 0004 0400     		.2byte	0x4
 248 0006 00000000 		.4byte	.Ldebug_abbrev0
 249 000a 04       		.byte	0x4
 250 000b 01       		.uleb128 0x1
 251 000c 02020000 		.4byte	.LASF29
 252 0010 0C       		.byte	0xc
 253 0011 DC010000 		.4byte	.LASF30
 254 0015 FC000000 		.4byte	.LASF31
 255 0019 88000000 		.4byte	.Ldebug_ranges0+0x88
 256 001d 00000000 		.4byte	0
 257 0021 00000000 		.4byte	.Ldebug_line0
 258 0025 02       		.uleb128 0x2
 259 0026 04       		.byte	0x4
 260 0027 05       		.byte	0x5
 261 0028 696E7400 		.ascii	"int\000"
 262 002c 03       		.uleb128 0x3
 263 002d 06000000 		.4byte	.LASF12
 264 0031 02       		.byte	0x2
 265 0032 D8       		.byte	0xd8
 266 0033 37000000 		.4byte	0x37
 267 0037 04       		.uleb128 0x4
 268 0038 04       		.byte	0x4
 269 0039 07       		.byte	0x7
 270 003a C3000000 		.4byte	.LASF0
 271 003e 04       		.uleb128 0x4
 272 003f 08       		.byte	0x8
 273 0040 05       		.byte	0x5
 274 0041 89010000 		.4byte	.LASF1
 275 0045 04       		.uleb128 0x4
 276 0046 08       		.byte	0x8
 277 0047 04       		.byte	0x4
 278 0048 C4010000 		.4byte	.LASF2
 279 004c 04       		.uleb128 0x4
 280 004d 01       		.byte	0x1
 281 004e 06       		.byte	0x6
 282 004f D0010000 		.4byte	.LASF3
 283 0053 04       		.uleb128 0x4
 284 0054 01       		.byte	0x1
 285 0055 08       		.byte	0x8
 286 0056 8D000000 		.4byte	.LASF4
 287 005a 04       		.uleb128 0x4
 288 005b 02       		.byte	0x2
 289 005c 05       		.byte	0x5
 290 005d 9C010000 		.4byte	.LASF5
 291 0061 04       		.uleb128 0x4
ARM GAS  C:\Users\Tymek\AppData\Local\Temp\ccBPxalX.s 			page 12


 292 0062 02       		.byte	0x2
 293 0063 07       		.byte	0x7
 294 0064 48000000 		.4byte	.LASF6
 295 0068 04       		.uleb128 0x4
 296 0069 04       		.byte	0x4
 297 006a 05       		.byte	0x5
 298 006b BB010000 		.4byte	.LASF7
 299 006f 04       		.uleb128 0x4
 300 0070 04       		.byte	0x4
 301 0071 07       		.byte	0x7
 302 0072 6B000000 		.4byte	.LASF8
 303 0076 04       		.uleb128 0x4
 304 0077 08       		.byte	0x8
 305 0078 07       		.byte	0x7
 306 0079 E5000000 		.4byte	.LASF9
 307 007d 04       		.uleb128 0x4
 308 007e 04       		.byte	0x4
 309 007f 07       		.byte	0x7
 310 0080 80010000 		.4byte	.LASF10
 311 0084 05       		.uleb128 0x5
 312 0085 04       		.byte	0x4
 313 0086 04       		.uleb128 0x4
 314 0087 01       		.byte	0x1
 315 0088 08       		.byte	0x8
 316 0089 97010000 		.4byte	.LASF11
 317 008d 06       		.uleb128 0x6
 318 008e 7D000000 		.4byte	.LASF13
 319 0092 03       		.byte	0x3
 320 0093 D201     		.2byte	0x1d2
 321 0095 53000000 		.4byte	0x53
 322 0099 06       		.uleb128 0x6
 323 009a B5000000 		.4byte	.LASF14
 324 009e 03       		.byte	0x3
 325 009f D301     		.2byte	0x1d3
 326 00a1 61000000 		.4byte	0x61
 327 00a5 06       		.uleb128 0x6
 328 00a6 BC000000 		.4byte	.LASF15
 329 00aa 03       		.byte	0x3
 330 00ab D401     		.2byte	0x1d4
 331 00ad 6F000000 		.4byte	0x6f
 332 00b1 04       		.uleb128 0x4
 333 00b2 04       		.byte	0x4
 334 00b3 04       		.byte	0x4
 335 00b4 5B000000 		.4byte	.LASF16
 336 00b8 04       		.uleb128 0x4
 337 00b9 08       		.byte	0x8
 338 00ba 04       		.byte	0x4
 339 00bb A2000000 		.4byte	.LASF17
 340 00bf 06       		.uleb128 0x6
 341 00c0 66000000 		.4byte	.LASF18
 342 00c4 03       		.byte	0x3
 343 00c5 7C02     		.2byte	0x27c
 344 00c7 CB000000 		.4byte	0xcb
 345 00cb 07       		.uleb128 0x7
 346 00cc 8D000000 		.4byte	0x8d
 347 00d0 06       		.uleb128 0x6
 348 00d1 00000000 		.4byte	.LASF19
ARM GAS  C:\Users\Tymek\AppData\Local\Temp\ccBPxalX.s 			page 13


 349 00d5 03       		.byte	0x3
 350 00d6 7E02     		.2byte	0x27e
 351 00d8 DC000000 		.4byte	0xdc
 352 00dc 07       		.uleb128 0x7
 353 00dd A5000000 		.4byte	0xa5
 354 00e1 08       		.uleb128 0x8
 355 00e2 83000000 		.4byte	.LASF32
 356 00e6 01       		.byte	0x1
 357 00e7 4C       		.byte	0x4c
 358 00e8 01       		.byte	0x1
 359 00e9 00010000 		.4byte	0x100
 360 00ed 09       		.uleb128 0x9
 361 00ee 7300     		.ascii	"s\000"
 362 00f0 01       		.byte	0x1
 363 00f1 4C       		.byte	0x4c
 364 00f2 84000000 		.4byte	0x84
 365 00f6 09       		.uleb128 0x9
 366 00f7 6E00     		.ascii	"n\000"
 367 00f9 01       		.byte	0x1
 368 00fa 4C       		.byte	0x4c
 369 00fb 2C000000 		.4byte	0x2c
 370 00ff 00       		.byte	0
 371 0100 0A       		.uleb128 0xa
 372 0101 0D000000 		.4byte	.LASF20
 373 0105 01       		.byte	0x1
 374 0106 D9       		.byte	0xd9
 375 0107 01       		.byte	0x1
 376 0108 0A       		.uleb128 0xa
 377 0109 3D000000 		.4byte	.LASF21
 378 010d 01       		.byte	0x1
 379 010e AD       		.byte	0xad
 380 010f 01       		.byte	0x1
 381 0110 0B       		.uleb128 0xb
 382 0111 D0000000 		.4byte	.LASF33
 383 0115 01       		.byte	0x1
 384 0116 F4       		.byte	0xf4
 385 0117 00000000 		.4byte	.LFB7
 386 011b FC000000 		.4byte	.LFE7-.LFB7
 387 011f 01       		.uleb128 0x1
 388 0120 9C       		.byte	0x9c
 389 0121 79020000 		.4byte	0x279
 390 0125 0C       		.uleb128 0xc
 391 0126 00000000 		.4byte	.Ldebug_ranges0+0
 392 012a 1D020000 		.4byte	0x21d
 393 012e 0D       		.uleb128 0xd
 394 012f 06       		.byte	0x6
 395 0130 01       		.byte	0x1
 396 0131 FD       		.byte	0xfd
 397 0132 4F010000 		.4byte	0x14f
 398 0136 0E       		.uleb128 0xe
 399 0137 DD000000 		.4byte	.LASF22
 400 013b 01       		.byte	0x1
 401 013c FE       		.byte	0xfe
 402 013d 84000000 		.4byte	0x84
 403 0141 00       		.byte	0
 404 0142 0E       		.uleb128 0xe
 405 0143 61000000 		.4byte	.LASF23
ARM GAS  C:\Users\Tymek\AppData\Local\Temp\ccBPxalX.s 			page 14


 406 0147 01       		.byte	0x1
 407 0148 FF       		.byte	0xff
 408 0149 99000000 		.4byte	0x99
 409 014d 04       		.byte	0x4
 410 014e 00       		.byte	0
 411 014f 06       		.uleb128 0x6
 412 0150 73010000 		.4byte	.LASF24
 413 0154 01       		.byte	0x1
 414 0155 0001     		.2byte	0x100
 415 0157 2E010000 		.4byte	0x12e
 416 015b 0F       		.uleb128 0xf
 417 015c 6B010000 		.4byte	0x16b
 418 0160 6B010000 		.4byte	0x16b
 419 0164 10       		.uleb128 0x10
 420 0165 7D000000 		.4byte	0x7d
 421 0169 01       		.byte	0x1
 422 016a 00       		.byte	0
 423 016b 11       		.uleb128 0x11
 424 016c 4F010000 		.4byte	0x14f
 425 0170 12       		.uleb128 0x12
 426 0171 2D000000 		.4byte	.LASF25
 427 0175 01       		.byte	0x1
 428 0176 0201     		.2byte	0x102
 429 0178 89010000 		.4byte	0x189
 430 017c 0C       		.byte	0xc
 431 017d 00       		.byte	0
 432 017e 30       		.byte	0x30
 433 017f 0F       		.byte	0xf
 434 0180 40       		.byte	0x40
 435 0181 00       		.byte	0
 436 0182 04       		.byte	0x4
 437 0183 00       		.byte	0
 438 0184 40       		.byte	0x40
 439 0185 0F       		.byte	0xf
 440 0186 40       		.byte	0x40
 441 0187 00       		.byte	0
 442 0188 04       		.byte	0x4
 443 0189 11       		.uleb128 0x11
 444 018a 5B010000 		.4byte	0x15b
 445 018e 13       		.uleb128 0x13
 446 018f 6900     		.ascii	"i\000"
 447 0191 01       		.byte	0x1
 448 0192 0801     		.2byte	0x108
 449 0194 8D000000 		.4byte	0x8d
 450 0198 00000000 		.4byte	.LLST0
 451 019c 14       		.uleb128 0x14
 452 019d 30000000 		.4byte	.Ldebug_ranges0+0x30
 453 01a1 13       		.uleb128 0x13
 454 01a2 6D7300   		.ascii	"ms\000"
 455 01a5 01       		.byte	0x1
 456 01a6 0D01     		.2byte	0x10d
 457 01a8 B0010000 		.4byte	0x1b0
 458 01ac 2C000000 		.4byte	.LLST1
 459 01b0 15       		.uleb128 0x15
 460 01b1 04       		.byte	0x4
 461 01b2 6B010000 		.4byte	0x16b
 462 01b6 16       		.uleb128 0x16
ARM GAS  C:\Users\Tymek\AppData\Local\Temp\ccBPxalX.s 			page 15


 463 01b7 E1000000 		.4byte	0xe1
 464 01bb 04000000 		.4byte	.LBB12
 465 01bf 30000000 		.4byte	.Ldebug_ranges0+0x30
 466 01c3 01       		.byte	0x1
 467 01c4 0E01     		.2byte	0x10e
 468 01c6 17       		.uleb128 0x17
 469 01c7 F6000000 		.4byte	0xf6
 470 01cb 54000000 		.4byte	.LLST2
 471 01cf 17       		.uleb128 0x17
 472 01d0 ED000000 		.4byte	0xed
 473 01d4 6A000000 		.4byte	.LLST3
 474 01d8 18       		.uleb128 0x18
 475 01d9 18000000 		.4byte	.LVL1
 476 01dd 79020000 		.4byte	0x279
 477 01e1 FB010000 		.4byte	0x1fb
 478 01e5 19       		.uleb128 0x19
 479 01e6 01       		.uleb128 0x1
 480 01e7 50       		.byte	0x50
 481 01e8 05       		.uleb128 0x5
 482 01e9 0C       		.byte	0xc
 483 01ea 00300F40 		.4byte	0x400f3000
 484 01ee 19       		.uleb128 0x19
 485 01ef 01       		.uleb128 0x1
 486 01f0 51       		.byte	0x51
 487 01f1 02       		.uleb128 0x2
 488 01f2 74       		.byte	0x74
 489 01f3 00       		.sleb128 0
 490 01f4 19       		.uleb128 0x19
 491 01f5 01       		.uleb128 0x1
 492 01f6 52       		.byte	0x52
 493 01f7 02       		.uleb128 0x2
 494 01f8 75       		.byte	0x75
 495 01f9 00       		.sleb128 0
 496 01fa 00       		.byte	0
 497 01fb 1A       		.uleb128 0x1a
 498 01fc 22000000 		.4byte	.LVL2
 499 0200 79020000 		.4byte	0x279
 500 0204 19       		.uleb128 0x19
 501 0205 01       		.uleb128 0x1
 502 0206 50       		.byte	0x50
 503 0207 05       		.uleb128 0x5
 504 0208 0C       		.byte	0xc
 505 0209 00400F40 		.4byte	0x400f4000
 506 020d 19       		.uleb128 0x19
 507 020e 01       		.uleb128 0x1
 508 020f 51       		.byte	0x51
 509 0210 02       		.uleb128 0x2
 510 0211 74       		.byte	0x74
 511 0212 00       		.sleb128 0
 512 0213 19       		.uleb128 0x19
 513 0214 01       		.uleb128 0x1
 514 0215 52       		.byte	0x52
 515 0216 02       		.uleb128 0x2
 516 0217 75       		.byte	0x75
 517 0218 00       		.sleb128 0
 518 0219 00       		.byte	0
 519 021a 00       		.byte	0
ARM GAS  C:\Users\Tymek\AppData\Local\Temp\ccBPxalX.s 			page 16


 520 021b 00       		.byte	0
 521 021c 00       		.byte	0
 522 021d 1B       		.uleb128 0x1b
 523 021e 08010000 		.4byte	0x108
 524 0222 36000000 		.4byte	.LBB22
 525 0226 50000000 		.4byte	.Ldebug_ranges0+0x50
 526 022a 01       		.byte	0x1
 527 022b 2E01     		.2byte	0x12e
 528 022d 68020000 		.4byte	0x268
 529 0231 18       		.uleb128 0x18
 530 0232 6E000000 		.4byte	.LVL3
 531 0236 82020000 		.4byte	0x282
 532 023a 45020000 		.4byte	0x245
 533 023e 19       		.uleb128 0x19
 534 023f 01       		.uleb128 0x1
 535 0240 50       		.byte	0x50
 536 0241 02       		.uleb128 0x2
 537 0242 08       		.byte	0x8
 538 0243 30       		.byte	0x30
 539 0244 00       		.byte	0
 540 0245 18       		.uleb128 0x18
 541 0246 8A000000 		.4byte	.LVL4
 542 024a 8D020000 		.4byte	0x28d
 543 024e 58020000 		.4byte	0x258
 544 0252 19       		.uleb128 0x19
 545 0253 01       		.uleb128 0x1
 546 0254 50       		.byte	0x50
 547 0255 01       		.uleb128 0x1
 548 0256 38       		.byte	0x38
 549 0257 00       		.byte	0
 550 0258 1A       		.uleb128 0x1a
 551 0259 90000000 		.4byte	.LVL5
 552 025d 98020000 		.4byte	0x298
 553 0261 19       		.uleb128 0x19
 554 0262 01       		.uleb128 0x1
 555 0263 50       		.byte	0x50
 556 0264 01       		.uleb128 0x1
 557 0265 38       		.byte	0x38
 558 0266 00       		.byte	0
 559 0267 00       		.byte	0
 560 0268 1C       		.uleb128 0x1c
 561 0269 00010000 		.4byte	0x100
 562 026d 92000000 		.4byte	.LBB29
 563 0271 70000000 		.4byte	.Ldebug_ranges0+0x70
 564 0275 01       		.byte	0x1
 565 0276 3101     		.2byte	0x131
 566 0278 00       		.byte	0
 567 0279 1D       		.uleb128 0x1d
 568 027a 9B000000 		.4byte	.LASF34
 569 027e 9B000000 		.4byte	.LASF34
 570 0282 1E       		.uleb128 0x1e
 571 0283 A6010000 		.4byte	.LASF26
 572 0287 A6010000 		.4byte	.LASF26
 573 028b 04       		.byte	0x4
 574 028c 6C       		.byte	0x6c
 575 028d 1E       		.uleb128 0x1e
 576 028e 1E000000 		.4byte	.LASF27
ARM GAS  C:\Users\Tymek\AppData\Local\Temp\ccBPxalX.s 			page 17


 577 0292 1E000000 		.4byte	.LASF27
 578 0296 04       		.byte	0x4
 579 0297 BD       		.byte	0xbd
 580 0298 1E       		.uleb128 0x1e
 581 0299 A9000000 		.4byte	.LASF28
 582 029d A9000000 		.4byte	.LASF28
 583 02a1 04       		.byte	0x4
 584 02a2 C3       		.byte	0xc3
 585 02a3 00       		.byte	0
 586              		.section	.debug_abbrev,"",%progbits
 587              	.Ldebug_abbrev0:
 588 0000 01       		.uleb128 0x1
 589 0001 11       		.uleb128 0x11
 590 0002 01       		.byte	0x1
 591 0003 25       		.uleb128 0x25
 592 0004 0E       		.uleb128 0xe
 593 0005 13       		.uleb128 0x13
 594 0006 0B       		.uleb128 0xb
 595 0007 03       		.uleb128 0x3
 596 0008 0E       		.uleb128 0xe
 597 0009 1B       		.uleb128 0x1b
 598 000a 0E       		.uleb128 0xe
 599 000b 55       		.uleb128 0x55
 600 000c 17       		.uleb128 0x17
 601 000d 11       		.uleb128 0x11
 602 000e 01       		.uleb128 0x1
 603 000f 10       		.uleb128 0x10
 604 0010 17       		.uleb128 0x17
 605 0011 00       		.byte	0
 606 0012 00       		.byte	0
 607 0013 02       		.uleb128 0x2
 608 0014 24       		.uleb128 0x24
 609 0015 00       		.byte	0
 610 0016 0B       		.uleb128 0xb
 611 0017 0B       		.uleb128 0xb
 612 0018 3E       		.uleb128 0x3e
 613 0019 0B       		.uleb128 0xb
 614 001a 03       		.uleb128 0x3
 615 001b 08       		.uleb128 0x8
 616 001c 00       		.byte	0
 617 001d 00       		.byte	0
 618 001e 03       		.uleb128 0x3
 619 001f 16       		.uleb128 0x16
 620 0020 00       		.byte	0
 621 0021 03       		.uleb128 0x3
 622 0022 0E       		.uleb128 0xe
 623 0023 3A       		.uleb128 0x3a
 624 0024 0B       		.uleb128 0xb
 625 0025 3B       		.uleb128 0x3b
 626 0026 0B       		.uleb128 0xb
 627 0027 49       		.uleb128 0x49
 628 0028 13       		.uleb128 0x13
 629 0029 00       		.byte	0
 630 002a 00       		.byte	0
 631 002b 04       		.uleb128 0x4
 632 002c 24       		.uleb128 0x24
 633 002d 00       		.byte	0
ARM GAS  C:\Users\Tymek\AppData\Local\Temp\ccBPxalX.s 			page 18


 634 002e 0B       		.uleb128 0xb
 635 002f 0B       		.uleb128 0xb
 636 0030 3E       		.uleb128 0x3e
 637 0031 0B       		.uleb128 0xb
 638 0032 03       		.uleb128 0x3
 639 0033 0E       		.uleb128 0xe
 640 0034 00       		.byte	0
 641 0035 00       		.byte	0
 642 0036 05       		.uleb128 0x5
 643 0037 0F       		.uleb128 0xf
 644 0038 00       		.byte	0
 645 0039 0B       		.uleb128 0xb
 646 003a 0B       		.uleb128 0xb
 647 003b 00       		.byte	0
 648 003c 00       		.byte	0
 649 003d 06       		.uleb128 0x6
 650 003e 16       		.uleb128 0x16
 651 003f 00       		.byte	0
 652 0040 03       		.uleb128 0x3
 653 0041 0E       		.uleb128 0xe
 654 0042 3A       		.uleb128 0x3a
 655 0043 0B       		.uleb128 0xb
 656 0044 3B       		.uleb128 0x3b
 657 0045 05       		.uleb128 0x5
 658 0046 49       		.uleb128 0x49
 659 0047 13       		.uleb128 0x13
 660 0048 00       		.byte	0
 661 0049 00       		.byte	0
 662 004a 07       		.uleb128 0x7
 663 004b 35       		.uleb128 0x35
 664 004c 00       		.byte	0
 665 004d 49       		.uleb128 0x49
 666 004e 13       		.uleb128 0x13
 667 004f 00       		.byte	0
 668 0050 00       		.byte	0
 669 0051 08       		.uleb128 0x8
 670 0052 2E       		.uleb128 0x2e
 671 0053 01       		.byte	0x1
 672 0054 03       		.uleb128 0x3
 673 0055 0E       		.uleb128 0xe
 674 0056 3A       		.uleb128 0x3a
 675 0057 0B       		.uleb128 0xb
 676 0058 3B       		.uleb128 0x3b
 677 0059 0B       		.uleb128 0xb
 678 005a 27       		.uleb128 0x27
 679 005b 19       		.uleb128 0x19
 680 005c 20       		.uleb128 0x20
 681 005d 0B       		.uleb128 0xb
 682 005e 01       		.uleb128 0x1
 683 005f 13       		.uleb128 0x13
 684 0060 00       		.byte	0
 685 0061 00       		.byte	0
 686 0062 09       		.uleb128 0x9
 687 0063 05       		.uleb128 0x5
 688 0064 00       		.byte	0
 689 0065 03       		.uleb128 0x3
 690 0066 08       		.uleb128 0x8
ARM GAS  C:\Users\Tymek\AppData\Local\Temp\ccBPxalX.s 			page 19


 691 0067 3A       		.uleb128 0x3a
 692 0068 0B       		.uleb128 0xb
 693 0069 3B       		.uleb128 0x3b
 694 006a 0B       		.uleb128 0xb
 695 006b 49       		.uleb128 0x49
 696 006c 13       		.uleb128 0x13
 697 006d 00       		.byte	0
 698 006e 00       		.byte	0
 699 006f 0A       		.uleb128 0xa
 700 0070 2E       		.uleb128 0x2e
 701 0071 00       		.byte	0
 702 0072 03       		.uleb128 0x3
 703 0073 0E       		.uleb128 0xe
 704 0074 3A       		.uleb128 0x3a
 705 0075 0B       		.uleb128 0xb
 706 0076 3B       		.uleb128 0x3b
 707 0077 0B       		.uleb128 0xb
 708 0078 27       		.uleb128 0x27
 709 0079 19       		.uleb128 0x19
 710 007a 20       		.uleb128 0x20
 711 007b 0B       		.uleb128 0xb
 712 007c 00       		.byte	0
 713 007d 00       		.byte	0
 714 007e 0B       		.uleb128 0xb
 715 007f 2E       		.uleb128 0x2e
 716 0080 01       		.byte	0x1
 717 0081 3F       		.uleb128 0x3f
 718 0082 19       		.uleb128 0x19
 719 0083 03       		.uleb128 0x3
 720 0084 0E       		.uleb128 0xe
 721 0085 3A       		.uleb128 0x3a
 722 0086 0B       		.uleb128 0xb
 723 0087 3B       		.uleb128 0x3b
 724 0088 0B       		.uleb128 0xb
 725 0089 27       		.uleb128 0x27
 726 008a 19       		.uleb128 0x19
 727 008b 11       		.uleb128 0x11
 728 008c 01       		.uleb128 0x1
 729 008d 12       		.uleb128 0x12
 730 008e 06       		.uleb128 0x6
 731 008f 40       		.uleb128 0x40
 732 0090 18       		.uleb128 0x18
 733 0091 9742     		.uleb128 0x2117
 734 0093 19       		.uleb128 0x19
 735 0094 01       		.uleb128 0x1
 736 0095 13       		.uleb128 0x13
 737 0096 00       		.byte	0
 738 0097 00       		.byte	0
 739 0098 0C       		.uleb128 0xc
 740 0099 0B       		.uleb128 0xb
 741 009a 01       		.byte	0x1
 742 009b 55       		.uleb128 0x55
 743 009c 17       		.uleb128 0x17
 744 009d 01       		.uleb128 0x1
 745 009e 13       		.uleb128 0x13
 746 009f 00       		.byte	0
 747 00a0 00       		.byte	0
ARM GAS  C:\Users\Tymek\AppData\Local\Temp\ccBPxalX.s 			page 20


 748 00a1 0D       		.uleb128 0xd
 749 00a2 13       		.uleb128 0x13
 750 00a3 01       		.byte	0x1
 751 00a4 0B       		.uleb128 0xb
 752 00a5 0B       		.uleb128 0xb
 753 00a6 3A       		.uleb128 0x3a
 754 00a7 0B       		.uleb128 0xb
 755 00a8 3B       		.uleb128 0x3b
 756 00a9 0B       		.uleb128 0xb
 757 00aa 01       		.uleb128 0x1
 758 00ab 13       		.uleb128 0x13
 759 00ac 00       		.byte	0
 760 00ad 00       		.byte	0
 761 00ae 0E       		.uleb128 0xe
 762 00af 0D       		.uleb128 0xd
 763 00b0 00       		.byte	0
 764 00b1 03       		.uleb128 0x3
 765 00b2 0E       		.uleb128 0xe
 766 00b3 3A       		.uleb128 0x3a
 767 00b4 0B       		.uleb128 0xb
 768 00b5 3B       		.uleb128 0x3b
 769 00b6 0B       		.uleb128 0xb
 770 00b7 49       		.uleb128 0x49
 771 00b8 13       		.uleb128 0x13
 772 00b9 38       		.uleb128 0x38
 773 00ba 0B       		.uleb128 0xb
 774 00bb 00       		.byte	0
 775 00bc 00       		.byte	0
 776 00bd 0F       		.uleb128 0xf
 777 00be 01       		.uleb128 0x1
 778 00bf 01       		.byte	0x1
 779 00c0 49       		.uleb128 0x49
 780 00c1 13       		.uleb128 0x13
 781 00c2 01       		.uleb128 0x1
 782 00c3 13       		.uleb128 0x13
 783 00c4 00       		.byte	0
 784 00c5 00       		.byte	0
 785 00c6 10       		.uleb128 0x10
 786 00c7 21       		.uleb128 0x21
 787 00c8 00       		.byte	0
 788 00c9 49       		.uleb128 0x49
 789 00ca 13       		.uleb128 0x13
 790 00cb 2F       		.uleb128 0x2f
 791 00cc 0B       		.uleb128 0xb
 792 00cd 00       		.byte	0
 793 00ce 00       		.byte	0
 794 00cf 11       		.uleb128 0x11
 795 00d0 26       		.uleb128 0x26
 796 00d1 00       		.byte	0
 797 00d2 49       		.uleb128 0x49
 798 00d3 13       		.uleb128 0x13
 799 00d4 00       		.byte	0
 800 00d5 00       		.byte	0
 801 00d6 12       		.uleb128 0x12
 802 00d7 34       		.uleb128 0x34
 803 00d8 00       		.byte	0
 804 00d9 03       		.uleb128 0x3
ARM GAS  C:\Users\Tymek\AppData\Local\Temp\ccBPxalX.s 			page 21


 805 00da 0E       		.uleb128 0xe
 806 00db 3A       		.uleb128 0x3a
 807 00dc 0B       		.uleb128 0xb
 808 00dd 3B       		.uleb128 0x3b
 809 00de 05       		.uleb128 0x5
 810 00df 49       		.uleb128 0x49
 811 00e0 13       		.uleb128 0x13
 812 00e1 1C       		.uleb128 0x1c
 813 00e2 0A       		.uleb128 0xa
 814 00e3 00       		.byte	0
 815 00e4 00       		.byte	0
 816 00e5 13       		.uleb128 0x13
 817 00e6 34       		.uleb128 0x34
 818 00e7 00       		.byte	0
 819 00e8 03       		.uleb128 0x3
 820 00e9 08       		.uleb128 0x8
 821 00ea 3A       		.uleb128 0x3a
 822 00eb 0B       		.uleb128 0xb
 823 00ec 3B       		.uleb128 0x3b
 824 00ed 05       		.uleb128 0x5
 825 00ee 49       		.uleb128 0x49
 826 00ef 13       		.uleb128 0x13
 827 00f0 02       		.uleb128 0x2
 828 00f1 17       		.uleb128 0x17
 829 00f2 00       		.byte	0
 830 00f3 00       		.byte	0
 831 00f4 14       		.uleb128 0x14
 832 00f5 0B       		.uleb128 0xb
 833 00f6 01       		.byte	0x1
 834 00f7 55       		.uleb128 0x55
 835 00f8 17       		.uleb128 0x17
 836 00f9 00       		.byte	0
 837 00fa 00       		.byte	0
 838 00fb 15       		.uleb128 0x15
 839 00fc 0F       		.uleb128 0xf
 840 00fd 00       		.byte	0
 841 00fe 0B       		.uleb128 0xb
 842 00ff 0B       		.uleb128 0xb
 843 0100 49       		.uleb128 0x49
 844 0101 13       		.uleb128 0x13
 845 0102 00       		.byte	0
 846 0103 00       		.byte	0
 847 0104 16       		.uleb128 0x16
 848 0105 1D       		.uleb128 0x1d
 849 0106 01       		.byte	0x1
 850 0107 31       		.uleb128 0x31
 851 0108 13       		.uleb128 0x13
 852 0109 52       		.uleb128 0x52
 853 010a 01       		.uleb128 0x1
 854 010b 55       		.uleb128 0x55
 855 010c 17       		.uleb128 0x17
 856 010d 58       		.uleb128 0x58
 857 010e 0B       		.uleb128 0xb
 858 010f 59       		.uleb128 0x59
 859 0110 05       		.uleb128 0x5
 860 0111 00       		.byte	0
 861 0112 00       		.byte	0
ARM GAS  C:\Users\Tymek\AppData\Local\Temp\ccBPxalX.s 			page 22


 862 0113 17       		.uleb128 0x17
 863 0114 05       		.uleb128 0x5
 864 0115 00       		.byte	0
 865 0116 31       		.uleb128 0x31
 866 0117 13       		.uleb128 0x13
 867 0118 02       		.uleb128 0x2
 868 0119 17       		.uleb128 0x17
 869 011a 00       		.byte	0
 870 011b 00       		.byte	0
 871 011c 18       		.uleb128 0x18
 872 011d 898201   		.uleb128 0x4109
 873 0120 01       		.byte	0x1
 874 0121 11       		.uleb128 0x11
 875 0122 01       		.uleb128 0x1
 876 0123 31       		.uleb128 0x31
 877 0124 13       		.uleb128 0x13
 878 0125 01       		.uleb128 0x1
 879 0126 13       		.uleb128 0x13
 880 0127 00       		.byte	0
 881 0128 00       		.byte	0
 882 0129 19       		.uleb128 0x19
 883 012a 8A8201   		.uleb128 0x410a
 884 012d 00       		.byte	0
 885 012e 02       		.uleb128 0x2
 886 012f 18       		.uleb128 0x18
 887 0130 9142     		.uleb128 0x2111
 888 0132 18       		.uleb128 0x18
 889 0133 00       		.byte	0
 890 0134 00       		.byte	0
 891 0135 1A       		.uleb128 0x1a
 892 0136 898201   		.uleb128 0x4109
 893 0139 01       		.byte	0x1
 894 013a 11       		.uleb128 0x11
 895 013b 01       		.uleb128 0x1
 896 013c 31       		.uleb128 0x31
 897 013d 13       		.uleb128 0x13
 898 013e 00       		.byte	0
 899 013f 00       		.byte	0
 900 0140 1B       		.uleb128 0x1b
 901 0141 1D       		.uleb128 0x1d
 902 0142 01       		.byte	0x1
 903 0143 31       		.uleb128 0x31
 904 0144 13       		.uleb128 0x13
 905 0145 52       		.uleb128 0x52
 906 0146 01       		.uleb128 0x1
 907 0147 55       		.uleb128 0x55
 908 0148 17       		.uleb128 0x17
 909 0149 58       		.uleb128 0x58
 910 014a 0B       		.uleb128 0xb
 911 014b 59       		.uleb128 0x59
 912 014c 05       		.uleb128 0x5
 913 014d 01       		.uleb128 0x1
 914 014e 13       		.uleb128 0x13
 915 014f 00       		.byte	0
 916 0150 00       		.byte	0
 917 0151 1C       		.uleb128 0x1c
 918 0152 1D       		.uleb128 0x1d
ARM GAS  C:\Users\Tymek\AppData\Local\Temp\ccBPxalX.s 			page 23


 919 0153 00       		.byte	0
 920 0154 31       		.uleb128 0x31
 921 0155 13       		.uleb128 0x13
 922 0156 52       		.uleb128 0x52
 923 0157 01       		.uleb128 0x1
 924 0158 55       		.uleb128 0x55
 925 0159 17       		.uleb128 0x17
 926 015a 58       		.uleb128 0x58
 927 015b 0B       		.uleb128 0xb
 928 015c 59       		.uleb128 0x59
 929 015d 05       		.uleb128 0x5
 930 015e 00       		.byte	0
 931 015f 00       		.byte	0
 932 0160 1D       		.uleb128 0x1d
 933 0161 2E       		.uleb128 0x2e
 934 0162 00       		.byte	0
 935 0163 3F       		.uleb128 0x3f
 936 0164 19       		.uleb128 0x19
 937 0165 3C       		.uleb128 0x3c
 938 0166 19       		.uleb128 0x19
 939 0167 6E       		.uleb128 0x6e
 940 0168 0E       		.uleb128 0xe
 941 0169 03       		.uleb128 0x3
 942 016a 0E       		.uleb128 0xe
 943 016b 00       		.byte	0
 944 016c 00       		.byte	0
 945 016d 1E       		.uleb128 0x1e
 946 016e 2E       		.uleb128 0x2e
 947 016f 00       		.byte	0
 948 0170 3F       		.uleb128 0x3f
 949 0171 19       		.uleb128 0x19
 950 0172 3C       		.uleb128 0x3c
 951 0173 19       		.uleb128 0x19
 952 0174 6E       		.uleb128 0x6e
 953 0175 0E       		.uleb128 0xe
 954 0176 03       		.uleb128 0x3
 955 0177 0E       		.uleb128 0xe
 956 0178 3A       		.uleb128 0x3a
 957 0179 0B       		.uleb128 0xb
 958 017a 3B       		.uleb128 0x3b
 959 017b 0B       		.uleb128 0xb
 960 017c 00       		.byte	0
 961 017d 00       		.byte	0
 962 017e 00       		.byte	0
 963              		.section	.debug_loc,"",%progbits
 964              	.Ldebug_loc0:
 965              	.LLST0:
 966 0000 0E000000 		.4byte	.LVL0
 967 0004 18000000 		.4byte	.LVL1
 968 0008 0200     		.2byte	0x2
 969 000a 30       		.byte	0x30
 970 000b 9F       		.byte	0x9f
 971 000c 18000000 		.4byte	.LVL1
 972 0010 22000000 		.4byte	.LVL2
 973 0014 0200     		.2byte	0x2
 974 0016 31       		.byte	0x31
 975 0017 9F       		.byte	0x9f
ARM GAS  C:\Users\Tymek\AppData\Local\Temp\ccBPxalX.s 			page 24


 976 0018 22000000 		.4byte	.LVL2
 977 001c FC000000 		.4byte	.LFE7
 978 0020 0200     		.2byte	0x2
 979 0022 32       		.byte	0x32
 980 0023 9F       		.byte	0x9f
 981 0024 00000000 		.4byte	0
 982 0028 00000000 		.4byte	0
 983              	.LLST1:
 984 002c 0E000000 		.4byte	.LVL0
 985 0030 18000000 		.4byte	.LVL1
 986 0034 0600     		.2byte	0x6
 987 0036 F2       		.byte	0xf2
 988 0037 70010000 		.4byte	.Ldebug_info0+368
 989 003b 00       		.sleb128 0
 990 003c 18000000 		.4byte	.LVL1
 991 0040 FC000000 		.4byte	.LFE7
 992 0044 0600     		.2byte	0x6
 993 0046 F2       		.byte	0xf2
 994 0047 70010000 		.4byte	.Ldebug_info0+368
 995 004b 06       		.sleb128 6
 996 004c 00000000 		.4byte	0
 997 0050 00000000 		.4byte	0
 998              	.LLST2:
 999 0054 0E000000 		.4byte	.LVL0
 1000 0058 22000000 		.4byte	.LVL2
 1001 005c 0400     		.2byte	0x4
 1002 005e 0A       		.byte	0xa
 1003 005f 0004     		.2byte	0x400
 1004 0061 9F       		.byte	0x9f
 1005 0062 00000000 		.4byte	0
 1006 0066 00000000 		.4byte	0
 1007              	.LLST3:
 1008 006a 0E000000 		.4byte	.LVL0
 1009 006e 18000000 		.4byte	.LVL1
 1010 0072 0600     		.2byte	0x6
 1011 0074 0C       		.byte	0xc
 1012 0075 00300F40 		.4byte	0x400f3000
 1013 0079 9F       		.byte	0x9f
 1014 007a 18000000 		.4byte	.LVL1
 1015 007e 22000000 		.4byte	.LVL2
 1016 0082 0600     		.2byte	0x6
 1017 0084 0C       		.byte	0xc
 1018 0085 00400F40 		.4byte	0x400f4000
 1019 0089 9F       		.byte	0x9f
 1020 008a 00000000 		.4byte	0
 1021 008e 00000000 		.4byte	0
 1022              		.section	.debug_aranges,"",%progbits
 1023 0000 1C000000 		.4byte	0x1c
 1024 0004 0200     		.2byte	0x2
 1025 0006 00000000 		.4byte	.Ldebug_info0
 1026 000a 04       		.byte	0x4
 1027 000b 00       		.byte	0
 1028 000c 0000     		.2byte	0
 1029 000e 0000     		.2byte	0
 1030 0010 00000000 		.4byte	.LFB7
 1031 0014 FC000000 		.4byte	.LFE7-.LFB7
 1032 0018 00000000 		.4byte	0
ARM GAS  C:\Users\Tymek\AppData\Local\Temp\ccBPxalX.s 			page 25


 1033 001c 00000000 		.4byte	0
 1034              		.section	.debug_ranges,"",%progbits
 1035              	.Ldebug_ranges0:
 1036 0000 04000000 		.4byte	.LBB10
 1037 0004 06000000 		.4byte	.LBE10
 1038 0008 0A000000 		.4byte	.LBB20
 1039 000c 0C000000 		.4byte	.LBE20
 1040 0010 0E000000 		.4byte	.LBB21
 1041 0014 36000000 		.4byte	.LBE21
 1042 0018 38000000 		.4byte	.LBB26
 1043 001c 3C000000 		.4byte	.LBE26
 1044 0020 3C000000 		.4byte	.LBB27
 1045 0024 46000000 		.4byte	.LBE27
 1046 0028 00000000 		.4byte	0
 1047 002c 00000000 		.4byte	0
 1048 0030 04000000 		.4byte	.LBB11
 1049 0034 06000000 		.4byte	.LBE11
 1050 0038 0A000000 		.4byte	.LBB18
 1051 003c 0C000000 		.4byte	.LBE18
 1052 0040 0E000000 		.4byte	.LBB19
 1053 0044 22000000 		.4byte	.LBE19
 1054 0048 00000000 		.4byte	0
 1055 004c 00000000 		.4byte	0
 1056 0050 36000000 		.4byte	.LBB22
 1057 0054 38000000 		.4byte	.LBE22
 1058 0058 64000000 		.4byte	.LBB28
 1059 005c 92000000 		.4byte	.LBE28
 1060 0060 94000000 		.4byte	.LBB32
 1061 0064 96000000 		.4byte	.LBE32
 1062 0068 00000000 		.4byte	0
 1063 006c 00000000 		.4byte	0
 1064 0070 92000000 		.4byte	.LBB29
 1065 0074 94000000 		.4byte	.LBE29
 1066 0078 96000000 		.4byte	.LBB33
 1067 007c A2000000 		.4byte	.LBE33
 1068 0080 00000000 		.4byte	0
 1069 0084 00000000 		.4byte	0
 1070 0088 00000000 		.4byte	.LFB7
 1071 008c FC000000 		.4byte	.LFE7
 1072 0090 00000000 		.4byte	0
 1073 0094 00000000 		.4byte	0
 1074              		.section	.debug_line,"",%progbits
 1075              	.Ldebug_line0:
 1076 0000 3F010000 		.section	.debug_str,"MS",%progbits,1
 1076      0200D400 
 1076      00000201 
 1076      FB0E0D00 
 1076      01010101 
 1077              	.LASF19:
 1078 0000 72656733 		.ascii	"reg32\000"
 1078      3200
 1079              	.LASF12:
 1080 0006 73697A65 		.ascii	"size_t\000"
 1080      5F7400
 1081              	.LASF20:
 1082 000d 416E616C 		.ascii	"AnalogSetDefault\000"
 1082      6F675365 
ARM GAS  C:\Users\Tymek\AppData\Local\Temp\ccBPxalX.s 			page 26


 1082      74446566 
 1082      61756C74 
 1082      00
 1083              	.LASF27:
 1084 001e 4379496E 		.ascii	"CyIntSetVector\000"
 1084      74536574 
 1084      56656374 
 1084      6F7200
 1085              	.LASF25:
 1086 002d 6366675F 		.ascii	"cfg_memset_list\000"
 1086      6D656D73 
 1086      65745F6C 
 1086      69737400 
 1087              	.LASF21:
 1088 003d 436C6F63 		.ascii	"ClockSetup\000"
 1088      6B536574 
 1088      757000
 1089              	.LASF6:
 1090 0048 73686F72 		.ascii	"short unsigned int\000"
 1090      7420756E 
 1090      7369676E 
 1090      65642069 
 1090      6E7400
 1091              	.LASF16:
 1092 005b 666C6F61 		.ascii	"float\000"
 1092      7400
 1093              	.LASF23:
 1094 0061 73697A65 		.ascii	"size\000"
 1094      00
 1095              	.LASF18:
 1096 0066 72656738 		.ascii	"reg8\000"
 1096      00
 1097              	.LASF8:
 1098 006b 6C6F6E67 		.ascii	"long unsigned int\000"
 1098      20756E73 
 1098      69676E65 
 1098      6420696E 
 1098      7400
 1099              	.LASF13:
 1100 007d 75696E74 		.ascii	"uint8\000"
 1100      3800
 1101              	.LASF32:
 1102 0083 43594D45 		.ascii	"CYMEMZERO\000"
 1102      4D5A4552 
 1102      4F00
 1103              	.LASF4:
 1104 008d 756E7369 		.ascii	"unsigned char\000"
 1104      676E6564 
 1104      20636861 
 1104      7200
 1105              	.LASF34:
 1106 009b 6D656D73 		.ascii	"memset\000"
 1106      657400
 1107              	.LASF17:
 1108 00a2 646F7562 		.ascii	"double\000"
 1108      6C6500
 1109              	.LASF28:
ARM GAS  C:\Users\Tymek\AppData\Local\Temp\ccBPxalX.s 			page 27


 1110 00a9 4379496E 		.ascii	"CyIntEnable\000"
 1110      74456E61 
 1110      626C6500 
 1111              	.LASF14:
 1112 00b5 75696E74 		.ascii	"uint16\000"
 1112      313600
 1113              	.LASF15:
 1114 00bc 75696E74 		.ascii	"uint32\000"
 1114      333200
 1115              	.LASF0:
 1116 00c3 756E7369 		.ascii	"unsigned int\000"
 1116      676E6564 
 1116      20696E74 
 1116      00
 1117              	.LASF33:
 1118 00d0 63796669 		.ascii	"cyfitter_cfg\000"
 1118      74746572 
 1118      5F636667 
 1118      00
 1119              	.LASF22:
 1120 00dd 61646472 		.ascii	"address\000"
 1120      65737300 
 1121              	.LASF9:
 1122 00e5 6C6F6E67 		.ascii	"long long unsigned int\000"
 1122      206C6F6E 
 1122      6720756E 
 1122      7369676E 
 1122      65642069 
 1123              	.LASF31:
 1124 00fc 433A5C55 		.ascii	"C:\\Users\\Tymek\\Documents\\EE\\Programming\\PSoC\\"
 1124      73657273 
 1124      5C54796D 
 1124      656B5C44 
 1124      6F63756D 
 1125 0129 4359424C 		.ascii	"CYBLE-224110-00_Clock_OTA\\BLE_OTA_UpgradableStackE"
 1125      452D3232 
 1125      34313130 
 1125      2D30305F 
 1125      436C6F63 
 1126 015b 78616D70 		.ascii	"xample_Launcher01.cydsn\000"
 1126      6C655F4C 
 1126      61756E63 
 1126      68657230 
 1126      312E6379 
 1127              	.LASF24:
 1128 0173 6366675F 		.ascii	"cfg_memset_t\000"
 1128      6D656D73 
 1128      65745F74 
 1128      00
 1129              	.LASF10:
 1130 0180 73697A65 		.ascii	"sizetype\000"
 1130      74797065 
 1130      00
 1131              	.LASF1:
 1132 0189 6C6F6E67 		.ascii	"long long int\000"
 1132      206C6F6E 
 1132      6720696E 
ARM GAS  C:\Users\Tymek\AppData\Local\Temp\ccBPxalX.s 			page 28


 1132      7400
 1133              	.LASF11:
 1134 0197 63686172 		.ascii	"char\000"
 1134      00
 1135              	.LASF5:
 1136 019c 73686F72 		.ascii	"short int\000"
 1136      7420696E 
 1136      7400
 1137              	.LASF26:
 1138 01a6 43795379 		.ascii	"CySysClkWriteImoFreq\000"
 1138      73436C6B 
 1138      57726974 
 1138      65496D6F 
 1138      46726571 
 1139              	.LASF7:
 1140 01bb 6C6F6E67 		.ascii	"long int\000"
 1140      20696E74 
 1140      00
 1141              	.LASF2:
 1142 01c4 6C6F6E67 		.ascii	"long double\000"
 1142      20646F75 
 1142      626C6500 
 1143              	.LASF3:
 1144 01d0 7369676E 		.ascii	"signed char\000"
 1144      65642063 
 1144      68617200 
 1145              	.LASF30:
 1146 01dc 47656E65 		.ascii	"Generated_Source\\PSoC4\\cyfitter_cfg.c\000"
 1146      72617465 
 1146      645F536F 
 1146      75726365 
 1146      5C50536F 
 1147              	.LASF29:
 1148 0202 474E5520 		.ascii	"GNU C11 5.4.1 20160609 (release) [ARM/embedded-5-br"
 1148      43313120 
 1148      352E342E 
 1148      31203230 
 1148      31363036 
 1149 0235 616E6368 		.ascii	"anch revision 237715] -mcpu=cortex-m0 -mthumb -g -O"
 1149      20726576 
 1149      6973696F 
 1149      6E203233 
 1149      37373135 
 1150 0268 73202D66 		.ascii	"s -ffunction-sections -ffat-lto-objects\000"
 1150      66756E63 
 1150      74696F6E 
 1150      2D736563 
 1150      74696F6E 
 1151              		.ident	"GCC: (GNU Tools for ARM Embedded Processors) 5.4.1 20160609 (release) [ARM/embedded-5-bran
