ARM GAS  C:\Users\Tymek\AppData\Local\Temp\cc6jtnme.s 			page 1


   1              		.syntax unified
   2              		.cpu cortex-m0
   3              		.fpu softvfp
   4              		.eabi_attribute 20, 1
   5              		.eabi_attribute 21, 1
   6              		.eabi_attribute 23, 3
   7              		.eabi_attribute 24, 1
   8              		.eabi_attribute 25, 1
   9              		.eabi_attribute 26, 1
  10              		.eabi_attribute 30, 4
  11              		.eabi_attribute 34, 0
  12              		.eabi_attribute 18, 4
  13              		.thumb
  14              		.syntax unified
  15              		.file	"UART.c"
  16              		.text
  17              	.Ltext0:
  18              		.cfi_sections	.debug_frame
  19              		.section	.text.UART_Start,"ax",%progbits
  20              		.align	1
  21              		.global	UART_Start
  22              		.code	16
  23              		.thumb_func
  24              		.type	UART_Start, %function
  25              	UART_Start:
  26              	.LFB8:
  27              		.cfi_startproc
  28              		@ args = 0, pretend = 0, frame = 0
  29              		@ frame_needed = 0, uses_anonymous_args = 0
  30              		@ link register save eliminated.
  31              		@ sp needed
  32 0000 7047     		bx	lr
  33              		.cfi_endproc
  34              	.LFE8:
  35              		.size	UART_Start, .-UART_Start
  36              		.section	.text.UART_Stop,"ax",%progbits
  37              		.align	1
  38              		.global	UART_Stop
  39              		.code	16
  40              		.thumb_func
  41              		.type	UART_Stop, %function
  42              	UART_Stop:
  43              	.LFB1:
  44              		.file 1 "Generated_Source\\PSoC4\\UART.c"
   1:Generated_Source\PSoC4/UART.c **** /*******************************************************************************
   2:Generated_Source\PSoC4/UART.c **** * File Name: UART.c
   3:Generated_Source\PSoC4/UART.c **** * Version 1.50
   4:Generated_Source\PSoC4/UART.c **** *
   5:Generated_Source\PSoC4/UART.c **** * Description:
   6:Generated_Source\PSoC4/UART.c **** *  This file provides the source code to the API for the Software Transmit UART.
   7:Generated_Source\PSoC4/UART.c **** *
   8:Generated_Source\PSoC4/UART.c **** ********************************************************************************
   9:Generated_Source\PSoC4/UART.c **** * Copyright 2013-2015, Cypress Semiconductor Corporation.  All rights reserved.
  10:Generated_Source\PSoC4/UART.c **** * You may use this file only in accordance with the license, terms, conditions,
  11:Generated_Source\PSoC4/UART.c **** * disclaimers, and limitations in the end user license agreement accompanying
  12:Generated_Source\PSoC4/UART.c **** * the software package with which this file was provided.
  13:Generated_Source\PSoC4/UART.c **** *******************************************************************************/
ARM GAS  C:\Users\Tymek\AppData\Local\Temp\cc6jtnme.s 			page 2


  14:Generated_Source\PSoC4/UART.c **** 
  15:Generated_Source\PSoC4/UART.c **** #include "UART_PVT.h"
  16:Generated_Source\PSoC4/UART.c **** 
  17:Generated_Source\PSoC4/UART.c **** #if(UART_PIN_STATIC_MODE == 1u)
  18:Generated_Source\PSoC4/UART.c ****     uint32 UART_pinNumber = UART_PIN_NUMBER;
  19:Generated_Source\PSoC4/UART.c ****     uint32 UART_pinPortNumber = UART_PIN_PORT_NUMBER;
  20:Generated_Source\PSoC4/UART.c ****     #if(CY_PSOC3)
  21:Generated_Source\PSoC4/UART.c ****         uint32 pdata UART_pinDrAdress = UART_PIN_DR;
  22:Generated_Source\PSoC4/UART.c ****     #else
  23:Generated_Source\PSoC4/UART.c ****         uint32 UART_pinDrAdress = UART_PIN_DR;
  24:Generated_Source\PSoC4/UART.c ****     #endif /* (CY_PSOC3) */
  25:Generated_Source\PSoC4/UART.c **** #else
  26:Generated_Source\PSoC4/UART.c ****     uint32 UART_pinNumber;
  27:Generated_Source\PSoC4/UART.c ****     uint32 UART_pinPortNumber;
  28:Generated_Source\PSoC4/UART.c ****     #if(CY_PSOC3)
  29:Generated_Source\PSoC4/UART.c ****         uint32 pdata UART_pinDrAdress;
  30:Generated_Source\PSoC4/UART.c ****     #else
  31:Generated_Source\PSoC4/UART.c ****         uint32 UART_pinDrAdress;
  32:Generated_Source\PSoC4/UART.c ****     #endif /* (CY_PSOC3) */
  33:Generated_Source\PSoC4/UART.c **** #endif /* (UART_PIN_STATIC_MODE == 1u) */
  34:Generated_Source\PSoC4/UART.c **** 
  35:Generated_Source\PSoC4/UART.c **** 
  36:Generated_Source\PSoC4/UART.c **** #if(UART_PIN_STATIC_MODE == 1u)
  37:Generated_Source\PSoC4/UART.c ****     /*******************************************************************************
  38:Generated_Source\PSoC4/UART.c ****     * Function Name: UART_Start
  39:Generated_Source\PSoC4/UART.c ****     ********************************************************************************
  40:Generated_Source\PSoC4/UART.c ****     *
  41:Generated_Source\PSoC4/UART.c ****     * Summary:
  42:Generated_Source\PSoC4/UART.c ****     *  Empty function. Included for consistency with other
  43:Generated_Source\PSoC4/UART.c ****     *  components. This API is not available when PinAssignmentMethod
  44:Generated_Source\PSoC4/UART.c ****     *  is set to Dynamic.
  45:Generated_Source\PSoC4/UART.c ****     *
  46:Generated_Source\PSoC4/UART.c ****     * Parameters:
  47:Generated_Source\PSoC4/UART.c ****     *  None
  48:Generated_Source\PSoC4/UART.c ****     *
  49:Generated_Source\PSoC4/UART.c ****     * Return:
  50:Generated_Source\PSoC4/UART.c ****     *  None
  51:Generated_Source\PSoC4/UART.c ****     *
  52:Generated_Source\PSoC4/UART.c ****     *******************************************************************************/
  53:Generated_Source\PSoC4/UART.c ****     void UART_Start(void) 
  54:Generated_Source\PSoC4/UART.c ****     {
  55:Generated_Source\PSoC4/UART.c **** 
  56:Generated_Source\PSoC4/UART.c ****     }
  57:Generated_Source\PSoC4/UART.c **** #else
  58:Generated_Source\PSoC4/UART.c ****     /*******************************************************************************
  59:Generated_Source\PSoC4/UART.c ****     * Function Name: UART_StartEx
  60:Generated_Source\PSoC4/UART.c ****     ********************************************************************************
  61:Generated_Source\PSoC4/UART.c ****     *
  62:Generated_Source\PSoC4/UART.c ****     * Summary:
  63:Generated_Source\PSoC4/UART.c ****     *  Configures the SW Tx UART to use the pin specified
  64:Generated_Source\PSoC4/UART.c ****     *  by the parameters. This API is only available when
  65:Generated_Source\PSoC4/UART.c ****     *  PinAssignmentMethod is set to Dynamic.
  66:Generated_Source\PSoC4/UART.c ****     *
  67:Generated_Source\PSoC4/UART.c ****     * Parameters:
  68:Generated_Source\PSoC4/UART.c ****     *  port:  Port number for dynamic pin assignment
  69:Generated_Source\PSoC4/UART.c ****     *  pin:   Pin number for dynamic pin assignment
  70:Generated_Source\PSoC4/UART.c ****     *
ARM GAS  C:\Users\Tymek\AppData\Local\Temp\cc6jtnme.s 			page 3


  71:Generated_Source\PSoC4/UART.c ****     * Return:
  72:Generated_Source\PSoC4/UART.c ****     *  None
  73:Generated_Source\PSoC4/UART.c ****     *
  74:Generated_Source\PSoC4/UART.c ****     *******************************************************************************/
  75:Generated_Source\PSoC4/UART.c ****     void UART_StartEx(uint8 port, uint8 pin) 
  76:Generated_Source\PSoC4/UART.c ****     {
  77:Generated_Source\PSoC4/UART.c ****         uint32 portConfigAddr;
  78:Generated_Source\PSoC4/UART.c **** 
  79:Generated_Source\PSoC4/UART.c ****         #if (CY_PSOC4)
  80:Generated_Source\PSoC4/UART.c ****             uint32 portDataRegAddr;
  81:Generated_Source\PSoC4/UART.c ****         #endif /* (CY_PSOC4) */
  82:Generated_Source\PSoC4/UART.c **** 
  83:Generated_Source\PSoC4/UART.c ****         if ((pin <= UART_MAX_PIN_NUMBER) && (port <= UART_MAX_PORT_NUMBER))
  84:Generated_Source\PSoC4/UART.c ****         {
  85:Generated_Source\PSoC4/UART.c ****             #if (!CY_PSOC4)
  86:Generated_Source\PSoC4/UART.c ****                 portConfigAddr = UART_PORT_CNF_BASE;
  87:Generated_Source\PSoC4/UART.c ****                 portConfigAddr += ((uint32)port * (UART_MAX_PIN_NUMBER + 1u)) + pin;
  88:Generated_Source\PSoC4/UART.c ****                 CyPins_SetPinDriveMode(portConfigAddr, CY_PINS_DM_STRONG);
  89:Generated_Source\PSoC4/UART.c ****                 CyPins_SetPin(portConfigAddr);
  90:Generated_Source\PSoC4/UART.c ****                 UART_pinDrAdress = portConfigAddr;
  91:Generated_Source\PSoC4/UART.c ****             #else
  92:Generated_Source\PSoC4/UART.c ****                 portConfigAddr = UART_PORT_CNF_BASE + (UART_PORT_CNF_SIZE * port) +
  93:Generated_Source\PSoC4/UART.c ****                                                                                 UART_PORT_CNF_MODE_
  94:Generated_Source\PSoC4/UART.c ****                 CY_SYS_PINS_SET_DRIVE_MODE(portConfigAddr, pin, CY_SYS_PINS_DM_STRONG);
  95:Generated_Source\PSoC4/UART.c ****                 portDataRegAddr = UART_PORT_CNF_BASE + (UART_PORT_CNF_SIZE * port) +
  96:Generated_Source\PSoC4/UART.c ****                                                                                 UART_PORT_CNF_DR_OF
  97:Generated_Source\PSoC4/UART.c ****                 CY_SYS_PINS_SET_PIN(portDataRegAddr, pin);
  98:Generated_Source\PSoC4/UART.c ****                 UART_pinDrAdress = portDataRegAddr;
  99:Generated_Source\PSoC4/UART.c ****             #endif /* (!CY_PSOC4) */
 100:Generated_Source\PSoC4/UART.c ****             UART_pinNumber = pin;
 101:Generated_Source\PSoC4/UART.c ****             UART_pinPortNumber = port;
 102:Generated_Source\PSoC4/UART.c ****         }
 103:Generated_Source\PSoC4/UART.c ****     }
 104:Generated_Source\PSoC4/UART.c **** #endif /* (UART_PIN_STATIC_MODE == 1u) */
 105:Generated_Source\PSoC4/UART.c **** 
 106:Generated_Source\PSoC4/UART.c **** 
 107:Generated_Source\PSoC4/UART.c **** /*******************************************************************************
 108:Generated_Source\PSoC4/UART.c **** * Function Name: UART_Stop
 109:Generated_Source\PSoC4/UART.c **** ********************************************************************************
 110:Generated_Source\PSoC4/UART.c **** *
 111:Generated_Source\PSoC4/UART.c **** * Summary:
 112:Generated_Source\PSoC4/UART.c **** *  Empty function. Included for consistency with other components.
 113:Generated_Source\PSoC4/UART.c **** *
 114:Generated_Source\PSoC4/UART.c **** * Parameters:
 115:Generated_Source\PSoC4/UART.c **** *  None
 116:Generated_Source\PSoC4/UART.c **** *
 117:Generated_Source\PSoC4/UART.c **** * Return:
 118:Generated_Source\PSoC4/UART.c **** *  None
 119:Generated_Source\PSoC4/UART.c **** *
 120:Generated_Source\PSoC4/UART.c **** *******************************************************************************/
 121:Generated_Source\PSoC4/UART.c **** void UART_Stop(void) 
 122:Generated_Source\PSoC4/UART.c **** {
  45              		.loc 1 122 0
  46              		.cfi_startproc
  47              		@ args = 0, pretend = 0, frame = 0
  48              		@ frame_needed = 0, uses_anonymous_args = 0
  49              		@ link register save eliminated.
ARM GAS  C:\Users\Tymek\AppData\Local\Temp\cc6jtnme.s 			page 4


 123:Generated_Source\PSoC4/UART.c **** 
 124:Generated_Source\PSoC4/UART.c **** }
  50              		.loc 1 124 0
  51              		@ sp needed
  52 0000 7047     		bx	lr
  53              		.cfi_endproc
  54              	.LFE1:
  55              		.size	UART_Stop, .-UART_Stop
  56              		.section	.text.UART_PutString,"ax",%progbits
  57              		.align	1
  58              		.global	UART_PutString
  59              		.code	16
  60              		.thumb_func
  61              		.type	UART_PutString, %function
  62              	UART_PutString:
  63              	.LFB2:
 125:Generated_Source\PSoC4/UART.c **** 
 126:Generated_Source\PSoC4/UART.c **** 
 127:Generated_Source\PSoC4/UART.c **** /*******************************************************************************
 128:Generated_Source\PSoC4/UART.c **** * Function Name: UART_PutString
 129:Generated_Source\PSoC4/UART.c **** ********************************************************************************
 130:Generated_Source\PSoC4/UART.c **** *
 131:Generated_Source\PSoC4/UART.c **** * Summary:
 132:Generated_Source\PSoC4/UART.c **** *  Sends a NULL terminated string via the Tx pin.
 133:Generated_Source\PSoC4/UART.c **** *
 134:Generated_Source\PSoC4/UART.c **** * Parameters:
 135:Generated_Source\PSoC4/UART.c **** *  string: Pointer to the null terminated string to send
 136:Generated_Source\PSoC4/UART.c **** *
 137:Generated_Source\PSoC4/UART.c **** * Return:
 138:Generated_Source\PSoC4/UART.c **** *  None
 139:Generated_Source\PSoC4/UART.c **** *
 140:Generated_Source\PSoC4/UART.c **** *******************************************************************************/
 141:Generated_Source\PSoC4/UART.c **** void UART_PutString(const char8 string[]) 
 142:Generated_Source\PSoC4/UART.c **** {
  64              		.loc 1 142 0
  65              		.cfi_startproc
  66              		@ args = 0, pretend = 0, frame = 0
  67              		@ frame_needed = 0, uses_anonymous_args = 0
  68              	.LVL0:
  69 0000 70B5     		push	{r4, r5, r6, lr}
  70              		.cfi_def_cfa_offset 16
  71              		.cfi_offset 4, -16
  72              		.cfi_offset 5, -12
  73              		.cfi_offset 6, -8
  74              		.cfi_offset 14, -4
 143:Generated_Source\PSoC4/UART.c ****     uint8 stringIndex = 1u;
  75              		.loc 1 143 0
  76 0002 0124     		movs	r4, #1
 142:Generated_Source\PSoC4/UART.c ****     uint8 stringIndex = 1u;
  77              		.loc 1 142 0
  78 0004 0500     		movs	r5, r0
 144:Generated_Source\PSoC4/UART.c ****     char8 current = *string;
  79              		.loc 1 144 0
  80 0006 0078     		ldrb	r0, [r0]
  81              	.LVL1:
  82              	.L4:
 145:Generated_Source\PSoC4/UART.c **** 
ARM GAS  C:\Users\Tymek\AppData\Local\Temp\cc6jtnme.s 			page 5


 146:Generated_Source\PSoC4/UART.c ****     /* Until null is reached, print next character */
 147:Generated_Source\PSoC4/UART.c ****     while((char8) '\0' != current)
  83              		.loc 1 147 0
  84 0008 0028     		cmp	r0, #0
  85 000a 05D0     		beq	.L7
 148:Generated_Source\PSoC4/UART.c ****     {
 149:Generated_Source\PSoC4/UART.c ****         UART_PutChar((uint8)current);
  86              		.loc 1 149 0
  87 000c FFF7FEFF 		bl	UART_PutChar
  88              	.LVL2:
 150:Generated_Source\PSoC4/UART.c ****         current = string[stringIndex];
  89              		.loc 1 150 0
  90 0010 285D     		ldrb	r0, [r5, r4]
  91              	.LVL3:
 151:Generated_Source\PSoC4/UART.c ****         stringIndex++;
  92              		.loc 1 151 0
  93 0012 0134     		adds	r4, r4, #1
  94              	.LVL4:
  95 0014 E4B2     		uxtb	r4, r4
  96              	.LVL5:
  97 0016 F7E7     		b	.L4
  98              	.L7:
 152:Generated_Source\PSoC4/UART.c ****     }
 153:Generated_Source\PSoC4/UART.c **** }
  99              		.loc 1 153 0
 100              		@ sp needed
 101              	.LVL6:
 102              	.LVL7:
 103 0018 70BD     		pop	{r4, r5, r6, pc}
 104              		.cfi_endproc
 105              	.LFE2:
 106              		.size	UART_PutString, .-UART_PutString
 107              		.section	.text.UART_PutArray,"ax",%progbits
 108              		.align	1
 109              		.global	UART_PutArray
 110              		.code	16
 111              		.thumb_func
 112              		.type	UART_PutArray, %function
 113              	UART_PutArray:
 114              	.LFB3:
 154:Generated_Source\PSoC4/UART.c **** 
 155:Generated_Source\PSoC4/UART.c **** 
 156:Generated_Source\PSoC4/UART.c **** /*******************************************************************************
 157:Generated_Source\PSoC4/UART.c **** * Function Name: UART_PutArray
 158:Generated_Source\PSoC4/UART.c **** ********************************************************************************
 159:Generated_Source\PSoC4/UART.c **** *
 160:Generated_Source\PSoC4/UART.c **** * Summary:
 161:Generated_Source\PSoC4/UART.c **** *  Sends byteCount bytes from a memory array via the Tx pin.
 162:Generated_Source\PSoC4/UART.c **** *
 163:Generated_Source\PSoC4/UART.c **** * Parameters:
 164:Generated_Source\PSoC4/UART.c **** *  data: Pointer to the memory array
 165:Generated_Source\PSoC4/UART.c **** *  byteCount: Number of bytes to be transmitted
 166:Generated_Source\PSoC4/UART.c **** *
 167:Generated_Source\PSoC4/UART.c **** * Return:
 168:Generated_Source\PSoC4/UART.c **** *  None
 169:Generated_Source\PSoC4/UART.c **** *
 170:Generated_Source\PSoC4/UART.c **** *******************************************************************************/
ARM GAS  C:\Users\Tymek\AppData\Local\Temp\cc6jtnme.s 			page 6


 171:Generated_Source\PSoC4/UART.c **** void UART_PutArray(const uint8 array[], uint32 byteCount) 
 172:Generated_Source\PSoC4/UART.c **** {
 115              		.loc 1 172 0
 116              		.cfi_startproc
 117              		@ args = 0, pretend = 0, frame = 0
 118              		@ frame_needed = 0, uses_anonymous_args = 0
 119              	.LVL8:
 120 0000 70B5     		push	{r4, r5, r6, lr}
 121              		.cfi_def_cfa_offset 16
 122              		.cfi_offset 4, -16
 123              		.cfi_offset 5, -12
 124              		.cfi_offset 6, -8
 125              		.cfi_offset 14, -4
 126 0002 0400     		movs	r4, r0
 127 0004 4518     		adds	r5, r0, r1
 128              	.LVL9:
 129              	.L9:
 173:Generated_Source\PSoC4/UART.c ****     uint32 arrayIndex;
 174:Generated_Source\PSoC4/UART.c **** 
 175:Generated_Source\PSoC4/UART.c ****     for (arrayIndex = 0u; arrayIndex < byteCount; arrayIndex++)
 130              		.loc 1 175 0 discriminator 1
 131 0006 AC42     		cmp	r4, r5
 132 0008 04D0     		beq	.L11
 176:Generated_Source\PSoC4/UART.c ****     {
 177:Generated_Source\PSoC4/UART.c ****         UART_PutChar(array[arrayIndex]);
 133              		.loc 1 177 0 discriminator 3
 134 000a 2078     		ldrb	r0, [r4]
 135 000c FFF7FEFF 		bl	UART_PutChar
 136              	.LVL10:
 137 0010 0134     		adds	r4, r4, #1
 138              	.LVL11:
 139 0012 F8E7     		b	.L9
 140              	.L11:
 178:Generated_Source\PSoC4/UART.c ****     }
 179:Generated_Source\PSoC4/UART.c **** }
 141              		.loc 1 179 0
 142              		@ sp needed
 143              	.LVL12:
 144 0014 70BD     		pop	{r4, r5, r6, pc}
 145              		.cfi_endproc
 146              	.LFE3:
 147              		.size	UART_PutArray, .-UART_PutArray
 148              		.section	.text.UART_PutHexByte,"ax",%progbits
 149              		.align	1
 150              		.global	UART_PutHexByte
 151              		.code	16
 152              		.thumb_func
 153              		.type	UART_PutHexByte, %function
 154              	UART_PutHexByte:
 155              	.LFB4:
 180:Generated_Source\PSoC4/UART.c **** 
 181:Generated_Source\PSoC4/UART.c **** 
 182:Generated_Source\PSoC4/UART.c **** /*******************************************************************************
 183:Generated_Source\PSoC4/UART.c **** * Function Name: UART_PutHexByte
 184:Generated_Source\PSoC4/UART.c **** ********************************************************************************
 185:Generated_Source\PSoC4/UART.c **** *
 186:Generated_Source\PSoC4/UART.c **** * Summary:
ARM GAS  C:\Users\Tymek\AppData\Local\Temp\cc6jtnme.s 			page 7


 187:Generated_Source\PSoC4/UART.c **** *  Sends a byte in Hex representation (two characters, uppercase for A-F) via
 188:Generated_Source\PSoC4/UART.c **** *  the Tx pin.
 189:Generated_Source\PSoC4/UART.c **** *
 190:Generated_Source\PSoC4/UART.c **** * Parameters:
 191:Generated_Source\PSoC4/UART.c **** *  TxHexByte: The byte to be converted to ASCII characters and
 192:Generated_Source\PSoC4/UART.c **** *             sent via the Tx pin.
 193:Generated_Source\PSoC4/UART.c **** *
 194:Generated_Source\PSoC4/UART.c **** * Return:
 195:Generated_Source\PSoC4/UART.c **** *  None
 196:Generated_Source\PSoC4/UART.c **** *
 197:Generated_Source\PSoC4/UART.c **** *******************************************************************************/
 198:Generated_Source\PSoC4/UART.c **** void UART_PutHexByte(uint8 txHexByte) 
 199:Generated_Source\PSoC4/UART.c **** {
 156              		.loc 1 199 0
 157              		.cfi_startproc
 158              		@ args = 0, pretend = 0, frame = 0
 159              		@ frame_needed = 0, uses_anonymous_args = 0
 160              	.LVL13:
 161 0000 70B5     		push	{r4, r5, r6, lr}
 162              		.cfi_def_cfa_offset 16
 163              		.cfi_offset 4, -16
 164              		.cfi_offset 5, -12
 165              		.cfi_offset 6, -8
 166              		.cfi_offset 14, -4
 200:Generated_Source\PSoC4/UART.c ****     static char8 const CYCODE UART_hex[] = "0123456789ABCDEF";
 201:Generated_Source\PSoC4/UART.c **** 
 202:Generated_Source\PSoC4/UART.c ****     UART_PutChar((uint8) UART_hex[txHexByte >> UART_BYTE_UPPER_NIBBLE_SHIFT]);
 167              		.loc 1 202 0
 168 0002 064C     		ldr	r4, .L13
 169 0004 0309     		lsrs	r3, r0, #4
 199:Generated_Source\PSoC4/UART.c ****     static char8 const CYCODE UART_hex[] = "0123456789ABCDEF";
 170              		.loc 1 199 0
 171 0006 0500     		movs	r5, r0
 172              		.loc 1 202 0
 173 0008 E05C     		ldrb	r0, [r4, r3]
 174              	.LVL14:
 175 000a FFF7FEFF 		bl	UART_PutChar
 176              	.LVL15:
 203:Generated_Source\PSoC4/UART.c ****     UART_PutChar((uint8) UART_hex[txHexByte & UART_BYTE_LOWER_NIBBLE_MASK]);
 177              		.loc 1 203 0
 178 000e 0F20     		movs	r0, #15
 179 0010 2840     		ands	r0, r5
 180 0012 205C     		ldrb	r0, [r4, r0]
 181 0014 FFF7FEFF 		bl	UART_PutChar
 182              	.LVL16:
 204:Generated_Source\PSoC4/UART.c **** }
 183              		.loc 1 204 0
 184              		@ sp needed
 185 0018 70BD     		pop	{r4, r5, r6, pc}
 186              	.L14:
 187 001a C046     		.align	2
 188              	.L13:
 189 001c 00000000 		.word	.LANCHOR0
 190              		.cfi_endproc
 191              	.LFE4:
 192              		.size	UART_PutHexByte, .-UART_PutHexByte
 193              		.section	.text.UART_PutHexInt,"ax",%progbits
ARM GAS  C:\Users\Tymek\AppData\Local\Temp\cc6jtnme.s 			page 8


 194              		.align	1
 195              		.global	UART_PutHexInt
 196              		.code	16
 197              		.thumb_func
 198              		.type	UART_PutHexInt, %function
 199              	UART_PutHexInt:
 200              	.LFB5:
 205:Generated_Source\PSoC4/UART.c **** 
 206:Generated_Source\PSoC4/UART.c **** 
 207:Generated_Source\PSoC4/UART.c **** /*******************************************************************************
 208:Generated_Source\PSoC4/UART.c **** * Function Name: UART_PutHexInt
 209:Generated_Source\PSoC4/UART.c **** ********************************************************************************
 210:Generated_Source\PSoC4/UART.c **** *
 211:Generated_Source\PSoC4/UART.c **** * Summary:
 212:Generated_Source\PSoC4/UART.c **** *  Sends a 16-bit unsigned integer in Hex representation (four characters,
 213:Generated_Source\PSoC4/UART.c **** *  uppercase for A-F) via the Tx pin.
 214:Generated_Source\PSoC4/UART.c **** *
 215:Generated_Source\PSoC4/UART.c **** * Parameters:
 216:Generated_Source\PSoC4/UART.c **** *  TxHexInt: The uint16 to be converted to ASCII characters and sent via
 217:Generated_Source\PSoC4/UART.c **** *            the Tx pin.
 218:Generated_Source\PSoC4/UART.c **** *
 219:Generated_Source\PSoC4/UART.c **** * Return:
 220:Generated_Source\PSoC4/UART.c **** *  None
 221:Generated_Source\PSoC4/UART.c **** *
 222:Generated_Source\PSoC4/UART.c **** *******************************************************************************/
 223:Generated_Source\PSoC4/UART.c **** void UART_PutHexInt(uint16 txHexInt) 
 224:Generated_Source\PSoC4/UART.c **** {
 201              		.loc 1 224 0
 202              		.cfi_startproc
 203              		@ args = 0, pretend = 0, frame = 0
 204              		@ frame_needed = 0, uses_anonymous_args = 0
 205              	.LVL17:
 206 0000 10B5     		push	{r4, lr}
 207              		.cfi_def_cfa_offset 8
 208              		.cfi_offset 4, -8
 209              		.cfi_offset 14, -4
 210              		.loc 1 224 0
 211 0002 0400     		movs	r4, r0
 225:Generated_Source\PSoC4/UART.c ****     UART_PutHexByte((uint8)(txHexInt >> UART_U16_UPPER_BYTE_SHIFT));
 212              		.loc 1 225 0
 213 0004 000A     		lsrs	r0, r0, #8
 214              	.LVL18:
 215 0006 FFF7FEFF 		bl	UART_PutHexByte
 216              	.LVL19:
 226:Generated_Source\PSoC4/UART.c ****     UART_PutHexByte((uint8)(txHexInt & UART_U16_LOWER_BYTE_MASK));
 217              		.loc 1 226 0
 218 000a E0B2     		uxtb	r0, r4
 219 000c FFF7FEFF 		bl	UART_PutHexByte
 220              	.LVL20:
 227:Generated_Source\PSoC4/UART.c **** }
 221              		.loc 1 227 0
 222              		@ sp needed
 223 0010 10BD     		pop	{r4, pc}
 224              		.cfi_endproc
 225              	.LFE5:
 226              		.size	UART_PutHexInt, .-UART_PutHexInt
 227              		.section	.text.UART_PutCRLF,"ax",%progbits
ARM GAS  C:\Users\Tymek\AppData\Local\Temp\cc6jtnme.s 			page 9


 228              		.align	1
 229              		.global	UART_PutCRLF
 230              		.code	16
 231              		.thumb_func
 232              		.type	UART_PutCRLF, %function
 233              	UART_PutCRLF:
 234              	.LFB6:
 228:Generated_Source\PSoC4/UART.c **** 
 229:Generated_Source\PSoC4/UART.c **** 
 230:Generated_Source\PSoC4/UART.c **** /*******************************************************************************
 231:Generated_Source\PSoC4/UART.c **** * Function Name: UART_PutCRLF
 232:Generated_Source\PSoC4/UART.c **** ********************************************************************************
 233:Generated_Source\PSoC4/UART.c **** *
 234:Generated_Source\PSoC4/UART.c **** * Summary:
 235:Generated_Source\PSoC4/UART.c **** *  Sends a carriage return (0x0D) and a line feed (0x0A) via the Tx pin.
 236:Generated_Source\PSoC4/UART.c **** *
 237:Generated_Source\PSoC4/UART.c **** * Parameters:
 238:Generated_Source\PSoC4/UART.c **** *  None
 239:Generated_Source\PSoC4/UART.c **** *
 240:Generated_Source\PSoC4/UART.c **** * Return:
 241:Generated_Source\PSoC4/UART.c **** *  None
 242:Generated_Source\PSoC4/UART.c **** *
 243:Generated_Source\PSoC4/UART.c **** *******************************************************************************/
 244:Generated_Source\PSoC4/UART.c **** void UART_PutCRLF(void) 
 245:Generated_Source\PSoC4/UART.c **** {
 235              		.loc 1 245 0
 236              		.cfi_startproc
 237              		@ args = 0, pretend = 0, frame = 0
 238              		@ frame_needed = 0, uses_anonymous_args = 0
 239 0000 10B5     		push	{r4, lr}
 240              		.cfi_def_cfa_offset 8
 241              		.cfi_offset 4, -8
 242              		.cfi_offset 14, -4
 246:Generated_Source\PSoC4/UART.c ****     UART_PutChar(0x0Du);
 243              		.loc 1 246 0
 244 0002 0D20     		movs	r0, #13
 245 0004 FFF7FEFF 		bl	UART_PutChar
 246              	.LVL21:
 247:Generated_Source\PSoC4/UART.c ****     UART_PutChar(0x0Au);
 247              		.loc 1 247 0
 248 0008 0A20     		movs	r0, #10
 249 000a FFF7FEFF 		bl	UART_PutChar
 250              	.LVL22:
 248:Generated_Source\PSoC4/UART.c **** }
 251              		.loc 1 248 0
 252              		@ sp needed
 253 000e 10BD     		pop	{r4, pc}
 254              		.cfi_endproc
 255              	.LFE6:
 256              		.size	UART_PutCRLF, .-UART_PutCRLF
 257              		.global	UART_pinDrAdress
 258              		.global	UART_pinPortNumber
 259              		.global	UART_pinNumber
 260              		.section	.rodata
 261              		.set	.LANCHOR0,. + 0
 262              		.type	UART_hex.4276, %object
 263              		.size	UART_hex.4276, 17
ARM GAS  C:\Users\Tymek\AppData\Local\Temp\cc6jtnme.s 			page 10


 264              	UART_hex.4276:
 265 0000 30313233 		.ascii	"0123456789ABCDEF\000"
 265      34353637 
 265      38394142 
 265      43444546 
 265      00
 266              		.data
 267              		.align	2
 268              		.type	UART_pinDrAdress, %object
 269              		.size	UART_pinDrAdress, 4
 270              	UART_pinDrAdress:
 271 0000 00010440 		.word	1074004224
 272              		.type	UART_pinPortNumber, %object
 273              		.size	UART_pinPortNumber, 4
 274              	UART_pinPortNumber:
 275 0004 01000000 		.word	1
 276              		.type	UART_pinNumber, %object
 277              		.size	UART_pinNumber, 4
 278              	UART_pinNumber:
 279 0008 05000000 		.word	5
 280              		.text
 281              	.Letext0:
 282              		.file 2 "Generated_Source\\PSoC4\\cytypes.h"
 283              		.file 3 "Generated_Source\\PSoC4\\UART.h"
 284              		.section	.debug_info,"",%progbits
 285              	.Ldebug_info0:
 286 0000 B7020000 		.4byte	0x2b7
 287 0004 0400     		.2byte	0x4
 288 0006 00000000 		.4byte	.Ldebug_abbrev0
 289 000a 04       		.byte	0x4
 290 000b 01       		.uleb128 0x1
 291 000c 1C020000 		.4byte	.LASF34
 292 0010 0C       		.byte	0xc
 293 0011 78000000 		.4byte	.LASF35
 294 0015 26010000 		.4byte	.LASF36
 295 0019 00000000 		.4byte	.Ldebug_ranges0+0
 296 001d 00000000 		.4byte	0
 297 0021 00000000 		.4byte	.Ldebug_line0
 298 0025 02       		.uleb128 0x2
 299 0026 01       		.byte	0x1
 300 0027 06       		.byte	0x6
 301 0028 BA000000 		.4byte	.LASF0
 302 002c 02       		.uleb128 0x2
 303 002d 01       		.byte	0x1
 304 002e 08       		.byte	0x8
 305 002f A0000000 		.4byte	.LASF1
 306 0033 02       		.uleb128 0x2
 307 0034 02       		.byte	0x2
 308 0035 05       		.byte	0x5
 309 0036 00000000 		.4byte	.LASF2
 310 003a 02       		.uleb128 0x2
 311 003b 02       		.byte	0x2
 312 003c 07       		.byte	0x7
 313 003d 13010000 		.4byte	.LASF3
 314 0041 02       		.uleb128 0x2
 315 0042 04       		.byte	0x4
 316 0043 05       		.byte	0x5
ARM GAS  C:\Users\Tymek\AppData\Local\Temp\cc6jtnme.s 			page 11


 317 0044 68000000 		.4byte	.LASF4
 318 0048 02       		.uleb128 0x2
 319 0049 04       		.byte	0x4
 320 004a 07       		.byte	0x7
 321 004b D2010000 		.4byte	.LASF5
 322 004f 02       		.uleb128 0x2
 323 0050 08       		.byte	0x8
 324 0051 05       		.byte	0x5
 325 0052 4B000000 		.4byte	.LASF6
 326 0056 02       		.uleb128 0x2
 327 0057 08       		.byte	0x8
 328 0058 07       		.byte	0x7
 329 0059 D5000000 		.4byte	.LASF7
 330 005d 03       		.uleb128 0x3
 331 005e 04       		.byte	0x4
 332 005f 05       		.byte	0x5
 333 0060 696E7400 		.ascii	"int\000"
 334 0064 02       		.uleb128 0x2
 335 0065 04       		.byte	0x4
 336 0066 07       		.byte	0x7
 337 0067 F5000000 		.4byte	.LASF8
 338 006b 04       		.uleb128 0x4
 339 006c 3F000000 		.4byte	.LASF9
 340 0070 02       		.byte	0x2
 341 0071 D201     		.2byte	0x1d2
 342 0073 2C000000 		.4byte	0x2c
 343 0077 04       		.uleb128 0x4
 344 0078 38000000 		.4byte	.LASF10
 345 007c 02       		.byte	0x2
 346 007d D301     		.2byte	0x1d3
 347 007f 3A000000 		.4byte	0x3a
 348 0083 04       		.uleb128 0x4
 349 0084 BE010000 		.4byte	.LASF11
 350 0088 02       		.byte	0x2
 351 0089 D401     		.2byte	0x1d4
 352 008b 48000000 		.4byte	0x48
 353 008f 02       		.uleb128 0x2
 354 0090 04       		.byte	0x4
 355 0091 04       		.byte	0x4
 356 0092 45000000 		.4byte	.LASF12
 357 0096 02       		.uleb128 0x2
 358 0097 08       		.byte	0x8
 359 0098 04       		.byte	0x4
 360 0099 F7010000 		.4byte	.LASF13
 361 009d 04       		.uleb128 0x4
 362 009e 13000000 		.4byte	.LASF14
 363 00a2 02       		.byte	0x2
 364 00a3 E301     		.2byte	0x1e3
 365 00a5 A9000000 		.4byte	0xa9
 366 00a9 02       		.uleb128 0x2
 367 00aa 01       		.byte	0x1
 368 00ab 08       		.byte	0x8
 369 00ac 9D010000 		.4byte	.LASF15
 370 00b0 05       		.uleb128 0x5
 371 00b1 AA020000 		.4byte	.LASF37
 372 00b5 01       		.byte	0x1
 373 00b6 79       		.byte	0x79
ARM GAS  C:\Users\Tymek\AppData\Local\Temp\cc6jtnme.s 			page 12


 374 00b7 01       		.byte	0x1
 375 00b8 06       		.uleb128 0x6
 376 00b9 B0000000 		.4byte	0xb0
 377 00bd 00000000 		.4byte	.LFB1
 378 00c1 02000000 		.4byte	.LFE1-.LFB1
 379 00c5 01       		.uleb128 0x1
 380 00c6 9C       		.byte	0x9c
 381 00c7 07       		.uleb128 0x7
 382 00c8 29000000 		.4byte	.LASF18
 383 00cc 01       		.byte	0x1
 384 00cd 8D       		.byte	0x8d
 385 00ce 00000000 		.4byte	.LFB2
 386 00d2 1A000000 		.4byte	.LFE2-.LFB2
 387 00d6 01       		.uleb128 0x1
 388 00d7 9C       		.byte	0x9c
 389 00d8 13010000 		.4byte	0x113
 390 00dc 08       		.uleb128 0x8
 391 00dd 71000000 		.4byte	.LASF20
 392 00e1 01       		.byte	0x1
 393 00e2 8D       		.byte	0x8d
 394 00e3 13010000 		.4byte	0x113
 395 00e7 00000000 		.4byte	.LLST0
 396 00eb 09       		.uleb128 0x9
 397 00ec AE000000 		.4byte	.LASF16
 398 00f0 01       		.byte	0x1
 399 00f1 8F       		.byte	0x8f
 400 00f2 6B000000 		.4byte	0x6b
 401 00f6 2C000000 		.4byte	.LLST1
 402 00fa 09       		.uleb128 0x9
 403 00fb 0B010000 		.4byte	.LASF17
 404 00ff 01       		.byte	0x1
 405 0100 90       		.byte	0x90
 406 0101 9D000000 		.4byte	0x9d
 407 0105 56000000 		.4byte	.LLST2
 408 0109 0A       		.uleb128 0xa
 409 010a 10000000 		.4byte	.LVL2
 410 010e AF020000 		.4byte	0x2af
 411 0112 00       		.byte	0
 412 0113 0B       		.uleb128 0xb
 413 0114 04       		.byte	0x4
 414 0115 19010000 		.4byte	0x119
 415 0119 0C       		.uleb128 0xc
 416 011a 9D000000 		.4byte	0x9d
 417 011e 07       		.uleb128 0x7
 418 011f 04020000 		.4byte	.LASF19
 419 0123 01       		.byte	0x1
 420 0124 AB       		.byte	0xab
 421 0125 00000000 		.4byte	.LFB3
 422 0129 16000000 		.4byte	.LFE3-.LFB3
 423 012d 01       		.uleb128 0x1
 424 012e 9C       		.byte	0x9c
 425 012f 6A010000 		.4byte	0x16a
 426 0133 08       		.uleb128 0x8
 427 0134 FE010000 		.4byte	.LASF21
 428 0138 01       		.byte	0x1
 429 0139 AB       		.byte	0xab
 430 013a 6A010000 		.4byte	0x16a
ARM GAS  C:\Users\Tymek\AppData\Local\Temp\cc6jtnme.s 			page 13


 431 013e 74000000 		.4byte	.LLST3
 432 0142 08       		.uleb128 0x8
 433 0143 12020000 		.4byte	.LASF22
 434 0147 01       		.byte	0x1
 435 0148 AB       		.byte	0xab
 436 0149 83000000 		.4byte	0x83
 437 014d 95000000 		.4byte	.LLST4
 438 0151 09       		.uleb128 0x9
 439 0152 B3010000 		.4byte	.LASF23
 440 0156 01       		.byte	0x1
 441 0157 AD       		.byte	0xad
 442 0158 83000000 		.4byte	0x83
 443 015c B6000000 		.4byte	.LLST5
 444 0160 0A       		.uleb128 0xa
 445 0161 10000000 		.4byte	.LVL10
 446 0165 AF020000 		.4byte	0x2af
 447 0169 00       		.byte	0
 448 016a 0B       		.uleb128 0xb
 449 016b 04       		.byte	0x4
 450 016c 70010000 		.4byte	0x170
 451 0170 0C       		.uleb128 0xc
 452 0171 6B000000 		.4byte	0x6b
 453 0175 07       		.uleb128 0x7
 454 0176 19000000 		.4byte	.LASF24
 455 017a 01       		.byte	0x1
 456 017b C6       		.byte	0xc6
 457 017c 00000000 		.4byte	.LFB4
 458 0180 20000000 		.4byte	.LFE4-.LFB4
 459 0184 01       		.uleb128 0x1
 460 0185 9C       		.byte	0x9c
 461 0186 DD010000 		.4byte	0x1dd
 462 018a 08       		.uleb128 0x8
 463 018b 96000000 		.4byte	.LASF25
 464 018f 01       		.byte	0x1
 465 0190 C6       		.byte	0xc6
 466 0191 6B000000 		.4byte	0x6b
 467 0195 FF000000 		.4byte	.LLST6
 468 0199 0D       		.uleb128 0xd
 469 019a 02010000 		.4byte	.LASF26
 470 019e 01       		.byte	0x1
 471 019f C8       		.byte	0xc8
 472 01a0 F4010000 		.4byte	0x1f4
 473 01a4 05       		.uleb128 0x5
 474 01a5 03       		.byte	0x3
 475 01a6 00000000 		.4byte	UART_hex.4276
 476 01aa 0E       		.uleb128 0xe
 477 01ab 0E000000 		.4byte	.LVL15
 478 01af AF020000 		.4byte	0x2af
 479 01b3 C5010000 		.4byte	0x1c5
 480 01b7 0F       		.uleb128 0xf
 481 01b8 01       		.uleb128 0x1
 482 01b9 50       		.byte	0x50
 483 01ba 09       		.uleb128 0x9
 484 01bb 75       		.byte	0x75
 485 01bc 00       		.sleb128 0
 486 01bd 34       		.byte	0x34
 487 01be 25       		.byte	0x25
ARM GAS  C:\Users\Tymek\AppData\Local\Temp\cc6jtnme.s 			page 14


 488 01bf 74       		.byte	0x74
 489 01c0 00       		.sleb128 0
 490 01c1 22       		.byte	0x22
 491 01c2 94       		.byte	0x94
 492 01c3 01       		.byte	0x1
 493 01c4 00       		.byte	0
 494 01c5 10       		.uleb128 0x10
 495 01c6 18000000 		.4byte	.LVL16
 496 01ca AF020000 		.4byte	0x2af
 497 01ce 0F       		.uleb128 0xf
 498 01cf 01       		.uleb128 0x1
 499 01d0 50       		.byte	0x50
 500 01d1 09       		.uleb128 0x9
 501 01d2 75       		.byte	0x75
 502 01d3 00       		.sleb128 0
 503 01d4 3F       		.byte	0x3f
 504 01d5 1A       		.byte	0x1a
 505 01d6 74       		.byte	0x74
 506 01d7 00       		.sleb128 0
 507 01d8 22       		.byte	0x22
 508 01d9 94       		.byte	0x94
 509 01da 01       		.byte	0x1
 510 01db 00       		.byte	0
 511 01dc 00       		.byte	0
 512 01dd 11       		.uleb128 0x11
 513 01de 19010000 		.4byte	0x119
 514 01e2 ED010000 		.4byte	0x1ed
 515 01e6 12       		.uleb128 0x12
 516 01e7 ED010000 		.4byte	0x1ed
 517 01eb 10       		.byte	0x10
 518 01ec 00       		.byte	0
 519 01ed 02       		.uleb128 0x2
 520 01ee 04       		.byte	0x4
 521 01ef 07       		.byte	0x7
 522 01f0 0A000000 		.4byte	.LASF27
 523 01f4 0C       		.uleb128 0xc
 524 01f5 DD010000 		.4byte	0x1dd
 525 01f9 07       		.uleb128 0x7
 526 01fa 59000000 		.4byte	.LASF28
 527 01fe 01       		.byte	0x1
 528 01ff DF       		.byte	0xdf
 529 0200 00000000 		.4byte	.LFB5
 530 0204 12000000 		.4byte	.LFE5-.LFB5
 531 0208 01       		.uleb128 0x1
 532 0209 9C       		.byte	0x9c
 533 020a 44020000 		.4byte	0x244
 534 020e 08       		.uleb128 0x8
 535 020f EC000000 		.4byte	.LASF29
 536 0213 01       		.byte	0x1
 537 0214 DF       		.byte	0xdf
 538 0215 77000000 		.4byte	0x77
 539 0219 20010000 		.4byte	.LLST7
 540 021d 0E       		.uleb128 0xe
 541 021e 0A000000 		.4byte	.LVL19
 542 0222 75010000 		.4byte	0x175
 543 0226 33020000 		.4byte	0x233
 544 022a 0F       		.uleb128 0xf
ARM GAS  C:\Users\Tymek\AppData\Local\Temp\cc6jtnme.s 			page 15


 545 022b 01       		.uleb128 0x1
 546 022c 50       		.byte	0x50
 547 022d 04       		.uleb128 0x4
 548 022e 74       		.byte	0x74
 549 022f 00       		.sleb128 0
 550 0230 38       		.byte	0x38
 551 0231 25       		.byte	0x25
 552 0232 00       		.byte	0
 553 0233 10       		.uleb128 0x10
 554 0234 10000000 		.4byte	.LVL20
 555 0238 75010000 		.4byte	0x175
 556 023c 0F       		.uleb128 0xf
 557 023d 01       		.uleb128 0x1
 558 023e 50       		.byte	0x50
 559 023f 02       		.uleb128 0x2
 560 0240 74       		.byte	0x74
 561 0241 00       		.sleb128 0
 562 0242 00       		.byte	0
 563 0243 00       		.byte	0
 564 0244 07       		.uleb128 0x7
 565 0245 C5010000 		.4byte	.LASF30
 566 0249 01       		.byte	0x1
 567 024a F4       		.byte	0xf4
 568 024b 00000000 		.4byte	.LFB6
 569 024f 10000000 		.4byte	.LFE6-.LFB6
 570 0253 01       		.uleb128 0x1
 571 0254 9C       		.byte	0x9c
 572 0255 7C020000 		.4byte	0x27c
 573 0259 0E       		.uleb128 0xe
 574 025a 08000000 		.4byte	.LVL21
 575 025e AF020000 		.4byte	0x2af
 576 0262 6C020000 		.4byte	0x26c
 577 0266 0F       		.uleb128 0xf
 578 0267 01       		.uleb128 0x1
 579 0268 50       		.byte	0x50
 580 0269 01       		.uleb128 0x1
 581 026a 3D       		.byte	0x3d
 582 026b 00       		.byte	0
 583 026c 10       		.uleb128 0x10
 584 026d 0E000000 		.4byte	.LVL22
 585 0271 AF020000 		.4byte	0x2af
 586 0275 0F       		.uleb128 0xf
 587 0276 01       		.uleb128 0x1
 588 0277 50       		.byte	0x50
 589 0278 01       		.uleb128 0x1
 590 0279 3A       		.byte	0x3a
 591 027a 00       		.byte	0
 592 027b 00       		.byte	0
 593 027c 13       		.uleb128 0x13
 594 027d C6000000 		.4byte	.LASF31
 595 0281 01       		.byte	0x1
 596 0282 12       		.byte	0x12
 597 0283 83000000 		.4byte	0x83
 598 0287 05       		.uleb128 0x5
 599 0288 03       		.byte	0x3
 600 0289 00000000 		.4byte	UART_pinNumber
 601 028d 13       		.uleb128 0x13
ARM GAS  C:\Users\Tymek\AppData\Local\Temp\cc6jtnme.s 			page 16


 602 028e E4010000 		.4byte	.LASF32
 603 0292 01       		.byte	0x1
 604 0293 13       		.byte	0x13
 605 0294 83000000 		.4byte	0x83
 606 0298 05       		.uleb128 0x5
 607 0299 03       		.byte	0x3
 608 029a 00000000 		.4byte	UART_pinPortNumber
 609 029e 13       		.uleb128 0x13
 610 029f A2010000 		.4byte	.LASF33
 611 02a3 01       		.byte	0x1
 612 02a4 17       		.byte	0x17
 613 02a5 83000000 		.4byte	0x83
 614 02a9 05       		.uleb128 0x5
 615 02aa 03       		.byte	0x3
 616 02ab 00000000 		.4byte	UART_pinDrAdress
 617 02af 14       		.uleb128 0x14
 618 02b0 B4020000 		.4byte	.LASF38
 619 02b4 B4020000 		.4byte	.LASF38
 620 02b8 03       		.byte	0x3
 621 02b9 25       		.byte	0x25
 622 02ba 00       		.byte	0
 623              		.section	.debug_abbrev,"",%progbits
 624              	.Ldebug_abbrev0:
 625 0000 01       		.uleb128 0x1
 626 0001 11       		.uleb128 0x11
 627 0002 01       		.byte	0x1
 628 0003 25       		.uleb128 0x25
 629 0004 0E       		.uleb128 0xe
 630 0005 13       		.uleb128 0x13
 631 0006 0B       		.uleb128 0xb
 632 0007 03       		.uleb128 0x3
 633 0008 0E       		.uleb128 0xe
 634 0009 1B       		.uleb128 0x1b
 635 000a 0E       		.uleb128 0xe
 636 000b 55       		.uleb128 0x55
 637 000c 17       		.uleb128 0x17
 638 000d 11       		.uleb128 0x11
 639 000e 01       		.uleb128 0x1
 640 000f 10       		.uleb128 0x10
 641 0010 17       		.uleb128 0x17
 642 0011 00       		.byte	0
 643 0012 00       		.byte	0
 644 0013 02       		.uleb128 0x2
 645 0014 24       		.uleb128 0x24
 646 0015 00       		.byte	0
 647 0016 0B       		.uleb128 0xb
 648 0017 0B       		.uleb128 0xb
 649 0018 3E       		.uleb128 0x3e
 650 0019 0B       		.uleb128 0xb
 651 001a 03       		.uleb128 0x3
 652 001b 0E       		.uleb128 0xe
 653 001c 00       		.byte	0
 654 001d 00       		.byte	0
 655 001e 03       		.uleb128 0x3
 656 001f 24       		.uleb128 0x24
 657 0020 00       		.byte	0
 658 0021 0B       		.uleb128 0xb
ARM GAS  C:\Users\Tymek\AppData\Local\Temp\cc6jtnme.s 			page 17


 659 0022 0B       		.uleb128 0xb
 660 0023 3E       		.uleb128 0x3e
 661 0024 0B       		.uleb128 0xb
 662 0025 03       		.uleb128 0x3
 663 0026 08       		.uleb128 0x8
 664 0027 00       		.byte	0
 665 0028 00       		.byte	0
 666 0029 04       		.uleb128 0x4
 667 002a 16       		.uleb128 0x16
 668 002b 00       		.byte	0
 669 002c 03       		.uleb128 0x3
 670 002d 0E       		.uleb128 0xe
 671 002e 3A       		.uleb128 0x3a
 672 002f 0B       		.uleb128 0xb
 673 0030 3B       		.uleb128 0x3b
 674 0031 05       		.uleb128 0x5
 675 0032 49       		.uleb128 0x49
 676 0033 13       		.uleb128 0x13
 677 0034 00       		.byte	0
 678 0035 00       		.byte	0
 679 0036 05       		.uleb128 0x5
 680 0037 2E       		.uleb128 0x2e
 681 0038 00       		.byte	0
 682 0039 3F       		.uleb128 0x3f
 683 003a 19       		.uleb128 0x19
 684 003b 03       		.uleb128 0x3
 685 003c 0E       		.uleb128 0xe
 686 003d 3A       		.uleb128 0x3a
 687 003e 0B       		.uleb128 0xb
 688 003f 3B       		.uleb128 0x3b
 689 0040 0B       		.uleb128 0xb
 690 0041 27       		.uleb128 0x27
 691 0042 19       		.uleb128 0x19
 692 0043 20       		.uleb128 0x20
 693 0044 0B       		.uleb128 0xb
 694 0045 00       		.byte	0
 695 0046 00       		.byte	0
 696 0047 06       		.uleb128 0x6
 697 0048 2E       		.uleb128 0x2e
 698 0049 00       		.byte	0
 699 004a 31       		.uleb128 0x31
 700 004b 13       		.uleb128 0x13
 701 004c 11       		.uleb128 0x11
 702 004d 01       		.uleb128 0x1
 703 004e 12       		.uleb128 0x12
 704 004f 06       		.uleb128 0x6
 705 0050 40       		.uleb128 0x40
 706 0051 18       		.uleb128 0x18
 707 0052 9742     		.uleb128 0x2117
 708 0054 19       		.uleb128 0x19
 709 0055 00       		.byte	0
 710 0056 00       		.byte	0
 711 0057 07       		.uleb128 0x7
 712 0058 2E       		.uleb128 0x2e
 713 0059 01       		.byte	0x1
 714 005a 3F       		.uleb128 0x3f
 715 005b 19       		.uleb128 0x19
ARM GAS  C:\Users\Tymek\AppData\Local\Temp\cc6jtnme.s 			page 18


 716 005c 03       		.uleb128 0x3
 717 005d 0E       		.uleb128 0xe
 718 005e 3A       		.uleb128 0x3a
 719 005f 0B       		.uleb128 0xb
 720 0060 3B       		.uleb128 0x3b
 721 0061 0B       		.uleb128 0xb
 722 0062 27       		.uleb128 0x27
 723 0063 19       		.uleb128 0x19
 724 0064 11       		.uleb128 0x11
 725 0065 01       		.uleb128 0x1
 726 0066 12       		.uleb128 0x12
 727 0067 06       		.uleb128 0x6
 728 0068 40       		.uleb128 0x40
 729 0069 18       		.uleb128 0x18
 730 006a 9742     		.uleb128 0x2117
 731 006c 19       		.uleb128 0x19
 732 006d 01       		.uleb128 0x1
 733 006e 13       		.uleb128 0x13
 734 006f 00       		.byte	0
 735 0070 00       		.byte	0
 736 0071 08       		.uleb128 0x8
 737 0072 05       		.uleb128 0x5
 738 0073 00       		.byte	0
 739 0074 03       		.uleb128 0x3
 740 0075 0E       		.uleb128 0xe
 741 0076 3A       		.uleb128 0x3a
 742 0077 0B       		.uleb128 0xb
 743 0078 3B       		.uleb128 0x3b
 744 0079 0B       		.uleb128 0xb
 745 007a 49       		.uleb128 0x49
 746 007b 13       		.uleb128 0x13
 747 007c 02       		.uleb128 0x2
 748 007d 17       		.uleb128 0x17
 749 007e 00       		.byte	0
 750 007f 00       		.byte	0
 751 0080 09       		.uleb128 0x9
 752 0081 34       		.uleb128 0x34
 753 0082 00       		.byte	0
 754 0083 03       		.uleb128 0x3
 755 0084 0E       		.uleb128 0xe
 756 0085 3A       		.uleb128 0x3a
 757 0086 0B       		.uleb128 0xb
 758 0087 3B       		.uleb128 0x3b
 759 0088 0B       		.uleb128 0xb
 760 0089 49       		.uleb128 0x49
 761 008a 13       		.uleb128 0x13
 762 008b 02       		.uleb128 0x2
 763 008c 17       		.uleb128 0x17
 764 008d 00       		.byte	0
 765 008e 00       		.byte	0
 766 008f 0A       		.uleb128 0xa
 767 0090 898201   		.uleb128 0x4109
 768 0093 00       		.byte	0
 769 0094 11       		.uleb128 0x11
 770 0095 01       		.uleb128 0x1
 771 0096 31       		.uleb128 0x31
 772 0097 13       		.uleb128 0x13
ARM GAS  C:\Users\Tymek\AppData\Local\Temp\cc6jtnme.s 			page 19


 773 0098 00       		.byte	0
 774 0099 00       		.byte	0
 775 009a 0B       		.uleb128 0xb
 776 009b 0F       		.uleb128 0xf
 777 009c 00       		.byte	0
 778 009d 0B       		.uleb128 0xb
 779 009e 0B       		.uleb128 0xb
 780 009f 49       		.uleb128 0x49
 781 00a0 13       		.uleb128 0x13
 782 00a1 00       		.byte	0
 783 00a2 00       		.byte	0
 784 00a3 0C       		.uleb128 0xc
 785 00a4 26       		.uleb128 0x26
 786 00a5 00       		.byte	0
 787 00a6 49       		.uleb128 0x49
 788 00a7 13       		.uleb128 0x13
 789 00a8 00       		.byte	0
 790 00a9 00       		.byte	0
 791 00aa 0D       		.uleb128 0xd
 792 00ab 34       		.uleb128 0x34
 793 00ac 00       		.byte	0
 794 00ad 03       		.uleb128 0x3
 795 00ae 0E       		.uleb128 0xe
 796 00af 3A       		.uleb128 0x3a
 797 00b0 0B       		.uleb128 0xb
 798 00b1 3B       		.uleb128 0x3b
 799 00b2 0B       		.uleb128 0xb
 800 00b3 49       		.uleb128 0x49
 801 00b4 13       		.uleb128 0x13
 802 00b5 02       		.uleb128 0x2
 803 00b6 18       		.uleb128 0x18
 804 00b7 00       		.byte	0
 805 00b8 00       		.byte	0
 806 00b9 0E       		.uleb128 0xe
 807 00ba 898201   		.uleb128 0x4109
 808 00bd 01       		.byte	0x1
 809 00be 11       		.uleb128 0x11
 810 00bf 01       		.uleb128 0x1
 811 00c0 31       		.uleb128 0x31
 812 00c1 13       		.uleb128 0x13
 813 00c2 01       		.uleb128 0x1
 814 00c3 13       		.uleb128 0x13
 815 00c4 00       		.byte	0
 816 00c5 00       		.byte	0
 817 00c6 0F       		.uleb128 0xf
 818 00c7 8A8201   		.uleb128 0x410a
 819 00ca 00       		.byte	0
 820 00cb 02       		.uleb128 0x2
 821 00cc 18       		.uleb128 0x18
 822 00cd 9142     		.uleb128 0x2111
 823 00cf 18       		.uleb128 0x18
 824 00d0 00       		.byte	0
 825 00d1 00       		.byte	0
 826 00d2 10       		.uleb128 0x10
 827 00d3 898201   		.uleb128 0x4109
 828 00d6 01       		.byte	0x1
 829 00d7 11       		.uleb128 0x11
ARM GAS  C:\Users\Tymek\AppData\Local\Temp\cc6jtnme.s 			page 20


 830 00d8 01       		.uleb128 0x1
 831 00d9 31       		.uleb128 0x31
 832 00da 13       		.uleb128 0x13
 833 00db 00       		.byte	0
 834 00dc 00       		.byte	0
 835 00dd 11       		.uleb128 0x11
 836 00de 01       		.uleb128 0x1
 837 00df 01       		.byte	0x1
 838 00e0 49       		.uleb128 0x49
 839 00e1 13       		.uleb128 0x13
 840 00e2 01       		.uleb128 0x1
 841 00e3 13       		.uleb128 0x13
 842 00e4 00       		.byte	0
 843 00e5 00       		.byte	0
 844 00e6 12       		.uleb128 0x12
 845 00e7 21       		.uleb128 0x21
 846 00e8 00       		.byte	0
 847 00e9 49       		.uleb128 0x49
 848 00ea 13       		.uleb128 0x13
 849 00eb 2F       		.uleb128 0x2f
 850 00ec 0B       		.uleb128 0xb
 851 00ed 00       		.byte	0
 852 00ee 00       		.byte	0
 853 00ef 13       		.uleb128 0x13
 854 00f0 34       		.uleb128 0x34
 855 00f1 00       		.byte	0
 856 00f2 03       		.uleb128 0x3
 857 00f3 0E       		.uleb128 0xe
 858 00f4 3A       		.uleb128 0x3a
 859 00f5 0B       		.uleb128 0xb
 860 00f6 3B       		.uleb128 0x3b
 861 00f7 0B       		.uleb128 0xb
 862 00f8 49       		.uleb128 0x49
 863 00f9 13       		.uleb128 0x13
 864 00fa 3F       		.uleb128 0x3f
 865 00fb 19       		.uleb128 0x19
 866 00fc 02       		.uleb128 0x2
 867 00fd 18       		.uleb128 0x18
 868 00fe 00       		.byte	0
 869 00ff 00       		.byte	0
 870 0100 14       		.uleb128 0x14
 871 0101 2E       		.uleb128 0x2e
 872 0102 00       		.byte	0
 873 0103 3F       		.uleb128 0x3f
 874 0104 19       		.uleb128 0x19
 875 0105 3C       		.uleb128 0x3c
 876 0106 19       		.uleb128 0x19
 877 0107 6E       		.uleb128 0x6e
 878 0108 0E       		.uleb128 0xe
 879 0109 03       		.uleb128 0x3
 880 010a 0E       		.uleb128 0xe
 881 010b 3A       		.uleb128 0x3a
 882 010c 0B       		.uleb128 0xb
 883 010d 3B       		.uleb128 0x3b
 884 010e 0B       		.uleb128 0xb
 885 010f 00       		.byte	0
 886 0110 00       		.byte	0
ARM GAS  C:\Users\Tymek\AppData\Local\Temp\cc6jtnme.s 			page 21


 887 0111 00       		.byte	0
 888              		.section	.debug_loc,"",%progbits
 889              	.Ldebug_loc0:
 890              	.LLST0:
 891 0000 00000000 		.4byte	.LVL0
 892 0004 08000000 		.4byte	.LVL1
 893 0008 0100     		.2byte	0x1
 894 000a 50       		.byte	0x50
 895 000b 08000000 		.4byte	.LVL1
 896 000f 18000000 		.4byte	.LVL7
 897 0013 0100     		.2byte	0x1
 898 0015 55       		.byte	0x55
 899 0016 18000000 		.4byte	.LVL7
 900 001a 1A000000 		.4byte	.LFE2
 901 001e 0400     		.2byte	0x4
 902 0020 F3       		.byte	0xf3
 903 0021 01       		.uleb128 0x1
 904 0022 50       		.byte	0x50
 905 0023 9F       		.byte	0x9f
 906 0024 00000000 		.4byte	0
 907 0028 00000000 		.4byte	0
 908              	.LLST1:
 909 002c 00000000 		.4byte	.LVL0
 910 0030 08000000 		.4byte	.LVL1
 911 0034 0200     		.2byte	0x2
 912 0036 31       		.byte	0x31
 913 0037 9F       		.byte	0x9f
 914 0038 08000000 		.4byte	.LVL1
 915 003c 14000000 		.4byte	.LVL4
 916 0040 0100     		.2byte	0x1
 917 0042 54       		.byte	0x54
 918 0043 16000000 		.4byte	.LVL5
 919 0047 18000000 		.4byte	.LVL6
 920 004b 0100     		.2byte	0x1
 921 004d 54       		.byte	0x54
 922 004e 00000000 		.4byte	0
 923 0052 00000000 		.4byte	0
 924              	.LLST2:
 925 0056 08000000 		.4byte	.LVL1
 926 005a 0F000000 		.4byte	.LVL2-1
 927 005e 0100     		.2byte	0x1
 928 0060 50       		.byte	0x50
 929 0061 12000000 		.4byte	.LVL3
 930 0065 1A000000 		.4byte	.LFE2
 931 0069 0100     		.2byte	0x1
 932 006b 50       		.byte	0x50
 933 006c 00000000 		.4byte	0
 934 0070 00000000 		.4byte	0
 935              	.LLST3:
 936 0074 00000000 		.4byte	.LVL8
 937 0078 06000000 		.4byte	.LVL9
 938 007c 0100     		.2byte	0x1
 939 007e 50       		.byte	0x50
 940 007f 06000000 		.4byte	.LVL9
 941 0083 16000000 		.4byte	.LFE3
 942 0087 0400     		.2byte	0x4
 943 0089 F3       		.byte	0xf3
ARM GAS  C:\Users\Tymek\AppData\Local\Temp\cc6jtnme.s 			page 22


 944 008a 01       		.uleb128 0x1
 945 008b 50       		.byte	0x50
 946 008c 9F       		.byte	0x9f
 947 008d 00000000 		.4byte	0
 948 0091 00000000 		.4byte	0
 949              	.LLST4:
 950 0095 00000000 		.4byte	.LVL8
 951 0099 06000000 		.4byte	.LVL9
 952 009d 0100     		.2byte	0x1
 953 009f 51       		.byte	0x51
 954 00a0 06000000 		.4byte	.LVL9
 955 00a4 16000000 		.4byte	.LFE3
 956 00a8 0400     		.2byte	0x4
 957 00aa F3       		.byte	0xf3
 958 00ab 01       		.uleb128 0x1
 959 00ac 51       		.byte	0x51
 960 00ad 9F       		.byte	0x9f
 961 00ae 00000000 		.4byte	0
 962 00b2 00000000 		.4byte	0
 963              	.LLST5:
 964 00b6 00000000 		.4byte	.LVL8
 965 00ba 06000000 		.4byte	.LVL9
 966 00be 0200     		.2byte	0x2
 967 00c0 30       		.byte	0x30
 968 00c1 9F       		.byte	0x9f
 969 00c2 06000000 		.4byte	.LVL9
 970 00c6 10000000 		.4byte	.LVL10
 971 00ca 0700     		.2byte	0x7
 972 00cc 74       		.byte	0x74
 973 00cd 00       		.sleb128 0
 974 00ce F3       		.byte	0xf3
 975 00cf 01       		.uleb128 0x1
 976 00d0 50       		.byte	0x50
 977 00d1 1C       		.byte	0x1c
 978 00d2 9F       		.byte	0x9f
 979 00d3 10000000 		.4byte	.LVL10
 980 00d7 12000000 		.4byte	.LVL11
 981 00db 0900     		.2byte	0x9
 982 00dd 74       		.byte	0x74
 983 00de 00       		.sleb128 0
 984 00df F3       		.byte	0xf3
 985 00e0 01       		.uleb128 0x1
 986 00e1 50       		.byte	0x50
 987 00e2 1C       		.byte	0x1c
 988 00e3 23       		.byte	0x23
 989 00e4 01       		.uleb128 0x1
 990 00e5 9F       		.byte	0x9f
 991 00e6 12000000 		.4byte	.LVL11
 992 00ea 14000000 		.4byte	.LVL12
 993 00ee 0700     		.2byte	0x7
 994 00f0 74       		.byte	0x74
 995 00f1 00       		.sleb128 0
 996 00f2 F3       		.byte	0xf3
 997 00f3 01       		.uleb128 0x1
 998 00f4 50       		.byte	0x50
 999 00f5 1C       		.byte	0x1c
 1000 00f6 9F       		.byte	0x9f
ARM GAS  C:\Users\Tymek\AppData\Local\Temp\cc6jtnme.s 			page 23


 1001 00f7 00000000 		.4byte	0
 1002 00fb 00000000 		.4byte	0
 1003              	.LLST6:
 1004 00ff 00000000 		.4byte	.LVL13
 1005 0103 0A000000 		.4byte	.LVL14
 1006 0107 0100     		.2byte	0x1
 1007 0109 50       		.byte	0x50
 1008 010a 0A000000 		.4byte	.LVL14
 1009 010e 20000000 		.4byte	.LFE4
 1010 0112 0400     		.2byte	0x4
 1011 0114 F3       		.byte	0xf3
 1012 0115 01       		.uleb128 0x1
 1013 0116 50       		.byte	0x50
 1014 0117 9F       		.byte	0x9f
 1015 0118 00000000 		.4byte	0
 1016 011c 00000000 		.4byte	0
 1017              	.LLST7:
 1018 0120 00000000 		.4byte	.LVL17
 1019 0124 06000000 		.4byte	.LVL18
 1020 0128 0100     		.2byte	0x1
 1021 012a 50       		.byte	0x50
 1022 012b 06000000 		.4byte	.LVL18
 1023 012f 12000000 		.4byte	.LFE5
 1024 0133 0400     		.2byte	0x4
 1025 0135 F3       		.byte	0xf3
 1026 0136 01       		.uleb128 0x1
 1027 0137 50       		.byte	0x50
 1028 0138 9F       		.byte	0x9f
 1029 0139 00000000 		.4byte	0
 1030 013d 00000000 		.4byte	0
 1031              		.section	.debug_aranges,"",%progbits
 1032 0000 44000000 		.4byte	0x44
 1033 0004 0200     		.2byte	0x2
 1034 0006 00000000 		.4byte	.Ldebug_info0
 1035 000a 04       		.byte	0x4
 1036 000b 00       		.byte	0
 1037 000c 0000     		.2byte	0
 1038 000e 0000     		.2byte	0
 1039 0010 00000000 		.4byte	.LFB1
 1040 0014 02000000 		.4byte	.LFE1-.LFB1
 1041 0018 00000000 		.4byte	.LFB2
 1042 001c 1A000000 		.4byte	.LFE2-.LFB2
 1043 0020 00000000 		.4byte	.LFB3
 1044 0024 16000000 		.4byte	.LFE3-.LFB3
 1045 0028 00000000 		.4byte	.LFB4
 1046 002c 20000000 		.4byte	.LFE4-.LFB4
 1047 0030 00000000 		.4byte	.LFB5
 1048 0034 12000000 		.4byte	.LFE5-.LFB5
 1049 0038 00000000 		.4byte	.LFB6
 1050 003c 10000000 		.4byte	.LFE6-.LFB6
 1051 0040 00000000 		.4byte	0
 1052 0044 00000000 		.4byte	0
 1053              		.section	.debug_ranges,"",%progbits
 1054              	.Ldebug_ranges0:
 1055 0000 00000000 		.4byte	.LFB1
 1056 0004 02000000 		.4byte	.LFE1
 1057 0008 00000000 		.4byte	.LFB2
ARM GAS  C:\Users\Tymek\AppData\Local\Temp\cc6jtnme.s 			page 24


 1058 000c 1A000000 		.4byte	.LFE2
 1059 0010 00000000 		.4byte	.LFB3
 1060 0014 16000000 		.4byte	.LFE3
 1061 0018 00000000 		.4byte	.LFB4
 1062 001c 20000000 		.4byte	.LFE4
 1063 0020 00000000 		.4byte	.LFB5
 1064 0024 12000000 		.4byte	.LFE5
 1065 0028 00000000 		.4byte	.LFB6
 1066 002c 10000000 		.4byte	.LFE6
 1067 0030 00000000 		.4byte	0
 1068 0034 00000000 		.4byte	0
 1069              		.section	.debug_line,"",%progbits
 1070              	.Ldebug_line0:
 1071 0000 D1000000 		.section	.debug_str,"MS",%progbits,1
 1071      02004B00 
 1071      00000201 
 1071      FB0E0D00 
 1071      01010101 
 1072              	.LASF2:
 1073 0000 73686F72 		.ascii	"short int\000"
 1073      7420696E 
 1073      7400
 1074              	.LASF27:
 1075 000a 73697A65 		.ascii	"sizetype\000"
 1075      74797065 
 1075      00
 1076              	.LASF14:
 1077 0013 63686172 		.ascii	"char8\000"
 1077      3800
 1078              	.LASF24:
 1079 0019 55415254 		.ascii	"UART_PutHexByte\000"
 1079      5F507574 
 1079      48657842 
 1079      79746500 
 1080              	.LASF18:
 1081 0029 55415254 		.ascii	"UART_PutString\000"
 1081      5F507574 
 1081      53747269 
 1081      6E6700
 1082              	.LASF10:
 1083 0038 75696E74 		.ascii	"uint16\000"
 1083      313600
 1084              	.LASF9:
 1085 003f 75696E74 		.ascii	"uint8\000"
 1085      3800
 1086              	.LASF12:
 1087 0045 666C6F61 		.ascii	"float\000"
 1087      7400
 1088              	.LASF6:
 1089 004b 6C6F6E67 		.ascii	"long long int\000"
 1089      206C6F6E 
 1089      6720696E 
 1089      7400
 1090              	.LASF28:
 1091 0059 55415254 		.ascii	"UART_PutHexInt\000"
 1091      5F507574 
 1091      48657849 
ARM GAS  C:\Users\Tymek\AppData\Local\Temp\cc6jtnme.s 			page 25


 1091      6E7400
 1092              	.LASF4:
 1093 0068 6C6F6E67 		.ascii	"long int\000"
 1093      20696E74 
 1093      00
 1094              	.LASF20:
 1095 0071 73747269 		.ascii	"string\000"
 1095      6E6700
 1096              	.LASF35:
 1097 0078 47656E65 		.ascii	"Generated_Source\\PSoC4\\UART.c\000"
 1097      72617465 
 1097      645F536F 
 1097      75726365 
 1097      5C50536F 
 1098              	.LASF25:
 1099 0096 74784865 		.ascii	"txHexByte\000"
 1099      78427974 
 1099      6500
 1100              	.LASF1:
 1101 00a0 756E7369 		.ascii	"unsigned char\000"
 1101      676E6564 
 1101      20636861 
 1101      7200
 1102              	.LASF16:
 1103 00ae 73747269 		.ascii	"stringIndex\000"
 1103      6E67496E 
 1103      64657800 
 1104              	.LASF0:
 1105 00ba 7369676E 		.ascii	"signed char\000"
 1105      65642063 
 1105      68617200 
 1106              	.LASF31:
 1107 00c6 55415254 		.ascii	"UART_pinNumber\000"
 1107      5F70696E 
 1107      4E756D62 
 1107      657200
 1108              	.LASF7:
 1109 00d5 6C6F6E67 		.ascii	"long long unsigned int\000"
 1109      206C6F6E 
 1109      6720756E 
 1109      7369676E 
 1109      65642069 
 1110              	.LASF29:
 1111 00ec 74784865 		.ascii	"txHexInt\000"
 1111      78496E74 
 1111      00
 1112              	.LASF8:
 1113 00f5 756E7369 		.ascii	"unsigned int\000"
 1113      676E6564 
 1113      20696E74 
 1113      00
 1114              	.LASF26:
 1115 0102 55415254 		.ascii	"UART_hex\000"
 1115      5F686578 
 1115      00
 1116              	.LASF17:
 1117 010b 63757272 		.ascii	"current\000"
ARM GAS  C:\Users\Tymek\AppData\Local\Temp\cc6jtnme.s 			page 26


 1117      656E7400 
 1118              	.LASF3:
 1119 0113 73686F72 		.ascii	"short unsigned int\000"
 1119      7420756E 
 1119      7369676E 
 1119      65642069 
 1119      6E7400
 1120              	.LASF36:
 1121 0126 433A5C55 		.ascii	"C:\\Users\\Tymek\\Documents\\EE\\Programming\\PSoC\\"
 1121      73657273 
 1121      5C54796D 
 1121      656B5C44 
 1121      6F63756D 
 1122 0153 4359424C 		.ascii	"CYBLE-224110-00_Clock_OTA\\BLE_OTA_UpgradableStackE"
 1122      452D3232 
 1122      34313130 
 1122      2D30305F 
 1122      436C6F63 
 1123 0185 78616D70 		.ascii	"xample_Launcher01.cydsn\000"
 1123      6C655F4C 
 1123      61756E63 
 1123      68657230 
 1123      312E6379 
 1124              	.LASF15:
 1125 019d 63686172 		.ascii	"char\000"
 1125      00
 1126              	.LASF33:
 1127 01a2 55415254 		.ascii	"UART_pinDrAdress\000"
 1127      5F70696E 
 1127      44724164 
 1127      72657373 
 1127      00
 1128              	.LASF23:
 1129 01b3 61727261 		.ascii	"arrayIndex\000"
 1129      79496E64 
 1129      657800
 1130              	.LASF11:
 1131 01be 75696E74 		.ascii	"uint32\000"
 1131      333200
 1132              	.LASF30:
 1133 01c5 55415254 		.ascii	"UART_PutCRLF\000"
 1133      5F507574 
 1133      43524C46 
 1133      00
 1134              	.LASF5:
 1135 01d2 6C6F6E67 		.ascii	"long unsigned int\000"
 1135      20756E73 
 1135      69676E65 
 1135      6420696E 
 1135      7400
 1136              	.LASF32:
 1137 01e4 55415254 		.ascii	"UART_pinPortNumber\000"
 1137      5F70696E 
 1137      506F7274 
 1137      4E756D62 
 1137      657200
 1138              	.LASF13:
ARM GAS  C:\Users\Tymek\AppData\Local\Temp\cc6jtnme.s 			page 27


 1139 01f7 646F7562 		.ascii	"double\000"
 1139      6C6500
 1140              	.LASF21:
 1141 01fe 61727261 		.ascii	"array\000"
 1141      7900
 1142              	.LASF19:
 1143 0204 55415254 		.ascii	"UART_PutArray\000"
 1143      5F507574 
 1143      41727261 
 1143      7900
 1144              	.LASF22:
 1145 0212 62797465 		.ascii	"byteCount\000"
 1145      436F756E 
 1145      7400
 1146              	.LASF34:
 1147 021c 474E5520 		.ascii	"GNU C11 5.4.1 20160609 (release) [ARM/embedded-5-br"
 1147      43313120 
 1147      352E342E 
 1147      31203230 
 1147      31363036 
 1148 024f 616E6368 		.ascii	"anch revision 237715] -mcpu=cortex-m0 -mthumb -g -O"
 1148      20726576 
 1148      6973696F 
 1148      6E203233 
 1148      37373135 
 1149 0282 73202D66 		.ascii	"s -ffunction-sections -ffat-lto-objects\000"
 1149      66756E63 
 1149      74696F6E 
 1149      2D736563 
 1149      74696F6E 
 1150              	.LASF37:
 1151 02aa 55415254 		.ascii	"UART_Stop\000"
 1151      5F53746F 
 1151      7000
 1152              	.LASF38:
 1153 02b4 55415254 		.ascii	"UART_PutChar\000"
 1153      5F507574 
 1153      43686172 
 1153      00
 1154              		.ident	"GCC: (GNU Tools for ARM Embedded Processors) 5.4.1 20160609 (release) [ARM/embedded-5-bran
